Component: ARM Compiler 5.06 update 7 (build 960) Tool: armlink [4d3601]

==============================================================================

Section Cross References

    startup_stm32f427xx.o(RESET) refers to startup_stm32f427xx.o(STACK) for __initial_sp
    startup_stm32f427xx.o(RESET) refers to startup_stm32f427xx.o(.text) for Reset_Handler
    startup_stm32f427xx.o(RESET) refers to stm32f4xx_it.o(i.NMI_Handler) for NMI_Handler
    startup_stm32f427xx.o(RESET) refers to stm32f4xx_it.o(i.HardFault_Handler) for HardFault_Handler
    startup_stm32f427xx.o(RESET) refers to stm32f4xx_it.o(i.MemManage_Handler) for MemManage_Handler
    startup_stm32f427xx.o(RESET) refers to stm32f4xx_it.o(i.BusFault_Handler) for BusFault_Handler
    startup_stm32f427xx.o(RESET) refers to stm32f4xx_it.o(i.UsageFault_Handler) for UsageFault_Handler
    startup_stm32f427xx.o(RESET) refers to stm32f4xx_it.o(i.SVC_Handler) for SVC_Handler
    startup_stm32f427xx.o(RESET) refers to stm32f4xx_it.o(i.DebugMon_Handler) for DebugMon_Handler
    startup_stm32f427xx.o(RESET) refers to stm32f4xx_it.o(i.PendSV_Handler) for PendSV_Handler
    startup_stm32f427xx.o(RESET) refers to stm32f4xx_it.o(i.SysTick_Handler) for SysTick_Handler
    startup_stm32f427xx.o(RESET) refers to bsp_485_rfid.o(i.DMA1_Stream0_IRQHandler) for DMA1_Stream0_IRQHandler
    startup_stm32f427xx.o(RESET) refers to bsp_485_server.o(i.DMA1_Stream1_IRQHandler) for DMA1_Stream1_IRQHandler
    startup_stm32f427xx.o(RESET) refers to bsp_485_server.o(i.DMA1_Stream3_IRQHandler) for DMA1_Stream3_IRQHandler
    startup_stm32f427xx.o(RESET) refers to stm32f4xx_it.o(i.CAN1_TX_IRQHandler) for CAN1_TX_IRQHandler
    startup_stm32f427xx.o(RESET) refers to stm32f4xx_it.o(i.CAN1_RX0_IRQHandler) for CAN1_RX0_IRQHandler
    startup_stm32f427xx.o(RESET) refers to stm32f4xx_it.o(i.TIM2_IRQHandler) for TIM2_IRQHandler
    startup_stm32f427xx.o(RESET) refers to bsp_rc.o(i.USART1_IRQHandler) for USART1_IRQHandler
    startup_stm32f427xx.o(RESET) refers to stm32f4xx_it.o(i.CAN2_TX_IRQHandler) for CAN2_TX_IRQHandler
    startup_stm32f427xx.o(RESET) refers to stm32f4xx_it.o(i.CAN2_RX0_IRQHandler) for CAN2_RX0_IRQHandler
    startup_stm32f427xx.o(RESET) refers to bsp_485_battery.o(i.DMA2_Stream6_IRQHandler) for DMA2_Stream6_IRQHandler
    startup_stm32f427xx.o(RESET) refers to bsp_485_battery.o(i.USART6_IRQHandler) for USART6_IRQHandler
    startup_stm32f427xx.o(RESET) refers to bsp_485_server.o(i.UART7_IRQHandler) for UART7_IRQHandler
    startup_stm32f427xx.o(RESET) refers to bsp_485_rfid.o(i.UART8_IRQHandler) for UART8_IRQHandler
    startup_stm32f427xx.o(.text) refers to system_stm32f4xx.o(i.SystemInit) for SystemInit
    startup_stm32f427xx.o(.text) refers to entry.o(.ARM.Collect$$$$00000000) for __main
    main.o(i.Get_tick) refers to main.o(.data) for .data
    main.o(i.SystemClock_Config) refers to memseta.o(.text) for __aeabi_memclr4
    main.o(i.SystemClock_Config) refers to stm32f4xx_hal_rcc.o(i.HAL_RCC_OscConfig) for HAL_RCC_OscConfig
    main.o(i.SystemClock_Config) refers to stm32f4xx_hal_rcc.o(i.HAL_RCC_ClockConfig) for HAL_RCC_ClockConfig
    main.o(i.main) refers to stm32f4xx_hal.o(i.HAL_Init) for HAL_Init
    main.o(i.main) refers to main.o(i.SystemClock_Config) for SystemClock_Config
    main.o(i.main) refers to time.o(i.Time_Init) for Time_Init
    main.o(i.main) refers to chassiscontroller.o(i.Init) for Init
    main.o(i.main) refers to printfa.o(i.__0printf) for __2printf
    can.o(i.HAL_CAN_MspDeInit) refers to stm32f4xx_hal_gpio.o(i.HAL_GPIO_DeInit) for HAL_GPIO_DeInit
    can.o(i.HAL_CAN_MspDeInit) refers to stm32f4xx_hal_cortex.o(i.HAL_NVIC_DisableIRQ) for HAL_NVIC_DisableIRQ
    can.o(i.HAL_CAN_MspDeInit) refers to can.o(.data) for .data
    can.o(i.HAL_CAN_MspInit) refers to memseta.o(.text) for __aeabi_memclr4
    can.o(i.HAL_CAN_MspInit) refers to stm32f4xx_hal_gpio.o(i.HAL_GPIO_Init) for HAL_GPIO_Init
    can.o(i.HAL_CAN_MspInit) refers to stm32f4xx_hal_cortex.o(i.HAL_NVIC_SetPriority) for HAL_NVIC_SetPriority
    can.o(i.HAL_CAN_MspInit) refers to stm32f4xx_hal_cortex.o(i.HAL_NVIC_EnableIRQ) for HAL_NVIC_EnableIRQ
    can.o(i.HAL_CAN_MspInit) refers to can.o(.data) for .data
    can.o(i.HAL_CAN_MspInit) refers to can.o(.bss) for .bss
    can.o(i.MX_CAN1_Init) refers to stm32f4xx_hal_can.o(i.HAL_CAN_Init) for HAL_CAN_Init
    can.o(i.MX_CAN1_Init) refers to main.o(i.Error_Handler) for Error_Handler
    can.o(i.MX_CAN1_Init) refers to can.o(.bss) for .bss
    can.o(i.MX_CAN2_Init) refers to stm32f4xx_hal_can.o(i.HAL_CAN_Init) for HAL_CAN_Init
    can.o(i.MX_CAN2_Init) refers to main.o(i.Error_Handler) for Error_Handler
    can.o(i.MX_CAN2_Init) refers to can.o(.bss) for .bss
    stm32f4xx_it.o(i.CAN1_RX0_IRQHandler) refers to stm32f4xx_hal_can.o(i.HAL_CAN_IRQHandler) for HAL_CAN_IRQHandler
    stm32f4xx_it.o(i.CAN1_RX0_IRQHandler) refers to can.o(.bss) for hcan1
[...]
    TIM7_IRQHandler                          0x080001df   Thumb Code     0  startup_stm32f427xx.o(.text)
    TIM8_BRK_TIM12_IRQHandler                0x080001df   Thumb Code     0  startup_stm32f427xx.o(.text)
    TIM8_CC_IRQHandler                       0x080001df   Thumb Code     0  startup_stm32f427xx.o(.text)
    TIM8_TRG_COM_TIM14_IRQHandler            0x080001df   Thumb Code     0  startup_stm32f427xx.o(.text)
    TIM8_UP_TIM13_IRQHandler                 0x080001df   Thumb Code     0  startup_stm32f427xx.o(.text)
    UART4_IRQHandler                         0x080001df   Thumb Code     0  startup_stm32f427xx.o(.text)
    UART5_IRQHandler                         0x080001df   Thumb Code     0  startup_stm32f427xx.o(.text)
    USART2_IRQHandler                        0x080001df   Thumb Code     0  startup_stm32f427xx.o(.text)
    USART3_IRQHandler                        0x080001df   Thumb Code     0  startup_stm32f427xx.o(.text)
    WWDG_IRQHandler                          0x080001df   Thumb Code     0  startup_stm32f427xx.o(.text)
    __aeabi_uldivmod                         0x080001e9   Thumb Code    98  uldiv.o(.text)
    tolower                                  0x0800024b   Thumb Code    12  tolower.o(.text)
    __aeabi_memcpy                           0x08000257   Thumb Code    36  memcpya.o(.text)
    __aeabi_memcpy4                          0x08000257   Thumb Code     0  memcpya.o(.text)
    __aeabi_memcpy8                          0x08000257   Thumb Code     0  memcpya.o(.text)
    __aeabi_memset                           0x0800027b   Thumb Code    14  memseta.o(.text)
    __aeabi_memset4                          0x0800027b   Thumb Code     0  memseta.o(.text)
    __aeabi_memset8                          0x0800027b   Thumb Code     0  memseta.o(.text)
    __aeabi_memclr                           0x08000289   Thumb Code     4  memseta.o(.text)
    __aeabi_memclr4                          0x08000289   Thumb Code     0  memseta.o(.text)
    __aeabi_memclr8                          0x08000289   Thumb Code     0  memseta.o(.text)
    _memset$wrapper                          0x0800028d   Thumb Code    18  memseta.o(.text)
    strncpy                                  0x0800029f   Thumb Code    24  strncpy.o(.text)
    strlen                                   0x080002b7   Thumb Code    14  strlen.o(.text)
    strcmp                                   0x080002c5   Thumb Code    28  strcmp.o(.text)
    strncmp                                  0x080002e1   Thumb Code    30  strncmp.o(.text)
    _scanf_real                              0x08000429   Thumb Code     0  scanf_fp.o(.text)
    _scanf_really_real                       0x08000429   Thumb Code   556  scanf_fp.o(.text)
    __aeabi_dadd                             0x08000661   Thumb Code   322  dadd.o(.text)
    __aeabi_dsub                             0x080007a3   Thumb Code     6  dadd.o(.text)
    __aeabi_drsub                            0x080007a9   Thumb Code     6  dadd.o(.text)
    __aeabi_dmul                             0x080007af   Thumb Code   228  dmul.o(.text)
    __aeabi_d2iz                             0x08000893   Thumb Code    62  dfixi.o(.text)
    __aeabi_f2d                              0x080008d1   Thumb Code    38  f2d.o(.text)
    __aeabi_cdcmpeq                          0x080008f9   Thumb Code     0  cdcmple.o(.text)
    __aeabi_cdcmple                          0x080008f9   Thumb Code    48  cdcmple.o(.text)
    __aeabi_cdrcmple                         0x08000929   Thumb Code    48  cdrcmple.o(.text)
    __aeabi_uidiv                            0x08000959   Thumb Code     0  uidiv.o(.text)
    __aeabi_uidivmod                         0x08000959   Thumb Code    44  uidiv.o(.text)
    __aeabi_llsl                             0x08000985   Thumb Code    30  llshl.o(.text)
    _ll_shift_l                              0x08000985   Thumb Code     0  llshl.o(.text)
    __aeabi_llsr                             0x080009a3   Thumb Code    32  llushr.o(.text)
    _ll_ushift_r                             0x080009a3   Thumb Code     0  llushr.o(.text)
    __aeabi_lasr                             0x080009c3   Thumb Code    36  llsshr.o(.text)
    _ll_sshift_r                             0x080009c3   Thumb Code     0  llsshr.o(.text)
    _sgetc                                   0x080009e7   Thumb Code    30  _sgetc.o(.text)
    _sbackspace                              0x08000a05   Thumb Code    34  _sgetc.o(.text)
    __strtod_int                             0x08000a5f   Thumb Code    90  strtod.o(.text)
    __I$use$fp                               0x08000ac5   Thumb Code     0  iusefp.o(.text)
    _double_round                            0x08000ac5   Thumb Code    30  depilogue.o(.text)
    _double_epilogue                         0x08000ae3   Thumb Code   156  depilogue.o(.text)
    __aeabi_ddiv                             0x08000b7f   Thumb Code   222  ddiv.o(.text)
    __aeabi_ul2d                             0x08000c5d   Thumb Code    24  dfltul.o(.text)
    __aeabi_d2ulz                            0x08000c75   Thumb Code    48  dfixul.o(.text)
    __aeabi_d2f                              0x08000ca5   Thumb Code    56  d2f.o(.text)
    __scatterload                            0x08000cdd   Thumb Code    28  init.o(.text)
    __scatterload_rt2                        0x08000cdd   Thumb Code     0  init.o(.text)
    isspace                                  0x08000d01   Thumb Code    10  isspace_c.o(.text)
    _float_round                             0x08000d0b   Thumb Code    18  fepilogue.o(.text)
    _float_epilogue                          0x08000d1d   Thumb Code    92  fepilogue.o(.text)
    __ctype_lookup                           0x08000d79   Thumb Code    34  ctype_c.o(.text)
    __decompress                             0x08000da1   Thumb Code     0  __dczerorl2.o(.text)
    __decompress1                            0x08000da1   Thumb Code    86  __dczerorl2.o(.text)
    BATTERY_DMA_Rx_ReStart                   0x08000df9   Thumb Code    58  bsp_485_battery.o(i.BATTERY_DMA_Rx_ReStart)
    BSP_Battery_Config                       0x08000e39   Thumb Code   276  bsp_485_battery.o(i.BSP_Battery_Config)
    BSP_RFID_Config                          0x08000f61   Thumb Code   276  bsp_485_rfid.o(i.BSP_RFID_Config)
    Battery_Init                             0x08001089   Thumb Code    14  battery.o(i.Battery_Init)
    Battery_ParseFrame                       0x08001099   Thumb Code    98  battery.o(i.Battery_ParseFrame)
    Battery_SendRequest                      0x08001115   Thumb Code    48  battery.o(i.Battery_SendRequest)
    Battery_Update                           0x08001155   Thumb Code    94  battery.o(i.Battery_Update)
    Battery_ifNeedCharge                     0x080011b9   Thumb Code    16  battery.o(i.Battery_ifNeedCharge)
    Battery_isCharging                       0x080011cd   Thumb Code    24  battery.o(i.Battery_isCharging)
    Battery_t_init                           0x080011e9   Thumb Code    20  battery.o(i.Battery_t_init)
    BusFault_Handler                         0x08001205   Thumb Code     2  stm32f4xx_it.o(i.BusFault_Handler)
    CAN1_RX0_IRQHandler                      0x08001209   Thumb Code     6  stm32f4xx_it.o(i.CAN1_RX0_IRQHandler)
    CAN1_TX_IRQHandler                       0x08001215   Thumb Code     6  stm32f4xx_it.o(i.CAN1_TX_IRQHandler)
    CAN2_RX0_IRQHandler                      0x08001221   Thumb Code     6  stm32f4xx_it.o(i.CAN2_RX0_IRQHandler)
    CAN2_TX_IRQHandler                       0x0800122d   Thumb Code     6  stm32f4xx_it.o(i.CAN2_TX_IRQHandler)
    DMA1_Stream0_IRQHandler                  0x08001239   Thumb Code     6  bsp_485_rfid.o(i.DMA1_Stream0_IRQHandler)
    DMA1_Stream1_IRQHandler                  0x08001245   Thumb Code     6  bsp_485_server.o(i.DMA1_Stream1_IRQHandler)
    DMA1_Stream3_IRQHandler                  0x08001251   Thumb Code     6  bsp_485_server.o(i.DMA1_Stream3_IRQHandler)
    DMA2_Stream6_IRQHandler                  0x0800125d   Thumb Code     6  bsp_485_battery.o(i.DMA2_Stream6_IRQHandler)
    DebugMon_Handler                         0x0800130d   Thumb Code     2  stm32f4xx_it.o(i.DebugMon_Handler)
    Dummy_Init                               0x08001311   Thumb Code    26  controllerdummy.o(i.Dummy_Init)
    Dummy_Reset                              0x08001331   Thumb Code    24  controllerdummy.o(i.Dummy_Reset)
    Dummy_Update                             0x0800134d   Thumb Code   206  controllerdummy.o(i.Dummy_Update)
    Error_Handler                            0x08001425   Thumb Code     4  main.o(i.Error_Handler)
    ExtractRFIDNumber                        0x08001429   Thumb Code   362  rfid.o(i.ExtractRFIDNumber)
    Filter_Init                              0x080015a5   Thumb Code    44  first_order_filter.o(i.Filter_Init)
    Filter_Update                            0x080015d5   Thumb Code    84  first_order_filter.o(i.Filter_Update)
    Get_MotorSpeed                           0x0800162d   Thumb Code    12  controllerdummy.o(i.Get_MotorSpeed)
    Get_Number                               0x0800163d   Thumb Code     6  rfid.o(i.Get_Number)
    Get_PGState                              0x08001649   Thumb Code    14  bsp_photogate.o(i.Get_PGState)
    Get_SOC                                  0x0800165d   Thumb Code     6  battery.o(i.Get_SOC)
    Get_SensorData                           0x08001669   Thumb Code     8  controllerdummy.o(i.Get_SensorData)
    Get_current_A                            0x08001675   Thumb Code     8  battery.o(i.Get_current_A)
    Get_frontlimitState                      0x08001681   Thumb Code    18  bsp_limitswitch.o(i.Get_frontlimitState)
    Get_ifaction                             0x08001699   Thumb Code     6  server.o(i.Get_ifaction)
    Get_rearlimitState                       0x080016a5   Thumb Code    18  bsp_limitswitch.o(i.Get_rearlimitState)
    Get_serverMsg                            0x080016bd   Thumb Code     8  server.o(i.Get_serverMsg)
    Get_test_index                           0x080016c9   Thumb Code    42  controllerdummy.o(i.Get_test_index)
    Get_tick                                 0x080016f9   Thumb Code     6  main.o(i.Get_tick)
    HAL_CAN_ActivateNotification             0x08001705   Thumb Code    36  stm32f4xx_hal_can.o(i.HAL_CAN_ActivateNotification)
    HAL_CAN_AddTxMessage                     0x08001729   Thumb Code   220  stm32f4xx_hal_can.o(i.HAL_CAN_AddTxMessage)
    HAL_CAN_ConfigFilter                     0x08001805   Thumb Code   262  stm32f4xx_hal_can.o(i.HAL_CAN_ConfigFilter)
    HAL_CAN_ErrorCallback                    0x08001911   Thumb Code     2  stm32f4xx_hal_can.o(i.HAL_CAN_ErrorCallback)
    HAL_CAN_GetRxMessage                     0x08001913   Thumb Code   232  stm32f4xx_hal_can.o(i.HAL_CAN_GetRxMessage)
    HAL_CAN_IRQHandler                       0x080019fb   Thumb Code   508  stm32f4xx_hal_can.o(i.HAL_CAN_IRQHandler)
    HAL_CAN_Init                             0x08001bf7   Thumb Code   282  stm32f4xx_hal_can.o(i.HAL_CAN_Init)
    HAL_CAN_MspInit                          0x08001d11   Thumb Code   280  can.o(i.HAL_CAN_MspInit)
    HAL_CAN_RxFifo0FullCallback              0x08001e45   Thumb Code     2  stm32f4xx_hal_can.o(i.HAL_CAN_RxFifo0FullCallback)
    HAL_CAN_RxFifo0MsgPendingCallback        0x08001e49   Thumb Code    64  bsp_can.o(i.HAL_CAN_RxFifo0MsgPendingCallback)
    HAL_CAN_RxFifo1FullCallback              0x08001e99   Thumb Code     2  stm32f4xx_hal_can.o(i.HAL_CAN_RxFifo1FullCallback)
    HAL_CAN_RxFifo1MsgPendingCallback        0x08001e9b   Thumb Code     2  stm32f4xx_hal_can.o(i.HAL_CAN_RxFifo1MsgPendingCallback)
    HAL_CAN_SleepCallback                    0x08001e9d   Thumb Code     2  stm32f4xx_hal_can.o(i.HAL_CAN_SleepCallback)
    HAL_CAN_Start                            0x08001ea1   Thumb Code    88  stm32f4xx_hal_can.o(i.HAL_CAN_Start)
    HAL_CAN_TxMailbox0AbortCallback          0x08001ef9   Thumb Code     2  stm32f4xx_hal_can.o(i.HAL_CAN_TxMailbox0AbortCallback)
    HAL_CAN_TxMailbox0CompleteCallback       0x08001efb   Thumb Code     2  stm32f4xx_hal_can.o(i.HAL_CAN_TxMailbox0CompleteCallback)
    HAL_CAN_TxMailbox1AbortCallback          0x08001efd   Thumb Code     2  stm32f4xx_hal_can.o(i.HAL_CAN_TxMailbox1AbortCallback)
    HAL_CAN_TxMailbox1CompleteCallback       0x08001eff   Thumb Code     2  stm32f4xx_hal_can.o(i.HAL_CAN_TxMailbox1CompleteCallback)
    HAL_CAN_TxMailbox2AbortCallback          0x08001f01   Thumb Code     2  stm32f4xx_hal_can.o(i.HAL_CAN_TxMailbox2AbortCallback)
    HAL_CAN_TxMailbox2CompleteCallback       0x08001f03   Thumb Code     2  stm32f4xx_hal_can.o(i.HAL_CAN_TxMailbox2CompleteCallback)
    HAL_CAN_WakeUpFromRxMsgCallback          0x08001f05   Thumb Code     2  stm32f4xx_hal_can.o(i.HAL_CAN_WakeUpFromRxMsgCallback)
    HAL_DMA_Abort                            0x08001f07   Thumb Code   146  stm32f4xx_hal_dma.o(i.HAL_DMA_Abort)
    HAL_DMA_Abort_IT                         0x08001f99   Thumb Code    36  stm32f4xx_hal_dma.o(i.HAL_DMA_Abort_IT)
    HAL_DMA_DeInit                           0x08001fbd   Thumb Code    98  stm32f4xx_hal_dma.o(i.HAL_DMA_DeInit)
    HAL_DMA_GetError                         0x0800201f   Thumb Code     4  stm32f4xx_hal_dma.o(i.HAL_DMA_GetError)
    HAL_DMA_IRQHandler                       0x08002025   Thumb Code   412  stm32f4xx_hal_dma.o(i.HAL_DMA_IRQHandler)
    HAL_DMA_Init                             0x080021c5   Thumb Code   206  stm32f4xx_hal_dma.o(i.HAL_DMA_Init)
    HAL_DMA_Start_IT                         0x08002299   Thumb Code   110  stm32f4xx_hal_dma.o(i.HAL_DMA_Start_IT)
    HAL_GPIO_Init                            0x08002309   Thumb Code   510  stm32f4xx_hal_gpio.o(i.HAL_GPIO_Init)
    HAL_GPIO_ReadPin                         0x0800253d   Thumb Code    10  stm32f4xx_hal_gpio.o(i.HAL_GPIO_ReadPin)
    HAL_GPIO_WritePin                        0x08002547   Thumb Code    10  stm32f4xx_hal_gpio.o(i.HAL_GPIO_WritePin)
    HAL_GetTick                              0x08002551   Thumb Code     6  stm32f4xx_hal.o(i.HAL_GetTick)
    HAL_IncTick                              0x0800255d   Thumb Code    12  stm32f4xx_hal.o(i.HAL_IncTick)
    HAL_Init                                 0x0800256d   Thumb Code    48  stm32f4xx_hal.o(i.HAL_Init)
    HAL_InitTick                             0x080025a1   Thumb Code    54  stm32f4xx_hal.o(i.HAL_InitTick)
    HAL_MspInit                              0x080025e1   Thumb Code    42  stm32f4xx_hal_msp.o(i.HAL_MspInit)
    HAL_NVIC_EnableIRQ                       0x08002611   Thumb Code    26  stm32f4xx_hal_cortex.o(i.HAL_NVIC_EnableIRQ)
    HAL_NVIC_SetPriority                     0x0800262d   Thumb Code    60  stm32f4xx_hal_cortex.o(i.HAL_NVIC_SetPriority)
    HAL_NVIC_SetPriorityGrouping             0x0800266d   Thumb Code    26  stm32f4xx_hal_cortex.o(i.HAL_NVIC_SetPriorityGrouping)
    HAL_RCC_ClockConfig                      0x08002691   Thumb Code   288  stm32f4xx_hal_rcc.o(i.HAL_RCC_ClockConfig)
    HAL_RCC_GetPCLK1Freq                     0x080027c5   Thumb Code    20  stm32f4xx_hal_rcc.o(i.HAL_RCC_GetPCLK1Freq)
    HAL_RCC_GetPCLK2Freq                     0x080027e5   Thumb Code    20  stm32f4xx_hal_rcc.o(i.HAL_RCC_GetPCLK2Freq)
    HAL_RCC_GetSysClockFreq                  0x08002805   Thumb Code    88  stm32f4xx_hal_rcc.o(i.HAL_RCC_GetSysClockFreq)
    HAL_RCC_OscConfig                        0x08002869   Thumb Code   856  stm32f4xx_hal_rcc.o(i.HAL_RCC_OscConfig)
    HAL_SYSTICK_Config                       0x08002bd5   Thumb Code    40  stm32f4xx_hal_cortex.o(i.HAL_SYSTICK_Config)
    HAL_TIM_Base_Init                        0x08002bfd   Thumb Code    90  stm32f4xx_hal_tim.o(i.HAL_TIM_Base_Init)
    HAL_TIM_Base_MspInit                     0x08002c57   Thumb Code     2  stm32f4xx_hal_tim.o(i.HAL_TIM_Base_MspInit)
    HAL_TIM_Base_Start_IT                    0x08002c59   Thumb Code   100  stm32f4xx_hal_tim.o(i.HAL_TIM_Base_Start_IT)
    HAL_TIM_PWM_ConfigChannel                0x08002cd9   Thumb Code   204  stm32f4xx_hal_tim.o(i.HAL_TIM_PWM_ConfigChannel)
    HAL_TIM_PWM_Init                         0x08002da5   Thumb Code    90  stm32f4xx_hal_tim.o(i.HAL_TIM_PWM_Init)
    HAL_TIM_PWM_MspInit                      0x08002dff   Thumb Code     2  stm32f4xx_hal_tim.o(i.HAL_TIM_PWM_MspInit)
    HAL_TIM_PWM_Start                        0x08002e01   Thumb Code   172  stm32f4xx_hal_tim.o(i.HAL_TIM_PWM_Start)
    HAL_UARTEx_RxEventCallback               0x08002ec9   Thumb Code     2  stm32f4xx_hal_uart.o(i.HAL_UARTEx_RxEventCallback)
    HAL_UART_AbortReceive                    0x08002ecb   Thumb Code   148  stm32f4xx_hal_uart.o(i.HAL_UART_AbortReceive)
    HAL_UART_DMAStop                         0x08002f5f   Thumb Code   112  stm32f4xx_hal_uart.o(i.HAL_UART_DMAStop)
    HAL_UART_DeInit                          0x08002fcf   Thumb Code    52  stm32f4xx_hal_uart.o(i.HAL_UART_DeInit)
    HAL_UART_ErrorCallback                   0x08003003   Thumb Code     2  stm32f4xx_hal_uart.o(i.HAL_UART_ErrorCallback)
    HAL_UART_IRQHandler                      0x08003005   Thumb Code   610  stm32f4xx_hal_uart.o(i.HAL_UART_IRQHandler)
    HAL_UART_Init                            0x0800326d   Thumb Code    98  stm32f4xx_hal_uart.o(i.HAL_UART_Init)
    HAL_UART_MspDeInit                       0x080032cf   Thumb Code     2  stm32f4xx_hal_uart.o(i.HAL_UART_MspDeInit)
    HAL_UART_MspInit                         0x080032d1   Thumb Code     2  stm32f4xx_hal_uart.o(i.HAL_UART_MspInit)
    HAL_UART_Receive_DMA                     0x080032d3   Thumb Code    42  stm32f4xx_hal_uart.o(i.HAL_UART_Receive_DMA)
    HAL_UART_RxCpltCallback                  0x080032fd   Thumb Code     2  stm32f4xx_hal_uart.o(i.HAL_UART_RxCpltCallback)
    HAL_UART_RxHalfCpltCallback              0x080032ff   Thumb Code     2  stm32f4xx_hal_uart.o(i.HAL_UART_RxHalfCpltCallback)
    HAL_UART_Transmit                        0x08003301   Thumb Code   178  stm32f4xx_hal_uart.o(i.HAL_UART_Transmit)
    HAL_UART_Transmit_DMA                    0x080033b5   Thumb Code   126  stm32f4xx_hal_uart.o(i.HAL_UART_Transmit_DMA)
    HAL_UART_TxCpltCallback                  0x08003441   Thumb Code    34  usart_callback.o(i.HAL_UART_TxCpltCallback)
    HAL_UART_TxHalfCpltCallback              0x08003471   Thumb Code     2  stm32f4xx_hal_uart.o(i.HAL_UART_TxHalfCpltCallback)
    HardFault_Handler                        0x08003473   Thumb Code     2  stm32f4xx_it.o(i.HardFault_Handler)
    Init                                     0x08003475   Thumb Code   238  chassiscontroller.o(i.Init)
    Key_GPIO_Config                          0x0800357d   Thumb Code    44  bsp_key.o(i.Key_GPIO_Config)
    L298N_Config                             0x080035b1   Thumb Code     4  bsp_l298n.o(i.L298N_Config)
    LED_GPIO_Config                          0x080035b5   Thumb Code   100  bsp_led.o(i.LED_GPIO_Config)
    Limit_Switch_Config                      0x08003625   Thumb Code    64  bsp_limitswitch.o(i.Limit_Switch_Config)
    MX_CAN1_Init                             0x0800366d   Thumb Code    62  can.o(i.MX_CAN1_Init)
    MX_GPIO_Init                             0x080036b5   Thumb Code   102  gpio.o(i.MX_GPIO_Init)
    MemManage_Handler                        0x08003721   Thumb Code     2  stm32f4xx_it.o(i.MemManage_Handler)
    Motor_measure_fun                        0x08003723   Thumb Code    64  bsp_can.o(i.Motor_measure_fun)
    MsgQueue_Init                            0x08003763   Thumb Code    16  server.o(i.MsgQueue_Init)
    MsgQueue_Pop                             0x08003775   Thumb Code    76  server.o(i.MsgQueue_Pop)
    MsgQueue_Push                            0x080037c9   Thumb Code    70  server.o(i.MsgQueue_Push)
    NMI_Handler                              0x08003815   Thumb Code     2  stm32f4xx_it.o(i.NMI_Handler)
    PID_Init                                 0x08003817   Thumb Code    22  pid.o(i.PID_Init)
    PID_calc                                 0x0800382d   Thumb Code   388  pid.o(i.PID_calc)
    PendSV_Handler                           0x080039b9   Thumb Code     2  stm32f4xx_it.o(i.PendSV_Handler)
    Photogate_Config                         0x080039bd   Thumb Code    50  bsp_photogate.o(i.Photogate_Config)
    Photogate_Update                         0x080039f9   Thumb Code    16  bsp_photogate.o(i.Photogate_Update)
    PushRod_Backward                         0x08003a11   Thumb Code    28  bsp_l298n.o(i.PushRod_Backward)
    PushRod_Forward                          0x08003a31   Thumb Code    28  bsp_l298n.o(i.PushRod_Forward)
    PushRod_StartCharge                      0x08003a51   Thumb Code    28  bsp_l298n.o(i.PushRod_StartCharge)
    PushRod_Stop                             0x08003a71   Thumb Code    48  bsp_l298n.o(i.PushRod_Stop)
    PushRod_StopCharge                       0x08003aa5   Thumb Code    28  bsp_l298n.o(i.PushRod_StopCharge)
    RC_Control                               0x08003ac5   Thumb Code   242  controllerrc.o(i.RC_Control)
    RC_GetData                               0x08003bcd   Thumb Code     8  rc.o(i.RC_GetData)
    RC_GetDummyMode                          0x08003bd9   Thumb Code    12  rc.o(i.RC_GetDummyMode)
    RC_GetMode                               0x08003be9   Thumb Code    12  rc.o(i.RC_GetMode)
    RC_Init                                  0x08003bf9   Thumb Code     4  rc.o(i.RC_Init)
    RC_Update                                0x08003bfd   Thumb Code    60  rc.o(i.RC_Update)
    RC_ctrl_Update                           0x08003c41   Thumb Code    24  controllerrc.o(i.RC_ctrl_Update)
    RFID_Config                              0x08003c5d   Thumb Code     4  rfid.o(i.RFID_Config)
    RFID_DMA_Rx_ReStart                      0x08003c61   Thumb Code    58  bsp_485_rfid.o(i.RFID_DMA_Rx_ReStart)
    RFID_SendCommand                         0x08003ca1   Thumb Code     8  rfid.o(i.RFID_SendCommand)
    RFID_SendStr                             0x08003cad   Thumb Code    24  bsp_485_rfid.o(i.RFID_SendStr)
    RFID_Update                              0x08003ccd   Thumb Code    76  rfid.o(i.RFID_Update)
    RGB_Config                               0x08003d1d   Thumb Code    84  bsp_rgb.o(i.RGB_Config)
    RGB_ON                                   0x08003d7d   Thumb Code   112  bsp_rgb.o(i.RGB_ON)
    Reset_flag                               0x08003df5   Thumb Code    20  controllerdummy.o(i.Reset_flag)
    SVC_Handler                              0x08003ebd   Thumb Code     2  stm32f4xx_it.o(i.SVC_Handler)
    Sensor_t_Init                            0x08003ec1   Thumb Code    44  controllerdummy.o(i.Sensor_t_Init)
    Sensor_t_Reset                           0x08003ef1   Thumb Code    28  controllerdummy.o(i.Sensor_t_Reset)
    Sensor_t_Update                          0x08003f11   Thumb Code   142  controllerdummy.o(i.Sensor_t_Update)
    ServerMsg_Init                           0x08003fa9   Thumb Code    26  server.o(i.ServerMsg_Init)
    Server_Init                              0x08003fc5   Thumb Code    24  server.o(i.Server_Init)
    Server_SendString                        0x08003fe1   Thumb Code    24  bsp_485_server.o(i.Server_SendString)
    Server_Update                            0x08004001   Thumb Code   198  server.o(i.Server_Update)
    Set_RGB                                  0x080040d9   Thumb Code    38  chassiscontroller.o(i.Set_RGB)
    Set_motor_cmd                            0x08004105   Thumb Code    58  bsp_can.o(i.Set_motor_cmd)
    SetxSpeed                                0x08004149   Thumb Code    26  controllerdummy.o(i.SetxSpeed)
    SetySpeed                                0x0800416d   Thumb Code     6  controllerdummy.o(i.SetySpeed)
    StateMachine_Init                        0x08004179   Thumb Code    10  controllerdummy.o(i.StateMachine_Init)
    SwitchState                              0x08004189   Thumb Code  1374  controllerdummy.o(i.SwitchState)
    SysTick_Handler                          0x0800470d   Thumb Code     4  stm32f4xx_it.o(i.SysTick_Handler)
    SystemClock_Config                       0x08004711   Thumb Code   140  main.o(i.SystemClock_Config)
    SystemInit                               0x080047a5   Thumb Code    12  system_stm32f4xx.o(i.SystemInit)
    TIM2_IRQHandler                          0x080047b5   Thumb Code    30  stm32f4xx_it.o(i.TIM2_IRQHandler)
    TIM_Base_SetConfig                       0x080047dd   Thumb Code   156  stm32f4xx_hal_tim.o(i.TIM_Base_SetConfig)
    TIM_CCxChannelCmd                        0x080048a5   Thumb Code    26  stm32f4xx_hal_tim.o(i.TIM_CCxChannelCmd)
    TIM_OC2_SetConfig                        0x08004921   Thumb Code    98  stm32f4xx_hal_tim.o(i.TIM_OC2_SetConfig)
    Time_Init                                0x08004a45   Thumb Code    76  time.o(i.Time_Init)
    UART7_Config                             0x08004a99   Thumb Code   312  bsp_485_server.o(i.UART7_Config)
    UART7_IRQHandler                         0x08004be9   Thumb Code    66  bsp_485_server.o(i.UART7_IRQHandler)
    UART8_IRQHandler                         0x08004c39   Thumb Code    96  bsp_485_rfid.o(i.UART8_IRQHandler)
    UART_Start_Receive_DMA                   0x08005021   Thumb Code   130  stm32f4xx_hal_uart.o(i.UART_Start_Receive_DMA)
    USART1_IRQHandler                        0x08005129   Thumb Code    68  bsp_rc.o(i.USART1_IRQHandler)
    USART6_IRQHandler                        0x08005175   Thumb Code    96  bsp_485_battery.o(i.USART6_IRQHandler)
    Ultrawave_Config                         0x080051e5   Thumb Code   288  bsp_ultrawave.o(i.Ultrawave_Config)
    Ultrawave_Update                         0x0800531d   Thumb Code   122  bsp_ultrawave.o(i.Ultrawave_Update)
    Update                                   0x080053a5   Thumb Code   286  chassiscontroller.o(i.Update)
    UsageFault_Handler                       0x080054d1   Thumb Code     2  stm32f4xx_it.o(i.UsageFault_Handler)
    VxFilter_GetResult                       0x080054d5   Thumb Code    70  first_order_filter.o(i.VxFilter_GetResult)
    VxFilter_Init                            0x08005529   Thumb Code    68  first_order_filter.o(i.VxFilter_Init)
    VxFilter_Update                          0x0800556d   Thumb Code    56  first_order_filter.o(i.VxFilter_Update)
    __0printf                                0x080055a5   Thumb Code    22  printfa.o(i.__0printf)
    __1printf                                0x080055a5   Thumb Code     0  printfa.o(i.__0printf)
    __2printf                                0x080055a5   Thumb Code     0  printfa.o(i.__0printf)
    __c89printf                              0x080055a5   Thumb Code     0  printfa.o(i.__0printf)
    printf                                   0x080055a5   Thumb Code     0  printfa.o(i.__0printf)
    __0snprintf                              0x080055c5   Thumb Code    48  printfa.o(i.__0snprintf)
    __1snprintf                              0x080055c5   Thumb Code     0  printfa.o(i.__0snprintf)
    __2snprintf                              0x080055c5   Thumb Code     0  printfa.o(i.__0snprintf)
    __c89snprintf                            0x080055c5   Thumb Code     0  printfa.o(i.__0snprintf)
    snprintf                                 0x080055c5   Thumb Code     0  printfa.o(i.__0snprintf)
    free                                     0x08005619   Thumb Code    88  mallocr.o(i.__free$realloc)
    __hardfp_strtod                          0x08005679   Thumb Code    30  strtod.o(i.__hardfp_strtod)
    malloc                                   0x080056a1   Thumb Code    64  mallocr.o(i.__malloc$realloc)
    __scatterload_copy                       0x080056f1   Thumb Code    14  handlers.o(i.__scatterload_copy)
    __scatterload_null                       0x080056ff   Thumb Code     2  handlers.o(i.__scatterload_null)
    __scatterload_zeroinit                   0x08005701   Thumb Code    14  handlers.o(i.__scatterload_zeroinit)
    _is_digit                                0x08005895   Thumb Code    14  scanf_fp.o(i._is_digit)
    append_string                            0x08005fc1   Thumb Code    48  server.o(i.append_string)
    battery_SendString                       0x08005ff9   Thumb Code    24  bsp_485_battery.o(i.battery_SendString)
    battery_if_rx_lock                       0x08006019   Thumb Code    12  battery.o(i.battery_if_rx_lock)
    battery_uart_send_frame                  0x08006025   Thumb Code   106  battery.o(i.battery_uart_send_frame)
    bsp_rc_Config                            0x080060b5   Thumb Code   226  bsp_rc.o(i.bsp_rc_Config)
    cJSON_Delete                             0x080061e1   Thumb Code    76  cjson.o(i.cJSON_Delete)
    cJSON_GetObjectItem                      0x08006231   Thumb Code     6  cjson.o(i.cJSON_GetObjectItem)
    cJSON_IsString                           0x08006237   Thumb Code    18  cjson.o(i.cJSON_IsString)
    cJSON_Parse                              0x0800625f   Thumb Code     8  cjson.o(i.cJSON_Parse)
    cJSON_ParseWithLengthOpts                0x08006269   Thumb Code   210  cjson.o(i.cJSON_ParseWithLengthOpts)
    cJSON_ParseWithOpts                      0x08006345   Thumb Code    34  cjson.o(i.cJSON_ParseWithOpts)
    can_filter_init                          0x08006369   Thumb Code    80  bsp_can.o(i.can_filter_init)
    clean_battery_rebuff                     0x080063c1   Thumb Code    10  bsp_485_battery.o(i.clean_battery_rebuff)
    clean_rc_rebuff                          0x080063d1   Thumb Code    20  bsp_rc.o(i.clean_rc_rebuff)
    clean_rfid_rebuff                        0x080063ed   Thumb Code    10  bsp_485_rfid.o(i.clean_rfid_rebuff)
    clean_server_rebuff                      0x080063fd   Thumb Code    22  bsp_485_server.o(i.clean_server_rebuff)
    fputc                                    0x0800641d   Thumb Code    20  bsp_debug_usart.o(i.fputc)
    get_battery_rebuff                       0x08006435   Thumb Code    24  bsp_485_battery.o(i.get_battery_rebuff)
    get_battery_rx_complete                  0x08006455   Thumb Code     6  bsp_485_battery.o(i.get_battery_rx_complete)
    get_direction                            0x08006461   Thumb Code    42  controllerdummy.o(i.get_direction)
    get_previous_point                       0x08006505   Thumb Code    20  controllerdummy.o(i.get_previous_point)
    get_rc_rebuff                            0x08006519   Thumb Code    24  bsp_rc.o(i.get_rc_rebuff)
    get_rfid_rebuff                          0x08006539   Thumb Code    24  bsp_485_rfid.o(i.get_rfid_rebuff)
    get_rfid_rx_complete                     0x08006559   Thumb Code     6  bsp_485_rfid.o(i.get_rfid_rx_complete)
    get_server_rebuff                        0x08006565   Thumb Code    24  bsp_485_server.o(i.get_server_rebuff)
    if_server_complete                       0x08006585   Thumb Code     6  bsp_485_server.o(i.if_server_complete)
    if_target_valid                          0x08006591   Thumb Code    14  controllerdummy.o(i.if_target_valid)
    l298n_GPIO_Config                        0x080065f1   Thumb Code    36  bsp_l298n.o(i.l298n_GPIO_Config)
    main                                     0x08006619   Thumb Code    24  main.o(i.main)
    parseStringToUint8                       0x08006635   Thumb Code    70  server.o(i.parseStringToUint8)
    process_json                             0x08006ba5   Thumb Code   274  server.o(i.process_json)
    realloc                                  0x08006d01   Thumb Code   102  mallocr.o(i.realloc)
    rfid_if_rx_lock                          0x08006d6d   Thumb Code    12  rfid.o(i.rfid_if_rx_lock)
    send_json_response                       0x08006d79   Thumb Code  2166  server.o(i.send_json_response)
    uart7_tx_cplt                            0x08007715   Thumb Code     8  bsp_485_server.o(i.uart7_tx_cplt)
    uart8_tx_cplt                            0x08007721   Thumb Code     8  bsp_485_rfid.o(i.uart8_tx_cplt)
    usart6_tx_cplt                           0x0800772d   Thumb Code     8  bsp_485_battery.o(i.usart6_tx_cplt)
    AHBPrescTable                            0x08007812   Data          16  system_stm32f4xx.o(.constdata)
    APBPrescTable                            0x08007822   Data           8  system_stm32f4xx.o(.constdata)
    __ctype_categories                       0x0800782a   Data          64  ctype_c.o(.constdata)
    Region$$Table$$Base                      0x080078b4   Number         0  anon$$obj.o(Region$$Table)
    Region$$Table$$Limit                     0x080078d4   Number         0  anon$$obj.o(Region$$Table)
    m_systick                                0x20000000   Data           4  main.o(.data)
    uwTickFreq                               0x20000008   Data           1  stm32f4xx_hal.o(.data)
    uwTickPrio                               0x2000000c   Data           4  stm32f4xx_hal.o(.data)
    uwTick                                   0x20000010   Data           4  stm32f4xx_hal.o(.data)
    SystemCoreClock                          0x20000014   Data           4  system_stm32f4xx.o(.data)
    mpg_state                                0x20000021   Data           1  bsp_photogate.o(.data)
    m_distance1                              0x20000022   Data           2  bsp_ultrawave.o(.data)
    m_duration1                              0x20000024   Data           2  bsp_ultrawave.o(.data)
    is_high1                                 0x20000026   Data           2  bsp_ultrawave.o(.data)
    counter1                                 0x20000028   Data           2  bsp_ultrawave.o(.data)
    m_distance2                              0x2000002a   Data           2  bsp_ultrawave.o(.data)
    m_duration2                              0x2000002c   Data           2  bsp_ultrawave.o(.data)
    is_high2                                 0x2000002e   Data           2  bsp_ultrawave.o(.data)
    counter2                                 0x20000030   Data           2  bsp_ultrawave.o(.data)
    rc_rx_complete                           0x20000048   Data           1  bsp_rc.o(.data)
    rc_rx_len                                0x2000004a   Data           2  bsp_rc.o(.data)
    battery_rx_complete                      0x2000004c   Data           1  bsp_485_battery.o(.data)
    battery_tx_complete                      0x2000004d   Data           1  bsp_485_battery.o(.data)
    battery_rx_len                           0x2000004e   Data           2  bsp_485_battery.o(.data)
    rfid_rx_complete                         0x20000050   Data           1  bsp_485_rfid.o(.data)
    rfid_tx_complete                         0x20000051   Data           1  bsp_485_rfid.o(.data)
    rfid_rx_len                              0x20000052   Data           2  bsp_485_rfid.o(.data)
    server_rx_complete                       0x20000054   Data           1  bsp_485_server.o(.data)
    server_tx_complete                       0x20000055   Data           1  bsp_485_server.o(.data)
    uart_rx_len                              0x20000056   Data           2  bsp_485_server.o(.data)
    m_dummy_mode                             0x20000058   Data           1  controllerdummy.o(.data)
    m_test_direction                         0x20000059   Data           1  controllerdummy.o(.data)
    test_index                               0x2000005a   Data           1  controllerdummy.o(.data)
    test_command                             0x2000005b   Data           1  controllerdummy.o(.data)
    last_number                              0x2000005c   Data           1  controllerdummy.o(.data)
    last_pg_state                            0x2000005d   Data           1  controllerdummy.o(.data)
    pg_delay_flag                            0x2000005e   Data           1  controllerdummy.o(.data)
    slow_flag                                0x2000005f   Data           1  controllerdummy.o(.data)
    push_flag                                0x20000060   Data           1  controllerdummy.o(.data)
    rfid_flag                                0x20000061   Data           1  controllerdummy.o(.data)
    arrive_flag                              0x20000062   Data           1  controllerdummy.o(.data)
    charge_flag                              0x20000063   Data           1  controllerdummy.o(.data)
    error_code                               0x20000064   Data           1  controllerdummy.o(.data)
    rfid_cnt                                 0x20000066   Data           2  controllerdummy.o(.data)
    pg_cnt                                   0x20000068   Data           2  controllerdummy.o(.data)
    pushrod_cnt                              0x2000006a   Data           2  controllerdummy.o(.data)
    charge_cnt                               0x2000006c   Data           2  controllerdummy.o(.data)
    rfid_rx_cnt                              0x2000006e   Data           2  controllerdummy.o(.data)
    charge_pushrod_cnt                       0x20000070   Data           2  controllerdummy.o(.data)
    adjust_cnt                               0x20000072   Data           2  controllerdummy.o(.data)
    slow_cnt                                 0x20000074   Data           2  controllerdummy.o(.data)
    pg_delay_cnt                             0x20000076   Data           2  controllerdummy.o(.data)
    arrive_cnt                               0x20000078   Data           2  controllerdummy.o(.data)
    sm                                       0x2000007a   Data           2  controllerdummy.o(.data)
    heart_cnt                                0x2000007c   Data           4  controllerdummy.o(.data)
    switch_cnt                               0x20000080   Data           4  controllerdummy.o(.data)
    m_motor_speed                            0x20000084   Data           8  controllerdummy.o(.data)
    error_list                               0x2000008c   Data          20  controllerdummy.o(.data)
    ctrl_mode                                0x200000a0   Data           1  chassiscontroller.o(.data)
    last_ctrl_mode                           0x200000a1   Data           1  chassiscontroller.o(.data)
    dummy_mode                               0x200000a2   Data           1  chassiscontroller.o(.data)
    last_dummy_mode                          0x200000a3   Data           1  chassiscontroller.o(.data)
    m_ischarge                               0x200000a4   Data           1  chassiscontroller.o(.data)
    m_Kp                                     0x200000a8   Data           4  chassiscontroller.o(.data)
    m_Ki                                     0x200000ac   Data           4  chassiscontroller.o(.data)
    m_Kd                                     0x200000b0   Data           4  chassiscontroller.o(.data)
    m_Kp_y                                   0x200000b4   Data           4  chassiscontroller.o(.data)
    m_Ki_y                                   0x200000b8   Data           4  chassiscontroller.o(.data)
    m_Kd_y                                   0x200000bc   Data           4  chassiscontroller.o(.data)
    m_maxout                                 0x200000c0   Data           4  chassiscontroller.o(.data)
    m_intergral_limit                        0x200000c4   Data           4  chassiscontroller.o(.data)
    m_deadband                               0x200000c8   Data           4  chassiscontroller.o(.data)
    m_I_band                                 0x200000cc   Data           4  chassiscontroller.o(.data)
    motor_speed                              0x200000d0   Data           8  chassiscontroller.o(.data)
    motor_speed_filtered                     0x200000d8   Data           8  chassiscontroller.o(.data)
    speed_y                                  0x200000e0   Data           4  controllerrc.o(.data)
    battery_rx_lock_flag                     0x200000e4   Data           1  battery.o(.data)
    battery_restart_flag                     0x200000e5   Data           1  battery.o(.data)
    battery_cnt                              0x200000e6   Data           2  battery.o(.data)
    len_battery                              0x200000e8   Data           2  battery.o(.data)
    pbuf_battery                             0x200000ec   Data           4  battery.o(.data)
    rc_cnt                                   0x200000f0   Data           2  rc.o(.data)
    len_rc                                   0x200000f2   Data           2  rc.o(.data)
    pbuf_rc                                  0x200000f4   Data           4  rc.o(.data)
    rfid_rx_lock_flag                        0x200000f8   Data           1  rfid.o(.data)
    restart_flag                             0x200000f9   Data           1  rfid.o(.data)
    m_number                                 0x200000fa   Data           2  rfid.o(.data)
    rfid_len                                 0x200000fc   Data           2  rfid.o(.data)
    rfid_code                                0x200000fe   Data           2  rfid.o(.data)
    rfid_tx_cnt                              0x20000100   Data           4  rfid.o(.data)
    rfid_cmd                                 0x20000104   Data           4  rfid.o(.data)
    pbuf_rfid                                0x20000108   Data           4  rfid.o(.data)
    _tx_complete                             0x2000010c   Data           1  server.o(.data)
    m_need_charge                            0x2000010d   Data           1  server.o(.data)
    recv_flag                                0x2000010e   Data           1  server.o(.data)
    recv_cnt                                 0x20000110   Data           2  server.o(.data)
    m_CurrentSendBufferLen                   0x20000112   Data           2  server.o(.data)
    server_rx_buffer_len                     0x20000114   Data           2  server.o(.data)
    sent_cnt                                 0x20000116   Data           2  server.o(.data)
    __stdout                                 0x20000138   Data           4  stdout.o(.data)
    __microlib_freelist                      0x2000013c   Data           4  mvars.o(.data)
    __microlib_freelist_initialised          0x20000140   Data           4  mvars.o(.data)
    hcan1                                    0x20000144   Data          40  can.o(.bss)
    hcan2                                    0x2000016c   Data          40  can.o(.bss)
    htim4                                    0x200001ac   Data          72  bsp_ultrawave.o(.bss)
    htim5                                    0x200001f4   Data          72  bsp_ultrawave.o(.bss)
    htim2                                    0x2000023c   Data          72  time.o(.bss)
    UartHandle                               0x20000284   Data          68  bsp_debug_usart.o(.bss)
    huart1                                   0x200002ec   Data          68  bsp_rc.o(.bss)
    hdma_usart1_rx                           0x20000330   Data          96  bsp_rc.o(.bss)
    huart6                                   0x20000390   Data          68  bsp_485_battery.o(.bss)
    hdma_usart6_tx                           0x200003d4   Data          96  bsp_485_battery.o(.bss)
    hdma_usart6_rx                           0x20000434   Data          96  bsp_485_battery.o(.bss)
    usart_buff_battery                       0x20000494   Data        1024  bsp_485_battery.o(.bss)
    usart_buff_battery_bak                   0x20000894   Data        1024  bsp_485_battery.o(.bss)
    huart8                                   0x20000c94   Data          68  bsp_485_rfid.o(.bss)
    hdma_uart8_tx                            0x20000cd8   Data          96  bsp_485_rfid.o(.bss)
    hdma_uart8_rx                            0x20000d38   Data          96  bsp_485_rfid.o(.bss)
    usart_buff_rfid                          0x20000d98   Data         256  bsp_485_rfid.o(.bss)
    usart_buff_rfid_bak                      0x20000e98   Data         256  bsp_485_rfid.o(.bss)
    huart7                                   0x20000f98   Data          68  bsp_485_server.o(.bss)
    hdma_uart7_rx                            0x20000fdc   Data          96  bsp_485_server.o(.bss)
    hdma_uart7_tx                            0x2000103c   Data          96  bsp_485_server.o(.bss)
    uart_buff_server                         0x2000109c   Data        1024  bsp_485_server.o(.bss)
    m_ctrl                                   0x2000149c   Data          36  controllerdummy.o(.bss)
    m_server_ctrl                            0x200014c0   Data          72  controllerdummy.o(.bss)
    Motor_measure                            0x20001508   Data          80  chassiscontroller.o(.bss)
    Motor_pid                                0x20001558   Data         288  chassiscontroller.o(.bss)
    vx_filter                                0x20001678   Data         240  chassiscontroller.o(.bss)
    m_rc_ctrl                                0x20001768   Data          22  controllerrc.o(.bss)
    m_sensor_t                               0x20001780   Data          36  controllerrc.o(.bss)
    battery_info                             0x200018a4   Data          12  battery.o(.bss)
    m_rc_raw                                 0x200018b0   Data          22  rc.o(.bss)
    server_tx_buffer                         0x200019c8   Data         256  server.o(.bss)
    sent_msg                                 0x20001ac8   Data         256  server.o(.bss)
    server_rx_buffer                         0x20001bc8   Data         256  server.o(.bss)
    m_server                                 0x20001cc8   Data          72  server.o(.bss)
    txQueue                                  0x20001d10   Data        2563  server.o(.bss)
    __heap_base                              0x20002718   Data           0  startup_stm32f427xx.o(HEAP)
    __heap_limit                             0x20003618   Data           0  startup_stm32f427xx.o(HEAP)
    __initial_sp                             0x20003a18   Data           0  startup_stm32f427xx.o(STACK)



==============================================================================

Memory Map of the image

  Image Entry point : 0x080001ad

  Load Region LR_IROM1 (Base: 0x08000000, Size: 0x00007a18, Max: 0x00200000, ABSOLUTE, COMPRESSED[0x00007924])

    Execution Region ER_IROM1 (Exec base: 0x08000000, Load base: 0x08000000, Size: 0x000078d4, Max: 0x00200000, ABSOLUTE)

    Exec Addr    Load Addr    Size         Type   Attr      Idx    E Section Name        Object

    0x08000000   0x08000000   0x000001ac   Data   RO            3    RESET               startup_stm32f427xx.o
    0x080001ac   0x080001ac   0x00000000   Code   RO         5308  * .ARM.Collect$$$$00000000  mc_w.l(entry.o)
    0x080001ac   0x080001ac   0x00000004   Code   RO         5640    .ARM.Collect$$$$00000001  mc_w.l(entry2.o)
    0x080001b0   0x080001b0   0x00000004   Code   RO         5643    .ARM.Collect$$$$00000004  mc_w.l(entry5.o)
    0x080001b4   0x080001b4   0x00000000   Code   RO         5645    .ARM.Collect$$$$00000008  mc_w.l(entry7b.o)
    0x080001b4   0x080001b4   0x00000000   Code   RO         5647    .ARM.Collect$$$$0000000A  mc_w.l(entry8b.o)
    0x080001b4   0x080001b4   0x00000008   Code   RO         5648    .ARM.Collect$$$$0000000B  mc_w.l(entry9a.o)
    0x080001bc   0x080001bc   0x00000004   Code   RO         5655    .ARM.Collect$$$$0000000E  mc_w.l(entry12b.o)
    0x080001c0   0x080001c0   0x00000000   Code   RO         5650    .ARM.Collect$$$$0000000F  mc_w.l(entry10a.o)
    0x080001c0   0x080001c0   0x00000000   Code   RO         5652    .ARM.Collect$$$$00000011  mc_w.l(entry11a.o)
    0x080001c0   0x080001c0   0x00000004   Code   RO         5641    .ARM.Collect$$$$00002712  mc_w.l(entry2.o)
    0x080001c4   0x080001c4   0x00000024   Code   RO            4    .text               startup_stm32f427xx.o
    0x080001e8   0x080001e8   0x00000062   Code   RO         5311    .text               mc_w.l(uldiv.o)
    0x0800024a   0x0800024a   0x0000000c   Code   RO         5313    .text               mc_w.l(tolower.o)
    0x08000256   0x08000256   0x00000024   Code   RO         5315    .text               mc_w.l(memcpya.o)
    0x0800027a   0x0800027a   0x00000024   Code   RO         5317    .text               mc_w.l(memseta.o)
    0x0800029e   0x0800029e   0x00000018   Code   RO         5319    .text               mc_w.l(strncpy.o)
    0x080002b6   0x080002b6   0x0000000e   Code   RO         5321    .text               mc_w.l(strlen.o)
    0x080002c4   0x080002c4   0x0000001c   Code   RO         5323    .text               mc_w.l(strcmp.o)
    0x080002e0   0x080002e0   0x0000001e   Code   RO         5327    .text               mc_w.l(strncmp.o)
    0x080002fe   0x080002fe   0x00000002   PAD
    0x08000300   0x08000300   0x00000360   Code   RO         5622    .text               mc_w.l(scanf_fp.o)
    0x08000660   0x08000660   0x0000014e   Code   RO         5626    .text               mf_w.l(dadd.o)
    0x080007ae   0x080007ae   0x000000e4   Code   RO         5628    .text               mf_w.l(dmul.o)
    0x08000892   0x08000892   0x0000003e   Code   RO         5632    .text               mf_w.l(dfixi.o)
    0x080008d0   0x080008d0   0x00000026   Code   RO         5634    .text               mf_w.l(f2d.o)
    0x080008f6   0x080008f6   0x00000002   PAD
    0x080008f8   0x080008f8   0x00000030   Code   RO         5636    .text               mf_w.l(cdcmple.o)
    0x08000928   0x08000928   0x00000030   Code   RO         5638    .text               mf_w.l(cdrcmple.o)
    0x08000958   0x08000958   0x0000002c   Code   RO         5657    .text               mc_w.l(uidiv.o)
    0x08000984   0x08000984   0x0000001e   Code   RO         5659    .text               mc_w.l(llshl.o)
    0x080009a2   0x080009a2   0x00000020   Code   RO         5661    .text               mc_w.l(llushr.o)
    0x080009c2   0x080009c2   0x00000024   Code   RO         5663    .text               mc_w.l(llsshr.o)
    0x080009e6   0x080009e6   0x00000040   Code   RO         5669    .text               mc_w.l(_sgetc.o)
    0x08000a26   0x08000a26   0x00000002   PAD
    0x08000a28   0x08000a28   0x0000009c   Code   RO         5671    .text               mc_w.l(strtod.o)
    0x08000ac4   0x08000ac4   0x00000000   Code   RO         5673    .text               mc_w.l(iusefp.o)
    0x08000ac4   0x08000ac4   0x000000ba   Code   RO         5674    .text               mf_w.l(depilogue.o)
    0x08000b7e   0x08000b7e   0x000000de   Code   RO         5676    .text               mf_w.l(ddiv.o)
    0x08000c5c   0x08000c5c   0x00000018   Code   RO         5678    .text               mf_w.l(dfltul.o)
    0x08000c74   0x08000c74   0x00000030   Code   RO         5680    .text               mf_w.l(dfixul.o)
    0x08000ca4   0x08000ca4   0x00000038   Code   RO         5682    .text               mf_w.l(d2f.o)
    0x08000cdc   0x08000cdc   0x00000024   Code   RO         5684    .text               mc_w.l(init.o)
    0x08000d00   0x08000d00   0x0000000a   Code   RO         5686    .text               mc_w.l(isspace_c.o)
    0x08000d0a   0x08000d0a   0x0000006e   Code   RO         5690    .text               mf_w.l(fepilogue.o)
    0x08000d78   0x08000d78   0x00000028   Code   RO         5692    .text               mc_w.l(ctype_c.o)
    0x08000da0   0x08000da0   0x00000056   Code   RO         5703    .text               mc_w.l(__dczerorl2.o)
    0x08000df6   0x08000df6   0x00000002   PAD
    0x08000df8   0x08000df8   0x00000040   Code   RO         4499    i.BATTERY_DMA_Rx_ReStart  bsp_485_battery.o
    0x08000e38   0x08000e38   0x00000128   Code   RO         4500    i.BSP_Battery_Config  bsp_485_battery.o
    0x08000f60   0x08000f60   0x00000128   Code   RO         4575    i.BSP_RFID_Config   bsp_485_rfid.o
    0x08001088   0x08001088   0x0000000e   Code   RO         4937    i.Battery_Init      battery.o
    0x08001096   0x08001096   0x00000002   PAD
    0x08001098   0x08001098   0x0000007c   Code   RO         4938    i.Battery_ParseFrame  battery.o
    0x08001114   0x08001114   0x00000040   Code   RO         4939    i.Battery_SendRequest  battery.o
    0x08001154   0x08001154   0x00000064   Code   RO         4940    i.Battery_Update    battery.o
    0x080011b8   0x080011b8   0x00000014   Code   RO         4941    i.Battery_ifNeedCharge  battery.o
    0x080011cc   0x080011cc   0x0000001c   Code   RO         4942    i.Battery_isCharging  battery.o
    0x080011e8   0x080011e8   0x0000001c   Code   RO         4943    i.Battery_t_init    battery.o
    0x08001204   0x08001204   0x00000002   Code   RO          371    i.BusFault_Handler  stm32f4xx_it.o
    0x08001206   0x08001206   0x00000002   PAD
    0x08001208   0x08001208   0x0000000c   Code   RO          372    i.CAN1_RX0_IRQHandler  stm32f4xx_it.o
    0x08001214   0x08001214   0x0000000c   Code   RO          373    i.CAN1_TX_IRQHandler  stm32f4xx_it.o
    0x08001220   0x08001220   0x0000000c   Code   RO          374    i.CAN2_RX0_IRQHandler  stm32f4xx_it.o
    0x0800122c   0x0800122c   0x0000000c   Code   RO          375    i.CAN2_TX_IRQHandler  stm32f4xx_it.o
    0x08001238   0x08001238   0x0000000c   Code   RO         4576    i.DMA1_Stream0_IRQHandler  bsp_485_rfid.o
    0x08001244   0x08001244   0x0000000c   Code   RO         4651    i.DMA1_Stream1_IRQHandler  bsp_485_server.o
    0x08001250   0x08001250   0x0000000c   Code   RO         4652    i.DMA1_Stream3_IRQHandler  bsp_485_server.o
    0x0800125c   0x0800125c   0x0000000c   Code   RO         4501    i.DMA2_Stream6_IRQHandler  bsp_485_battery.o
    0x08001268   0x08001268   0x00000028   Code   RO         1255    i.DMA_CalcBaseAndBitshift  stm32f4xx_hal_dma.o
    0x08001290   0x08001290   0x00000054   Code   RO         1256    i.DMA_CheckFifoParam  stm32f4xx_hal_dma.o
    0x080012e4   0x080012e4   0x00000028   Code   RO         1257    i.DMA_SetConfig     stm32f4xx_hal_dma.o
    0x0800130c   0x0800130c   0x00000002   Code   RO          376    i.DebugMon_Handler  stm32f4xx_it.o
    0x0800130e   0x0800130e   0x00000002   PAD
    0x08001310   0x08001310   0x00000020   Code   RO         4735    i.Dummy_Init        controllerdummy.o
    0x08001330   0x08001330   0x0000001c   Code   RO         4736    i.Dummy_Reset       controllerdummy.o
    0x0800134c   0x0800134c   0x000000d8   Code   RO         4737    i.Dummy_Update      controllerdummy.o
    0x08001424   0x08001424   0x00000004   Code   RO           13    i.Error_Handler     main.o
    0x08001428   0x08001428   0x0000017c   Code   RO         5087    i.ExtractRFIDNumber  rfid.o
    0x080015a4   0x080015a4   0x00000030   Code   RO         5251    i.Filter_Init       first_order_filter.o
    0x080015d4   0x080015d4   0x00000058   Code   RO         5252    i.Filter_Update     first_order_filter.o
    0x0800162c   0x0800162c   0x00000010   Code   RO         4738    i.Get_MotorSpeed    controllerdummy.o
    0x0800163c   0x0800163c   0x0000000c   Code   RO         5088    i.Get_Number        rfid.o
    0x08001648   0x08001648   0x00000014   Code   RO         3566    i.Get_PGState       bsp_photogate.o
    0x0800165c   0x0800165c   0x0000000c   Code   RO         4944    i.Get_SOC           battery.o
    0x08001668   0x08001668   0x0000000c   Code   RO         4739    i.Get_SensorData    controllerdummy.o
    0x08001674   0x08001674   0x0000000c   Code   RO         4945    i.Get_current_A     battery.o
    0x08001680   0x08001680   0x00000018   Code   RO         3524    i.Get_frontlimitState  bsp_limitswitch.o
    0x08001698   0x08001698   0x0000000c   Code   RO         5152    i.Get_ifaction      server.o
    0x080016a4   0x080016a4   0x00000018   Code   RO         3525    i.Get_rearlimitState  bsp_limitswitch.o
    0x080016bc   0x080016bc   0x0000000c   Code   RO         5153    i.Get_serverMsg     server.o
    0x080016c8   0x080016c8   0x00000030   Code   RO         4740    i.Get_test_index    controllerdummy.o
    0x080016f8   0x080016f8   0x0000000c   Code   RO           14    i.Get_tick          main.o
    0x08001704   0x08001704   0x00000024   Code   RO          511    i.HAL_CAN_ActivateNotification  stm32f4xx_hal_can.o
    0x08001728   0x08001728   0x000000dc   Code   RO          512    i.HAL_CAN_AddTxMessage  stm32f4xx_hal_can.o
    0x08001804   0x08001804   0x0000010c   Code   RO          513    i.HAL_CAN_ConfigFilter  stm32f4xx_hal_can.o
    0x08001910   0x08001910   0x00000002   Code   RO          516    i.HAL_CAN_ErrorCallback  stm32f4xx_hal_can.o
    0x08001912   0x08001912   0x000000e8   Code   RO          519    i.HAL_CAN_GetRxMessage  stm32f4xx_hal_can.o
    0x080019fa   0x080019fa   0x000001fc   Code   RO          523    i.HAL_CAN_IRQHandler  stm32f4xx_hal_can.o
    0x08001bf6   0x08001bf6   0x0000011a   Code   RO          524    i.HAL_CAN_Init      stm32f4xx_hal_can.o
    0x08001d10   0x08001d10   0x00000134   Code   RO          271    i.HAL_CAN_MspInit   can.o
    0x08001e44   0x08001e44   0x00000002   Code   RO          531    i.HAL_CAN_RxFifo0FullCallback  stm32f4xx_hal_can.o
    0x08001e46   0x08001e46   0x00000002   PAD
    0x08001e48   0x08001e48   0x00000050   Code   RO         3326    i.HAL_CAN_RxFifo0MsgPendingCallback  bsp_can.o
    0x08001e98   0x08001e98   0x00000002   Code   RO          533    i.HAL_CAN_RxFifo1FullCallback  stm32f4xx_hal_can.o
    0x08001e9a   0x08001e9a   0x00000002   Code   RO          534    i.HAL_CAN_RxFifo1MsgPendingCallback  stm32f4xx_hal_can.o
    0x08001e9c   0x08001e9c   0x00000002   Code   RO          535    i.HAL_CAN_SleepCallback  stm32f4xx_hal_can.o
    0x08001e9e   0x08001e9e   0x00000002   PAD
    0x08001ea0   0x08001ea0   0x00000058   Code   RO          536    i.HAL_CAN_Start     stm32f4xx_hal_can.o
    0x08001ef8   0x08001ef8   0x00000002   Code   RO          538    i.HAL_CAN_TxMailbox0AbortCallback  stm32f4xx_hal_can.o
    0x08001efa   0x08001efa   0x00000002   Code   RO          539    i.HAL_CAN_TxMailbox0CompleteCallback  stm32f4xx_hal_can.o
    0x08001efc   0x08001efc   0x00000002   Code   RO          540    i.HAL_CAN_TxMailbox1AbortCallback  stm32f4xx_hal_can.o
    0x08001efe   0x08001efe   0x00000002   Code   RO          541    i.HAL_CAN_TxMailbox1CompleteCallback  stm32f4xx_hal_can.o
    0x08001f00   0x08001f00   0x00000002   Code   RO          542    i.HAL_CAN_TxMailbox2AbortCallback  stm32f4xx_hal_can.o
    0x08001f02   0x08001f02   0x00000002   Code   RO          543    i.HAL_CAN_TxMailbox2CompleteCallback  stm32f4xx_hal_can.o
    0x08001f04   0x08001f04   0x00000002   Code   RO          545    i.HAL_CAN_WakeUpFromRxMsgCallback  stm32f4xx_hal_can.o
    0x08001f06   0x08001f06   0x00000092   Code   RO         1258    i.HAL_DMA_Abort     stm32f4xx_hal_dma.o
    0x08001f98   0x08001f98   0x00000024   Code   RO         1259    i.HAL_DMA_Abort_IT  stm32f4xx_hal_dma.o
    0x08001fbc   0x08001fbc   0x00000062   Code   RO         1260    i.HAL_DMA_DeInit    stm32f4xx_hal_dma.o
    0x0800201e   0x0800201e   0x00000004   Code   RO         1261    i.HAL_DMA_GetError  stm32f4xx_hal_dma.o
    0x08002022   0x08002022   0x00000002   PAD
    0x08002024   0x08002024   0x000001a0   Code   RO         1263    i.HAL_DMA_IRQHandler  stm32f4xx_hal_dma.o
    0x080021c4   0x080021c4   0x000000d4   Code   RO         1264    i.HAL_DMA_Init      stm32f4xx_hal_dma.o
    0x08002298   0x08002298   0x0000006e   Code   RO         1268    i.HAL_DMA_Start_IT  stm32f4xx_hal_dma.o
    0x08002306   0x08002306   0x00000002   PAD
    0x08002308   0x08002308   0x00000234   Code   RO         1151    i.HAL_GPIO_Init     stm32f4xx_hal_gpio.o
    0x0800253c   0x0800253c   0x0000000a   Code   RO         1153    i.HAL_GPIO_ReadPin  stm32f4xx_hal_gpio.o
    0x08002546   0x08002546   0x0000000a   Code   RO         1155    i.HAL_GPIO_WritePin  stm32f4xx_hal_gpio.o
    0x08002550   0x08002550   0x0000000c   Code   RO         1703    i.HAL_GetTick       stm32f4xx_hal.o
    0x0800255c   0x0800255c   0x00000010   Code   RO         1709    i.HAL_IncTick       stm32f4xx_hal.o
    0x0800256c   0x0800256c   0x00000034   Code   RO         1710    i.HAL_Init          stm32f4xx_hal.o
    0x080025a0   0x080025a0   0x00000040   Code   RO         1711    i.HAL_InitTick      stm32f4xx_hal.o
    0x080025e0   0x080025e0   0x00000030   Code   RO          347    i.HAL_MspInit       stm32f4xx_hal_msp.o
    0x08002610   0x08002610   0x0000001a   Code   RO         1558    i.HAL_NVIC_EnableIRQ  stm32f4xx_hal_cortex.o
    0x0800262a   0x0800262a   0x00000002   PAD
    0x0800262c   0x0800262c   0x00000040   Code   RO         1564    i.HAL_NVIC_SetPriority  stm32f4xx_hal_cortex.o
    0x0800266c   0x0800266c   0x00000024   Code   RO         1565    i.HAL_NVIC_SetPriorityGrouping  stm32f4xx_hal_cortex.o
    0x08002690   0x08002690   0x00000134   Code   RO          745    i.HAL_RCC_ClockConfig  stm32f4xx_hal_rcc.o
    0x080027c4   0x080027c4   0x00000020   Code   RO          752    i.HAL_RCC_GetPCLK1Freq  stm32f4xx_hal_rcc.o
    0x080027e4   0x080027e4   0x00000020   Code   RO          753    i.HAL_RCC_GetPCLK2Freq  stm32f4xx_hal_rcc.o
    0x08002804   0x08002804   0x00000064   Code   RO          754    i.HAL_RCC_GetSysClockFreq  stm32f4xx_hal_rcc.o
    0x08002868   0x08002868   0x0000036c   Code   RO          757    i.HAL_RCC_OscConfig  stm32f4xx_hal_rcc.o
    0x08002bd4   0x08002bd4   0x00000028   Code   RO         1569    i.HAL_SYSTICK_Config  stm32f4xx_hal_cortex.o
    0x08002bfc   0x08002bfc   0x0000005a   Code   RO         1960    i.HAL_TIM_Base_Init  stm32f4xx_hal_tim.o
    0x08002c56   0x08002c56   0x00000002   Code   RO         1962    i.HAL_TIM_Base_MspInit  stm32f4xx_hal_tim.o
    0x08002c58   0x08002c58   0x00000080   Code   RO         1965    i.HAL_TIM_Base_Start_IT  stm32f4xx_hal_tim.o
    0x08002cd8   0x08002cd8   0x000000cc   Code   RO         2032    i.HAL_TIM_PWM_ConfigChannel  stm32f4xx_hal_tim.o
    0x08002da4   0x08002da4   0x0000005a   Code   RO         2035    i.HAL_TIM_PWM_Init  stm32f4xx_hal_tim.o
    0x08002dfe   0x08002dfe   0x00000002   Code   RO         2037    i.HAL_TIM_PWM_MspInit  stm32f4xx_hal_tim.o
    0x08002e00   0x08002e00   0x000000c8   Code   RO         2040    i.HAL_TIM_PWM_Start  stm32f4xx_hal_tim.o
    0x08002ec8   0x08002ec8   0x00000002   Code   RO         2942    i.HAL_UARTEx_RxEventCallback  stm32f4xx_hal_uart.o
    0x08002eca   0x08002eca   0x00000094   Code   RO         2945    i.HAL_UART_AbortReceive  stm32f4xx_hal_uart.o
    0x08002f5e   0x08002f5e   0x00000070   Code   RO         2954    i.HAL_UART_DMAStop  stm32f4xx_hal_uart.o
    0x08002fce   0x08002fce   0x00000034   Code   RO         2955    i.HAL_UART_DeInit   stm32f4xx_hal_uart.o
    0x08003002   0x08003002   0x00000002   Code   RO         2956    i.HAL_UART_ErrorCallback  stm32f4xx_hal_uart.o
    0x08003004   0x08003004   0x00000268   Code   RO         2959    i.HAL_UART_IRQHandler  stm32f4xx_hal_uart.o
    0x0800326c   0x0800326c   0x00000062   Code   RO         2960    i.HAL_UART_Init     stm32f4xx_hal_uart.o
    0x080032ce   0x080032ce   0x00000002   Code   RO         2961    i.HAL_UART_MspDeInit  stm32f4xx_hal_uart.o
    0x080032d0   0x080032d0   0x00000002   Code   RO         2962    i.HAL_UART_MspInit  stm32f4xx_hal_uart.o
    0x080032d2   0x080032d2   0x0000002a   Code   RO         2964    i.HAL_UART_Receive_DMA  stm32f4xx_hal_uart.o
    0x080032fc   0x080032fc   0x00000002   Code   RO         2966    i.HAL_UART_RxCpltCallback  stm32f4xx_hal_uart.o
    0x080032fe   0x080032fe   0x00000002   Code   RO         2967    i.HAL_UART_RxHalfCpltCallback  stm32f4xx_hal_uart.o
    0x08003300   0x08003300   0x000000b2   Code   RO         2968    i.HAL_UART_Transmit  stm32f4xx_hal_uart.o
    0x080033b2   0x080033b2   0x00000002   PAD
    0x080033b4   0x080033b4   0x0000008c   Code   RO         2969    i.HAL_UART_Transmit_DMA  stm32f4xx_hal_uart.o
    0x08003440   0x08003440   0x00000030   Code   RO          477    i.HAL_UART_TxCpltCallback  usart_callback.o
    0x08003470   0x08003470   0x00000002   Code   RO         2972    i.HAL_UART_TxHalfCpltCallback  stm32f4xx_hal_uart.o
    0x08003472   0x08003472   0x00000002   Code   RO          377    i.HardFault_Handler  stm32f4xx_it.o
    0x08003474   0x08003474   0x00000108   Code   RO         4857    i.Init              chassiscontroller.o
    0x0800357c   0x0800357c   0x00000034   Code   RO         3372    i.Key_GPIO_Config   bsp_key.o
    0x080035b0   0x080035b0   0x00000004   Code   RO         3411    i.L298N_Config      bsp_l298n.o
    0x080035b4   0x080035b4   0x00000070   Code   RO         3476    i.LED_GPIO_Config   bsp_led.o
    0x08003624   0x08003624   0x00000048   Code   RO         3526    i.Limit_Switch_Config  bsp_limitswitch.o
    0x0800366c   0x0800366c   0x00000048   Code   RO          272    i.MX_CAN1_Init      can.o
    0x080036b4   0x080036b4   0x0000006c   Code   RO          323    i.MX_GPIO_Init      gpio.o
    0x08003720   0x08003720   0x00000002   Code   RO          378    i.MemManage_Handler  stm32f4xx_it.o
    0x08003722   0x08003722   0x00000040   Code   RO         3327    i.Motor_measure_fun  bsp_can.o
    0x08003762   0x08003762   0x00000010   Code   RO         5154    i.MsgQueue_Init     server.o
    0x08003772   0x08003772   0x00000002   PAD
    0x08003774   0x08003774   0x00000054   Code   RO         5155    i.MsgQueue_Pop      server.o
    0x080037c8   0x080037c8   0x0000004c   Code   RO         5156    i.MsgQueue_Push     server.o
    0x08003814   0x08003814   0x00000002   Code   RO          379    i.NMI_Handler       stm32f4xx_it.o
    0x08003816   0x08003816   0x00000016   Code   RO         3657    i.PID_Init          pid.o
    0x0800382c   0x0800382c   0x0000018c   Code   RO         3658    i.PID_calc          pid.o
    0x080039b8   0x080039b8   0x00000002   Code   RO          380    i.PendSV_Handler    stm32f4xx_it.o
    0x080039ba   0x080039ba   0x00000002   PAD
    0x080039bc   0x080039bc   0x0000003c   Code   RO         3567    i.Photogate_Config  bsp_photogate.o
    0x080039f8   0x080039f8   0x00000018   Code   RO         3568    i.Photogate_Update  bsp_photogate.o
    0x08003a10   0x08003a10   0x00000020   Code   RO         3412    i.PushRod_Backward  bsp_l298n.o
    0x08003a30   0x08003a30   0x00000020   Code   RO         3413    i.PushRod_Forward   bsp_l298n.o
    0x08003a50   0x08003a50   0x00000020   Code   RO         3414    i.PushRod_StartCharge  bsp_l298n.o
    0x08003a70   0x08003a70   0x00000034   Code   RO         3415    i.PushRod_Stop      bsp_l298n.o
    0x08003aa4   0x08003aa4   0x00000020   Code   RO         3416    i.PushRod_StopCharge  bsp_l298n.o
    0x08003ac4   0x08003ac4   0x00000108   Code   RO         4903    i.RC_Control        controllerrc.o
    0x08003bcc   0x08003bcc   0x0000000c   Code   RO         5027    i.RC_GetData        rc.o
    0x08003bd8   0x08003bd8   0x00000010   Code   RO         5028    i.RC_GetDummyMode   rc.o
    0x08003be8   0x08003be8   0x00000010   Code   RO         5029    i.RC_GetMode        rc.o
    0x08003bf8   0x08003bf8   0x00000004   Code   RO         5030    i.RC_Init           rc.o
    0x08003bfc   0x08003bfc   0x00000044   Code   RO         5031    i.RC_Update         rc.o
    0x08003c40   0x08003c40   0x0000001c   Code   RO         4904    i.RC_ctrl_Update    controllerrc.o
    0x08003c5c   0x08003c5c   0x00000004   Code   RO         5089    i.RFID_Config       rfid.o
    0x08003c60   0x08003c60   0x00000040   Code   RO         4577    i.RFID_DMA_Rx_ReStart  bsp_485_rfid.o
    0x08003ca0   0x08003ca0   0x0000000c   Code   RO         5091    i.RFID_SendCommand  rfid.o
    0x08003cac   0x08003cac   0x00000020   Code   RO         4578    i.RFID_SendStr      bsp_485_rfid.o
    0x08003ccc   0x08003ccc   0x00000050   Code   RO         5092    i.RFID_Update       rfid.o
    0x08003d1c   0x08003d1c   0x00000060   Code   RO         4400    i.RGB_Config        bsp_rgb.o
    0x08003d7c   0x08003d7c   0x00000078   Code   RO         4402    i.RGB_ON            bsp_rgb.o
    0x08003df4   0x08003df4   0x00000018   Code   RO         4741    i.Reset_flag        controllerdummy.o
    0x08003e0c   0x08003e0c   0x000000b0   Code   RO         5032    i.SBUS_TO_RC        rc.o
    0x08003ebc   0x08003ebc   0x00000002   Code   RO          381    i.SVC_Handler       stm32f4xx_it.o
    0x08003ebe   0x08003ebe   0x00000002   PAD
    0x08003ec0   0x08003ec0   0x00000030   Code   RO         4742    i.Sensor_t_Init     controllerdummy.o
    0x08003ef0   0x08003ef0   0x00000020   Code   RO         4743    i.Sensor_t_Reset    controllerdummy.o
    0x08003f10   0x08003f10   0x00000098   Code   RO         4744    i.Sensor_t_Update   controllerdummy.o
    0x08003fa8   0x08003fa8   0x0000001a   Code   RO         5157    i.ServerMsg_Init    server.o
    0x08003fc2   0x08003fc2   0x00000002   PAD
    0x08003fc4   0x08003fc4   0x0000001c   Code   RO         5158    i.Server_Init       server.o
    0x08003fe0   0x08003fe0   0x00000020   Code   RO         4653    i.Server_SendString  bsp_485_server.o
    0x08004000   0x08004000   0x000000d8   Code   RO         5159    i.Server_Update     server.o
    0x080040d8   0x080040d8   0x0000002c   Code   RO         4858    i.Set_RGB           chassiscontroller.o
    0x08004104   0x08004104   0x00000044   Code   RO         3328    i.Set_motor_cmd     bsp_can.o
    0x08004148   0x08004148   0x00000024   Code   RO         4745    i.SetxSpeed         controllerdummy.o
    0x0800416c   0x0800416c   0x0000000c   Code   RO         4746    i.SetySpeed         controllerdummy.o
    0x08004178   0x08004178   0x00000010   Code   RO         4747    i.StateMachine_Init  controllerdummy.o
    0x08004188   0x08004188   0x00000584   Code   RO         4748    i.SwitchState       controllerdummy.o
    0x0800470c   0x0800470c   0x00000004   Code   RO          382    i.SysTick_Handler   stm32f4xx_it.o
    0x08004710   0x08004710   0x00000094   Code   RO           15    i.SystemClock_Config  main.o
    0x080047a4   0x080047a4   0x00000010   Code   RO         3289    i.SystemInit        system_stm32f4xx.o
    0x080047b4   0x080047b4   0x00000028   Code   RO          383    i.TIM2_IRQHandler   stm32f4xx_it.o
    0x080047dc   0x080047dc   0x000000c8   Code   RO         2053    i.TIM_Base_SetConfig  stm32f4xx_hal_tim.o
    0x080048a4   0x080048a4   0x0000001a   Code   RO         2054    i.TIM_CCxChannelCmd  stm32f4xx_hal_tim.o
    0x080048be   0x080048be   0x00000002   PAD
    0x080048c0   0x080048c0   0x00000060   Code   RO         2066    i.TIM_OC1_SetConfig  stm32f4xx_hal_tim.o
    0x08004920   0x08004920   0x0000006c   Code   RO         2067    i.TIM_OC2_SetConfig  stm32f4xx_hal_tim.o
    0x0800498c   0x0800498c   0x00000068   Code   RO         2068    i.TIM_OC3_SetConfig  stm32f4xx_hal_tim.o
    0x080049f4   0x080049f4   0x00000050   Code   RO         2069    i.TIM_OC4_SetConfig  stm32f4xx_hal_tim.o
    0x08004a44   0x08004a44   0x00000054   Code   RO         3703    i.Time_Init         time.o
    0x08004a98   0x08004a98   0x00000150   Code   RO         4654    i.UART7_Config      bsp_485_server.o
    0x08004be8   0x08004be8   0x00000050   Code   RO         4655    i.UART7_IRQHandler  bsp_485_server.o
    0x08004c38   0x08004c38   0x00000070   Code   RO         4579    i.UART8_IRQHandler  bsp_485_rfid.o
    0x08004ca8   0x08004ca8   0x00000010   Code   RO         2973    i.UART_DMAAbortOnError  stm32f4xx_hal_uart.o
    0x08004cb8   0x08004cb8   0x0000004a   Code   RO         2974    i.UART_DMAError     stm32f4xx_hal_uart.o
    0x08004d02   0x08004d02   0x00000082   Code   RO         2975    i.UART_DMAReceiveCplt  stm32f4xx_hal_uart.o
    0x08004d84   0x08004d84   0x0000001a   Code   RO         2977    i.UART_DMARxHalfCplt  stm32f4xx_hal_uart.o
    0x08004d9e   0x08004d9e   0x00000042   Code   RO         2979    i.UART_DMATransmitCplt  stm32f4xx_hal_uart.o
    0x08004de0   0x08004de0   0x0000000a   Code   RO         2981    i.UART_DMATxHalfCplt  stm32f4xx_hal_uart.o
    0x08004dea   0x08004dea   0x0000004e   Code   RO         2983    i.UART_EndRxTransfer  stm32f4xx_hal_uart.o
    0x08004e38   0x08004e38   0x0000001c   Code   RO         2984    i.UART_EndTxTransfer  stm32f4xx_hal_uart.o
    0x08004e54   0x08004e54   0x000000c0   Code   RO         2985    i.UART_Receive_IT   stm32f4xx_hal_uart.o
    0x08004f14   0x08004f14   0x0000010c   Code   RO         2986    i.UART_SetConfig    stm32f4xx_hal_uart.o
    0x08005020   0x08005020   0x00000090   Code   RO         2987    i.UART_Start_Receive_DMA  stm32f4xx_hal_uart.o
    0x080050b0   0x080050b0   0x00000078   Code   RO         2989    i.UART_WaitOnFlagUntilTimeout  stm32f4xx_hal_uart.o
    0x08005128   0x08005128   0x0000004c   Code   RO         4436    i.USART1_IRQHandler  bsp_rc.o
    0x08005174   0x08005174   0x00000070   Code   RO         4502    i.USART6_IRQHandler  bsp_485_battery.o
    0x080051e4   0x080051e4   0x00000138   Code   RO         3605    i.Ultrawave_Config  bsp_ultrawave.o
    0x0800531c   0x0800531c   0x00000088   Code   RO         3607    i.Ultrawave_Update  bsp_ultrawave.o
    0x080053a4   0x080053a4   0x0000012c   Code   RO         4859    i.Update            chassiscontroller.o
    0x080054d0   0x080054d0   0x00000002   Code   RO          384    i.UsageFault_Handler  stm32f4xx_it.o
    0x080054d2   0x080054d2   0x00000002   PAD
    0x080054d4   0x080054d4   0x00000054   Code   RO         5253    i.VxFilter_GetResult  first_order_filter.o
    0x08005528   0x08005528   0x00000044   Code   RO         5254    i.VxFilter_Init     first_order_filter.o
    0x0800556c   0x0800556c   0x00000038   Code   RO         5255    i.VxFilter_Update   first_order_filter.o
    0x080055a4   0x080055a4   0x00000020   Code   RO         5564    i.__0printf         mc_w.l(printfa.o)
    0x080055c4   0x080055c4   0x00000034   Code   RO         5565    i.__0snprintf       mc_w.l(printfa.o)
    0x080055f8   0x080055f8   0x00000020   Code   RO         1571    i.__NVIC_SetPriority  stm32f4xx_hal_cortex.o
    0x08005618   0x08005618   0x0000005c   Code   RO         5596    i.__free$realloc    mc_w.l(mallocr.o)
    0x08005674   0x08005674   0x00000004   PAD
    0x08005678   0x08005678   0x00000028   Code   RO         5302    i.__hardfp_strtod   m_wm.l(strtod.o)
    0x080056a0   0x080056a0   0x00000050   Code   RO         5597    i.__malloc$realloc  mc_w.l(mallocr.o)
    0x080056f0   0x080056f0   0x0000000e   Code   RO         5697    i.__scatterload_copy  mc_w.l(handlers.o)
    0x080056fe   0x080056fe   0x00000002   Code   RO         5698    i.__scatterload_null  mc_w.l(handlers.o)
    0x08005700   0x08005700   0x0000000e   Code   RO         5699    i.__scatterload_zeroinit  mc_w.l(handlers.o)
    0x0800570e   0x0800570e   0x00000002   PAD
    0x08005710   0x08005710   0x00000184   Code   RO         5571    i._fp_digits        mc_w.l(printfa.o)
    0x08005894   0x08005894   0x0000000e   Code   RO         5624    i._is_digit         mc_w.l(scanf_fp.o)
    0x080058a2   0x080058a2   0x00000002   PAD
    0x080058a4   0x080058a4   0x000006b4   Code   RO         5572    i._printf_core      mc_w.l(printfa.o)
    0x08005f58   0x08005f58   0x00000024   Code   RO         5573    i._printf_post_padding  mc_w.l(printfa.o)
    0x08005f7c   0x08005f7c   0x0000002e   Code   RO         5574    i._printf_pre_padding  mc_w.l(printfa.o)
    0x08005faa   0x08005faa   0x00000016   Code   RO         5575    i._snputc           mc_w.l(printfa.o)
    0x08005fc0   0x08005fc0   0x00000038   Code   RO         5160    i.append_string     server.o
    0x08005ff8   0x08005ff8   0x00000020   Code   RO         4503    i.battery_SendString  bsp_485_battery.o
    0x08006018   0x08006018   0x0000000c   Code   RO         4946    i.battery_if_rx_lock  battery.o
    0x08006024   0x08006024   0x00000090   Code   RO         4947    i.battery_uart_send_frame  battery.o
    0x080060b4   0x080060b4   0x000000fc   Code   RO         4437    i.bsp_rc_Config     bsp_rc.o
    0x080061b0   0x080061b0   0x00000030   Code   RO         3780    i.buffer_skip_whitespace  cjson.o
    0x080061e0   0x080061e0   0x00000050   Code   RO         3812    i.cJSON_Delete      cjson.o
    0x08006230   0x08006230   0x00000006   Code   RO         3825    i.cJSON_GetObjectItem  cjson.o
    0x08006236   0x08006236   0x00000012   Code   RO         3839    i.cJSON_IsString    cjson.o
    0x08006248   0x08006248   0x00000016   Code   RO         3842    i.cJSON_New_Item    cjson.o
    0x0800625e   0x0800625e   0x00000008   Code   RO         3843    i.cJSON_Parse       cjson.o
    0x08006266   0x08006266   0x00000002   PAD
    0x08006268   0x08006268   0x000000dc   Code   RO         3845    i.cJSON_ParseWithLengthOpts  cjson.o
    0x08006344   0x08006344   0x00000022   Code   RO         3846    i.cJSON_ParseWithOpts  cjson.o
    0x08006366   0x08006366   0x00000002   PAD
    0x08006368   0x08006368   0x00000058   Code   RO         3329    i.can_filter_init   bsp_can.o
    0x080063c0   0x080063c0   0x00000010   Code   RO         4504    i.clean_battery_rebuff  bsp_485_battery.o
    0x080063d0   0x080063d0   0x0000001c   Code   RO         4441    i.clean_rc_rebuff   bsp_rc.o
    0x080063ec   0x080063ec   0x00000010   Code   RO         4580    i.clean_rfid_rebuff  bsp_485_rfid.o
    0x080063fc   0x080063fc   0x00000020   Code   RO         4656    i.clean_server_rebuff  bsp_485_server.o
    0x0800641c   0x0800641c   0x00000018   Code   RO         3736    i.fputc             bsp_debug_usart.o
    0x08006434   0x08006434   0x00000020   Code   RO         4505    i.get_battery_rebuff  bsp_485_battery.o
    0x08006454   0x08006454   0x0000000c   Code   RO         4506    i.get_battery_rx_complete  bsp_485_battery.o
    0x08006460   0x08006460   0x0000002a   Code   RO         4749    i.get_direction     controllerdummy.o
    0x0800648a   0x0800648a   0x0000007a   Code   RO         3865    i.get_object_item   cjson.o
    0x08006504   0x08006504   0x00000014   Code   RO         4750    i.get_previous_point  controllerdummy.o
    0x08006518   0x08006518   0x00000020   Code   RO         4442    i.get_rc_rebuff     bsp_rc.o
    0x08006538   0x08006538   0x00000020   Code   RO         4581    i.get_rfid_rebuff   bsp_485_rfid.o
    0x08006558   0x08006558   0x0000000c   Code   RO         4582    i.get_rfid_rx_complete  bsp_485_rfid.o
    0x08006564   0x08006564   0x00000020   Code   RO         4657    i.get_server_rebuff  bsp_485_server.o
    0x08006584   0x08006584   0x0000000c   Code   RO         4658    i.if_server_complete  bsp_485_server.o
    0x08006590   0x08006590   0x0000000e   Code   RO         4751    i.if_target_valid   controllerdummy.o
    0x0800659e   0x0800659e   0x00000002   PAD
    0x080065a0   0x080065a0   0x00000050   Code   RO         5598    i.internal_alloc    mc_w.l(mallocr.o)
    0x080065f0   0x080065f0   0x00000028   Code   RO         3417    i.l298n_GPIO_Config  bsp_l298n.o
    0x08006618   0x08006618   0x0000001c   Code   RO           16    i.main              main.o
    0x08006634   0x08006634   0x00000046   Code   RO         5161    i.parseStringToUint8  server.o
    0x0800667a   0x0800667a   0x000000d0   Code   RO         3867    i.parse_array       cjson.o
    0x0800674a   0x0800674a   0x00000040   Code   RO         3868    i.parse_hex4        cjson.o
    0x0800678a   0x0800678a   0x00000002   PAD
    0x0800678c   0x0800678c   0x00000100   Code   RO         3869    i.parse_number      cjson.o
    0x0800688c   0x0800688c   0x00000110   Code   RO         3870    i.parse_object      cjson.o
    0x0800699c   0x0800699c   0x0000010c   Code   RO         3871    i.parse_string      cjson.o
    0x08006aa8   0x08006aa8   0x000000fc   Code   RO         3872    i.parse_value       cjson.o
    0x08006ba4   0x08006ba4   0x0000015c   Code   RO         5162    i.process_json      server.o
    0x08006d00   0x08006d00   0x0000006c   Code   RO         5599    i.realloc           mc_w.l(mallocr.o)
    0x08006d6c   0x08006d6c   0x0000000c   Code   RO         5093    i.rfid_if_rx_lock   rfid.o
    0x08006d78   0x08006d78   0x0000099c   Code   RO         5163    i.send_json_response  server.o
    0x08007714   0x08007714   0x0000000c   Code   RO         4659    i.uart7_tx_cplt     bsp_485_server.o
    0x08007720   0x08007720   0x0000000c   Code   RO         4583    i.uart8_tx_cplt     bsp_485_rfid.o
    0x0800772c   0x0800772c   0x0000000c   Code   RO         4507    i.usart6_tx_cplt    bsp_485_battery.o
    0x08007738   0x08007738   0x000000d2   Code   RO         3881    i.utf16_literal_to_utf8  cjson.o
    0x0800780a   0x0800780a   0x00000008   Data   RO         1270    .constdata          stm32f4xx_hal_dma.o
    0x08007812   0x08007812   0x00000010   Data   RO         3290    .constdata          system_stm32f4xx.o
    0x08007822   0x08007822   0x00000008   Data   RO         3291    .constdata          system_stm32f4xx.o
    0x0800782a   0x0800782a   0x00000040   Data   RO         5693    .constdata          mc_w.l(ctype_c.o)
    0x0800786a   0x0800786a   0x00000002   PAD
    0x0800786c   0x0800786c   0x00000045   Data   RO         4753    .conststring        controllerdummy.o
    0x080078b1   0x080078b1   0x00000003   PAD
    0x080078b4   0x080078b4   0x00000020   Data   RO         5695    Region$$Table       anon$$obj.o


    Execution Region RW_IRAM2 (Exec base: 0x10000000, Load base: 0x08007924, Size: 0x00000000, Max: 0x00010000, ABSOLUTE)

    **** No section assigned to this execution region ****


    Execution Region RW_IRAM1 (Exec base: 0x20000000, Load base: 0x080078d4, Size: 0x00003a18, Max: 0x00030000, ABSOLUTE, COMPRESSED[0x00000050])

    Exec Addr    Load Addr    Size         Type   Attr      Idx    E Section Name        Object

    0x20000000   COMPRESSED   0x00000004   Data   RW           17    .data               main.o
    0x20000004   COMPRESSED   0x00000004   Data   RW          275    .data               can.o
    0x20000008   COMPRESSED   0x0000000c   Data   RW         1717    .data               stm32f4xx_hal.o
    0x20000014   COMPRESSED   0x00000004   Data   RW         3292    .data               system_stm32f4xx.o
    0x20000018   COMPRESSED   0x00000009   Data   RW         3331    .data               bsp_can.o
    0x20000021   COMPRESSED   0x00000001   Data   RW         3569    .data               bsp_photogate.o
    0x20000022   COMPRESSED   0x00000010   Data   RW         3611    .data               bsp_ultrawave.o
    0x20000032   COMPRESSED   0x00000002   PAD
    0x20000034   COMPRESSED   0x00000014   Data   RW         3883    .data               cjson.o
    0x20000048   COMPRESSED   0x00000004   Data   RW         4444    .data               bsp_rc.o
    0x2000004c   COMPRESSED   0x00000004   Data   RW         4509    .data               bsp_485_battery.o
    0x20000050   COMPRESSED   0x00000004   Data   RW         4585    .data               bsp_485_rfid.o
    0x20000054   COMPRESSED   0x00000004   Data   RW         4662    .data               bsp_485_server.o
    0x20000058   COMPRESSED   0x00000048   Data   RW         4754    .data               controllerdummy.o
    0x200000a0   COMPRESSED   0x00000040   Data   RW         4861    .data               chassiscontroller.o
    0x200000e0   COMPRESSED   0x00000004   Data   RW         4906    .data               controllerrc.o
    0x200000e4   COMPRESSED   0x0000000c   Data   RW         4949    .data               battery.o
    0x200000f0   COMPRESSED   0x00000008   Data   RW         5034    .data               rc.o
    0x200000f8   COMPRESSED   0x00000014   Data   RW         5094    .data               rfid.o
    0x2000010c   COMPRESSED   0x0000002c   Data   RW         5165    .data               server.o
    0x20000138   COMPRESSED   0x00000004   Data   RW         5656    .data               mc_w.l(stdout.o)
    0x2000013c   COMPRESSED   0x00000004   Data   RW         5665    .data               mc_w.l(mvars.o)
    0x20000140   COMPRESSED   0x00000004   Data   RW         5666    .data               mc_w.l(mvars.o)
    0x20000144        -       0x00000050   Zero   RW          274    .bss                can.o
    0x20000194        -       0x00000018   Zero   RW         3330    .bss                bsp_can.o
    0x200001ac        -       0x00000090   Zero   RW         3610    .bss                bsp_ultrawave.o
    0x2000023c        -       0x00000048   Zero   RW         3704    .bss                time.o
    0x20000284        -       0x00000044   Zero   RW         3737    .bss                bsp_debug_usart.o
    0x200002c8        -       0x000000c8   Zero   RW         4443    .bss                bsp_rc.o
    0x20000390        -       0x00000904   Zero   RW         4508    .bss                bsp_485_battery.o
    0x20000c94        -       0x00000304   Zero   RW         4584    .bss                bsp_485_rfid.o
    0x20000f98        -       0x00000504   Zero   RW         4660    .bss                bsp_485_server.o
    0x2000149c        -       0x0000006c   Zero   RW         4752    .bss                controllerdummy.o
    0x20001508        -       0x00000260   Zero   RW         4860    .bss                chassiscontroller.o
    0x20001768        -       0x0000003c   Zero   RW         4905    .bss                controllerrc.o
    0x200017a4        -       0x0000010c   Zero   RW         4948    .bss                battery.o
    0x200018b0        -       0x00000016   Zero   RW         5033    .bss                rc.o
    0x200018c6   COMPRESSED   0x00000002   PAD
    0x200018c8        -       0x00000e4b   Zero   RW         5164    .bss                server.o
    0x20002713   COMPRESSED   0x00000005   PAD
    0x20002718        -       0x00000f00   Zero   RW            2    HEAP                startup_stm32f427xx.o
    0x20003618        -       0x00000400   Zero   RW            1    STACK               startup_stm32f427xx.o


==============================================================================

Image component sizes


      Code (inc. data)   RO Data    RW Data    ZI Data      Debug   Object Name

       558        112          0         12        268       8369   battery.o
       588         80          0          4       2308       6348   bsp_485_battery.o
       588         80          0          4        772       6212   bsp_485_rfid.o
       560         86          0          4       1284       6283   bsp_485_server.o
       300         34          0          9         24       3182   bsp_can.o
        24          4          0          0         68        793   bsp_debug_usart.o
        52          8          0          0          0       1009   bsp_key.o
       224         24          0          0          0       4046   bsp_l298n.o
       112         12          0          0          0        998   bsp_led.o
       120         20          0          0          0       2081   bsp_limitswitch.o
       104         24          0          1          0       2264   bsp_photogate.o
       388         50          0          4        200       3406   bsp_rc.o
       216         20          0          0          0       1586   bsp_rgb.o
       448         38          0         16        144       2468   bsp_ultrawave.o
       380         38          0          4         80       2075   can.o
       608         46          0         64        608       4905   chassiscontroller.o
      2088         66          0         20          0      19364   cjson.o
      2160        208         69         72        108      13297   controllerdummy.o
       292         26          0          4         60       1929   controllerrc.o
       344         22          0          0          0       3865   first_order_filter.o
       108          6          0          0          0        999   gpio.o
       192         18          0          4          0     761402   main.o
       418          8          0          0          0       2154   pid.o
       292         20          0          8         22       4615   rc.o
       500         32          0         20          0       4332   rfid.o
         0          0          0          0          0        408   robot_config.o
      3404       1010          0         44       3659      12143   server.o
        36          8        428          0       4864        860   startup_stm32f427xx.o
       144         24          0         12          0       9097   stm32f4xx_hal.o
      1658          6          0          0          0      14767   stm32f4xx_hal_can.o
       198         14          0          0          0      34103   stm32f4xx_hal_cortex.o
      1186         16          8          0          0       8946   stm32f4xx_hal_dma.o
       584         54          0          0          0       2963   stm32f4xx_hal_gpio.o
        48          6          0          0          0        906   stm32f4xx_hal_msp.o
      1348         76          0          0          0       5384   stm32f4xx_hal_rcc.o
      1330        136          0          0          0      11271   stm32f4xx_hal_tim.o
      2552         44          0          0          0      21455   stm32f4xx_hal_uart.o
       108         34          0          0          0       6894   stm32f4xx_it.o
        16          4         24          4          0       1199   system_stm32f4xx.o
        84          8          0          0         72       1080   time.o
        48         14          0          0          0        974   usart_callback.o

    ----------------------------------------------------------------------
     24446       2536        564        312      14548    1000432   Object Totals
         0          0         32          0          0          0   (incl. Generated)
        38          0          3          2          7          0   (incl. Padding)

    ----------------------------------------------------------------------

      Code (inc. data)   RO Data    RW Data    ZI Data      Debug   Library Member Name

        40         10          0          0          0        128   strtod.o
        86          0          0          0          0          0   __dczerorl2.o
        64          0          0          0          0         84   _sgetc.o
        40          6         64          0          0         68   ctype_c.o
         0          0          0          0          0          0   entry.o
         0          0          0          0          0          0   entry10a.o
         0          0          0          0          0          0   entry11a.o
         4          0          0          0          0          0   entry12b.o
         8          4          0          0          0          0   entry2.o
         4          0          0          0          0          0   entry5.o
         0          0          0          0          0          0   entry7b.o
         0          0          0          0          0          0   entry8b.o
         8          4          0          0          0          0   entry9a.o
        30          0          0          0          0          0   handlers.o
        36          8          0          0          0         68   init.o
        10          0          0          0          0         68   isspace_c.o
         0          0          0          0          0          0   iusefp.o
        30          0          0          0          0         68   llshl.o
        36          0          0          0          0         68   llsshr.o
        32          0          0          0          0         68   llushr.o
       360         30          0          0          0        356   mallocr.o
        36          0          0          0          0         68   memcpya.o
        36          0          0          0          0        108   memseta.o
         0          0          0          8          0          0   mvars.o
      2292         94          0          0          0        620   printfa.o
       878         12          0          0          0        216   scanf_fp.o
         0          0          0          4          0          0   stdout.o
        28          0          0          0          0         76   strcmp.o
        14          0          0          0          0         68   strlen.o
        30          0          0          0          0         80   strncmp.o
        24          0          0          0          0         76   strncpy.o
       156         12          0          0          0        120   strtod.o
        12          0          0          0          0         68   tolower.o
        44          0          0          0          0         80   uidiv.o
        98          0          0          0          0         92   uldiv.o
        48          0          0          0          0         68   cdcmple.o
        48          0          0          0          0         68   cdrcmple.o
        56          0          0          0          0         88   d2f.o
       334          0          0          0          0        148   dadd.o
       222          0          0          0          0        100   ddiv.o
       186          0          0          0          0        176   depilogue.o
        62          0          0          0          0         80   dfixi.o
        48          0          0          0          0         68   dfixul.o
        24          0          0          0          0         76   dfltul.o
       228          0          0          0          0         96   dmul.o
        38          0          0          0          0         68   f2d.o
       110          0          0          0          0        168   fepilogue.o

    ----------------------------------------------------------------------
      5856        184         66         12          0       3852   Library Totals
        16          4          2          0          0          0   (incl. Padding)

    ----------------------------------------------------------------------

      Code (inc. data)   RO Data    RW Data    ZI Data      Debug   Library Name

        40         10          0          0          0        128   m_wm.l
      4396        170         64         12          0       2520   mc_w.l
      1404          0          0          0          0       1204   mf_w.l

    ----------------------------------------------------------------------
      5856        184         66         12          0       3852   Library Totals

    ----------------------------------------------------------------------

==============================================================================


      Code (inc. data)   RO Data    RW Data    ZI Data      Debug   

     30302       2720        630        324      14548     979140   Grand Totals
     30302       2720        630         80      14548     979140   ELF Image Totals (compressed)
     30302       2720        630         80          0          0   ROM Totals

==============================================================================

    Total RO  Size (Code + RO Data)                30932 (  30.21kB)
    Total RW  Size (RW Data + ZI Data)             14872 (  14.52kB)
    Total ROM Size (Code + RO Data + RW Data)      31012 (  30.29kB)

==============================================================================

