<html>
<body>
<pre>
<h1>µVision Build Log</h1>
<h2>Tool Versions:</h2>
IDE-Version: ¦ÌVision V5.40.0.0
Copyright (C) 2024 ARM Ltd and ARM Germany GmbH. All rights reserved.
License Information: 1 Lexi, 1, LIC=03C6R-KW7UV-MMT9I-T948Q-7PG1K-PEZBI
 
Tool Versions:
Toolchain:       MDK-ARM Plus  Version: 5.40.0.3
Toolchain Path:  E:\download\Keil_v5\ARM\ARMCC\Bin
C Compiler:      Armcc.exe V5.06 update 7 (build 960)
Assembler:       Armasm.exe V5.06 update 7 (build 960)
Linker/Locator:  ArmLink.exe V5.06 update 7 (build 960)
Library Manager: ArmAr.exe V5.06 update 7 (build 960)
Hex Converter:   FromElf.exe V5.06 update 7 (build 960)
CPU DLL:         SARMCM3.DLL V5.40.0.3
Dialog DLL:      DCM.DLL V1.17.5.0
Target DLL:      CMSIS_AGDI.dll V1.33.18.0
Dialog DLL:      TCM.DLL V1.56.4.0
 
<h2>Project:</h2>
D:\SUSTech\Research\project\Robot\robo_012(9.11)\MDK-ARM\robot_012.uvprojx
Project File Date:  09/12/2025

<h2>Output:</h2>
*** Using Compiler 'V5.06 update 7 (build 960)', folder: 'E:\download\Keil_v5\ARM\ARMCC\Bin'
Build target 'robot_012'
compiling Server.c...
compiling bsp_can.c...
compiling can.c...
compiling stm32f4xx_it.c...
compiling gpio.c...
compiling ControllerRC.c...
compiling Chassiscontroller.c...
compiling stm32f4xx_hal_msp.c...
compiling bsp_485_server.c...
compiling first_order_filter.c...
compiling pid.c...
compiling bsp_key.c...
compiling ControllerDummy.c...
compiling main.c...
compiling Battery.c...
linking...
Program Size: Code=28934 RO-data=630 RW-data=272 ZI-data=14336  
FromELF: creating hex file...
".\new_robo\new_robo.axf" - 0 Error(s), 0 Warning(s).

<h2>Software Packages used:</h2>

Package Vendor: ARM
                https://www.keil.com/pack/ARM.CMSIS.6.1.0.pack
                ARM::CMSIS@6.1.0
                CMSIS (Common Microcontroller Software Interface Standard)
   * Component: CORE Version: 6.1.0

Package Vendor: Keil
                http://www.keil.com/pack/Keil.STM32F4xx_DFP.2.13.0.pack
                Keil::STM32F4xx_DFP@2.13.0
                STMicroelectronics STM32F4 Series Device Support, Drivers and Examples

<h2>Collection of Component include folders:</h2>
  ./RTE/_robot_012
  E:/download/Keil_v5/ARM/Packs/ARM/CMSIS/6.1.0/CMSIS/Core/Include
  E:/download/Keil_v5/ARM/Packs/Keil/STM32F4xx_DFP/2.13.0/Drivers/CMSIS/Device/ST/STM32F4xx/Include

<h2>Collection of Component Files used:</h2>

   * Component: ARM::CMSIS:CORE@6.1.0
Build Time Elapsed:  00:00:09
</pre>
</body>
</html>
