Component: ARM Compiler 5.06 update 7 (build 960) Tool: armlink [4d3601]

==============================================================================

Section Cross References

    startup_stm32f427xx.o(RESET) refers to startup_stm32f427xx.o(STACK) for __initial_sp
    startup_stm32f427xx.o(RESET) refers to startup_stm32f427xx.o(.text) for Reset_Handler
    startup_stm32f427xx.o(RESET) refers to stm32f4xx_it.o(i.NMI_Handler) for NMI_Handler
    startup_stm32f427xx.o(RESET) refers to stm32f4xx_it.o(i.HardFault_Handler) for HardFault_Handler
    startup_stm32f427xx.o(RESET) refers to stm32f4xx_it.o(i.MemManage_Handler) for MemManage_Handler
    startup_stm32f427xx.o(RESET) refers to stm32f4xx_it.o(i.BusFault_Handler) for BusFault_Handler
    startup_stm32f427xx.o(RESET) refers to stm32f4xx_it.o(i.UsageFault_Handler) for UsageFault_Handler
    startup_stm32f427xx.o(RESET) refers to stm32f4xx_it.o(i.SVC_Handler) for SVC_Handler
    startup_stm32f427xx.o(RESET) refers to stm32f4xx_it.o(i.DebugMon_Handler) for DebugMon_Handler
    startup_stm32f427xx.o(RESET) refers to stm32f4xx_it.o(i.PendSV_Handler) for PendSV_Handler
    startup_stm32f427xx.o(RESET) refers to stm32f4xx_it.o(i.SysTick_Handler) for SysTick_Handler
    startup_stm32f427xx.o(RESET) refers to bsp_485_rfid.o(i.DMA1_Stream0_IRQHandler) for DMA1_Stream0_IRQHandler
    startup_stm32f427xx.o(RESET) refers to bsp_485_server.o(i.DMA1_Stream1_IRQHandler) for DMA1_Stream1_IRQHandler
    startup_stm32f427xx.o(RESET) refers to bsp_485_server.o(i.DMA1_Stream3_IRQHandler) for DMA1_Stream3_IRQHandler
    startup_stm32f427xx.o(RESET) refers to stm32f4xx_it.o(i.CAN1_TX_IRQHandler) for CAN1_TX_IRQHandler
    startup_stm32f427xx.o(RESET) refers to stm32f4xx_it.o(i.CAN1_RX0_IRQHandler) for CAN1_RX0_IRQHandler
    startup_stm32f427xx.o(RESET) refers to stm32f4xx_it.o(i.TIM2_IRQHandler) for TIM2_IRQHandler
    startup_stm32f427xx.o(RESET) refers to bsp_rc.o(i.USART1_IRQHandler) for USART1_IRQHandler
    startup_stm32f427xx.o(RESET) refers to stm32f4xx_it.o(i.CAN2_TX_IRQHandler) for CAN2_TX_IRQHandler
    startup_stm32f427xx.o(RESET) refers to stm32f4xx_it.o(i.CAN2_RX0_IRQHandler) for CAN2_RX0_IRQHandler
    startup_stm32f427xx.o(RESET) refers to bsp_485_battery.o(i.DMA2_Stream6_IRQHandler) for DMA2_Stream6_IRQHandler
    startup_stm32f427xx.o(RESET) refers to bsp_485_battery.o(i.USART6_IRQHandler) for USART6_IRQHandler
    startup_stm32f427xx.o(RESET) refers to bsp_485_server.o(i.UART7_IRQHandler) for UART7_IRQHandler
    startup_stm32f427xx.o(RESET) refers to bsp_485_rfid.o(i.UART8_IRQHandler) for UART8_IRQHandler
    startup_stm32f427xx.o(.text) refers to system_stm32f4xx.o(i.SystemInit) for SystemInit
    startup_stm32f427xx.o(.text) refers to entry.o(.ARM.Collect$$$$00000000) for __main
    main.o(i.Get_tick) refers to main.o(.data) for .data
    main.o(i.SystemClock_Config) refers to memseta.o(.text) for __aeabi_memclr4
    main.o(i.SystemClock_Config) refers to stm32f4xx_hal_rcc.o(i.HAL_RCC_OscConfig) for HAL_RCC_OscConfig
    main.o(i.SystemClock_Config) refers to stm32f4xx_hal_rcc.o(i.HAL_RCC_ClockConfig) for HAL_RCC_ClockConfig
    main.o(i.main) refers to stm32f4xx_hal.o(i.HAL_Init) for HAL_Init
    main.o(i.main) refers to main.o(i.SystemClock_Config) for SystemClock_Config
    main.o(i.main) refers to time.o(i.Time_Init) for Time_Init
    main.o(i.main) refers to chassiscontroller.o(i.Init) for Init
    main.o(i.main) refers to printfa.o(i.__0printf) for __2printf
    can.o(i.HAL_CAN_MspDeInit) refers to stm32f4xx_hal_gpio.o(i.HAL_GPIO_DeInit) for HAL_GPIO_DeInit
    can.o(i.HAL_CAN_MspDeInit) refers to stm32f4xx_hal_cortex.o(i.HAL_NVIC_DisableIRQ) for HAL_NVIC_DisableIRQ
    can.o(i.HAL_CAN_MspDeInit) refers to can.o(.data) for .data
    can.o(i.HAL_CAN_MspInit) refers to memseta.o(.text) for __aeabi_memclr4
    can.o(i.HAL_CAN_MspInit) refers to stm32f4xx_hal_gpio.o(i.HAL_GPIO_Init) for HAL_GPIO_Init
    can.o(i.HAL_CAN_MspInit) refers to stm32f4xx_hal_cortex.o(i.HAL_NVIC_SetPriority) for HAL_NVIC_SetPriority
    can.o(i.HAL_CAN_MspInit) refers to stm32f4xx_hal_cortex.o(i.HAL_NVIC_EnableIRQ) for HAL_NVIC_EnableIRQ
    can.o(i.HAL_CAN_MspInit) refers to can.o(.data) for .data
    can.o(i.HAL_CAN_MspInit) refers to can.o(.bss) for .bss
    can.o(i.MX_CAN1_Init) refers to stm32f4xx_hal_can.o(i.HAL_CAN_Init) for HAL_CAN_Init
    can.o(i.MX_CAN1_Init) refers to main.o(i.Error_Handler) for Error_Handler
    can.o(i.MX_CAN1_Init) refers to can.o(.bss) for .bss
    can.o(i.MX_CAN2_Init) refers to stm32f4xx_hal_can.o(i.HAL_CAN_Init) for HAL_CAN_Init
    can.o(i.MX_CAN2_Init) refers to main.o(i.Error_Handler) for Error_Handler
    can.o(i.MX_CAN2_Init) refers to can.o(.bss) for .bss
    stm32f4xx_it.o(i.CAN1_RX0_IRQHandler) refers to stm32f4xx_hal_can.o(i.HAL_CAN_IRQHandler) for HAL_CAN_IRQHandler
    stm32f4xx_it.o(i.CAN1_RX0_IRQHandler) refers to can.o(.bss) for hcan1
[...]
    PVD_IRQHandler                           0x080001df   Thumb Code     0  startup_stm32f427xx.o(.text)
    RCC_IRQHandler                           0x080001df   Thumb Code     0  startup_stm32f427xx.o(.text)
    RTC_Alarm_IRQHandler                     0x080001df   Thumb Code     0  startup_stm32f427xx.o(.text)
    RTC_WKUP_IRQHandler                      0x080001df   Thumb Code     0  startup_stm32f427xx.o(.text)
    SAI1_IRQHandler                          0x080001df   Thumb Code     0  startup_stm32f427xx.o(.text)
    SDIO_IRQHandler                          0x080001df   Thumb Code     0  startup_stm32f427xx.o(.text)
    SPI1_IRQHandler                          0x080001df   Thumb Code     0  startup_stm32f427xx.o(.text)
    SPI2_IRQHandler                          0x080001df   Thumb Code     0  startup_stm32f427xx.o(.text)
    SPI3_IRQHandler                          0x080001df   Thumb Code     0  startup_stm32f427xx.o(.text)
    SPI4_IRQHandler                          0x080001df   Thumb Code     0  startup_stm32f427xx.o(.text)
    SPI5_IRQHandler                          0x080001df   Thumb Code     0  startup_stm32f427xx.o(.text)
    SPI6_IRQHandler                          0x080001df   Thumb Code     0  startup_stm32f427xx.o(.text)
    TAMP_STAMP_IRQHandler                    0x080001df   Thumb Code     0  startup_stm32f427xx.o(.text)
    TIM1_BRK_TIM9_IRQHandler                 0x080001df   Thumb Code     0  startup_stm32f427xx.o(.text)
    TIM1_CC_IRQHandler                       0x080001df   Thumb Code     0  startup_stm32f427xx.o(.text)
    TIM1_TRG_COM_TIM11_IRQHandler            0x080001df   Thumb Code     0  startup_stm32f427xx.o(.text)
    TIM1_UP_TIM10_IRQHandler                 0x080001df   Thumb Code     0  startup_stm32f427xx.o(.text)
    TIM3_IRQHandler                          0x080001df   Thumb Code     0  startup_stm32f427xx.o(.text)
    TIM4_IRQHandler                          0x080001df   Thumb Code     0  startup_stm32f427xx.o(.text)
    TIM5_IRQHandler                          0x080001df   Thumb Code     0  startup_stm32f427xx.o(.text)
    TIM6_DAC_IRQHandler                      0x080001df   Thumb Code     0  startup_stm32f427xx.o(.text)
    TIM7_IRQHandler                          0x080001df   Thumb Code     0  startup_stm32f427xx.o(.text)
    TIM8_BRK_TIM12_IRQHandler                0x080001df   Thumb Code     0  startup_stm32f427xx.o(.text)
    TIM8_CC_IRQHandler                       0x080001df   Thumb Code     0  startup_stm32f427xx.o(.text)
    TIM8_TRG_COM_TIM14_IRQHandler            0x080001df   Thumb Code     0  startup_stm32f427xx.o(.text)
    TIM8_UP_TIM13_IRQHandler                 0x080001df   Thumb Code     0  startup_stm32f427xx.o(.text)
    UART4_IRQHandler                         0x080001df   Thumb Code     0  startup_stm32f427xx.o(.text)
    UART5_IRQHandler                         0x080001df   Thumb Code     0  startup_stm32f427xx.o(.text)
    USART2_IRQHandler                        0x080001df   Thumb Code     0  startup_stm32f427xx.o(.text)
    USART3_IRQHandler                        0x080001df   Thumb Code     0  startup_stm32f427xx.o(.text)
    WWDG_IRQHandler                          0x080001df   Thumb Code     0  startup_stm32f427xx.o(.text)
    __aeabi_uldivmod                         0x080001e9   Thumb Code    98  uldiv.o(.text)
    tolower                                  0x0800024b   Thumb Code    12  tolower.o(.text)
    __aeabi_memcpy                           0x08000257   Thumb Code    36  memcpya.o(.text)
    __aeabi_memcpy4                          0x08000257   Thumb Code     0  memcpya.o(.text)
    __aeabi_memcpy8                          0x08000257   Thumb Code     0  memcpya.o(.text)
    __aeabi_memset                           0x0800027b   Thumb Code    14  memseta.o(.text)
    __aeabi_memset4                          0x0800027b   Thumb Code     0  memseta.o(.text)
    __aeabi_memset8                          0x0800027b   Thumb Code     0  memseta.o(.text)
    __aeabi_memclr                           0x08000289   Thumb Code     4  memseta.o(.text)
    __aeabi_memclr4                          0x08000289   Thumb Code     0  memseta.o(.text)
    __aeabi_memclr8                          0x08000289   Thumb Code     0  memseta.o(.text)
    _memset$wrapper                          0x0800028d   Thumb Code    18  memseta.o(.text)
    strlen                                   0x0800029f   Thumb Code    14  strlen.o(.text)
    strcmp                                   0x080002ad   Thumb Code    28  strcmp.o(.text)
    strcpy                                   0x080002c9   Thumb Code    18  strcpy.o(.text)
    strncmp                                  0x080002db   Thumb Code    30  strncmp.o(.text)
    _scanf_real                              0x08000421   Thumb Code     0  scanf_fp.o(.text)
    _scanf_really_real                       0x08000421   Thumb Code   556  scanf_fp.o(.text)
    __aeabi_dadd                             0x08000659   Thumb Code   322  dadd.o(.text)
    __aeabi_dsub                             0x0800079b   Thumb Code     6  dadd.o(.text)
    __aeabi_drsub                            0x080007a1   Thumb Code     6  dadd.o(.text)
    __aeabi_dmul                             0x080007a7   Thumb Code   228  dmul.o(.text)
    __aeabi_d2iz                             0x0800088b   Thumb Code    62  dfixi.o(.text)
    __aeabi_cdcmpeq                          0x080008c9   Thumb Code     0  cdcmple.o(.text)
    __aeabi_cdcmple                          0x080008c9   Thumb Code    48  cdcmple.o(.text)
    __aeabi_cdrcmple                         0x080008f9   Thumb Code    48  cdrcmple.o(.text)
    __aeabi_uidiv                            0x08000929   Thumb Code     0  uidiv.o(.text)
    __aeabi_uidivmod                         0x08000929   Thumb Code    44  uidiv.o(.text)
    __aeabi_llsl                             0x08000955   Thumb Code    30  llshl.o(.text)
    _ll_shift_l                              0x08000955   Thumb Code     0  llshl.o(.text)
    __aeabi_llsr                             0x08000973   Thumb Code    32  llushr.o(.text)
    _ll_ushift_r                             0x08000973   Thumb Code     0  llushr.o(.text)
    __aeabi_lasr                             0x08000993   Thumb Code    36  llsshr.o(.text)
    _ll_sshift_r                             0x08000993   Thumb Code     0  llsshr.o(.text)
    _sgetc                                   0x080009b7   Thumb Code    30  _sgetc.o(.text)
    _sbackspace                              0x080009d5   Thumb Code    34  _sgetc.o(.text)
    __strtod_int                             0x08000a2f   Thumb Code    90  strtod.o(.text)
    __I$use$fp                               0x08000a95   Thumb Code     0  iusefp.o(.text)
    _double_round                            0x08000a95   Thumb Code    30  depilogue.o(.text)
    _double_epilogue                         0x08000ab3   Thumb Code   156  depilogue.o(.text)
    __aeabi_ddiv                             0x08000b4f   Thumb Code   222  ddiv.o(.text)
    __aeabi_ul2d                             0x08000c2d   Thumb Code    24  dfltul.o(.text)
    __aeabi_d2ulz                            0x08000c45   Thumb Code    48  dfixul.o(.text)
    __aeabi_d2f                              0x08000c75   Thumb Code    56  d2f.o(.text)
    __scatterload                            0x08000cad   Thumb Code    28  init.o(.text)
    __scatterload_rt2                        0x08000cad   Thumb Code     0  init.o(.text)
    isspace                                  0x08000cd1   Thumb Code    10  isspace_c.o(.text)
    _float_round                             0x08000cdb   Thumb Code    18  fepilogue.o(.text)
    _float_epilogue                          0x08000ced   Thumb Code    92  fepilogue.o(.text)
    __ctype_lookup                           0x08000d49   Thumb Code    34  ctype_c.o(.text)
    BATTERY_DMA_Rx_ReStart                   0x08000d71   Thumb Code    58  bsp_485_battery.o(i.BATTERY_DMA_Rx_ReStart)
    BSP_Battery_Config                       0x08000db1   Thumb Code   276  bsp_485_battery.o(i.BSP_Battery_Config)
    BSP_RFID_Config                          0x08000ed9   Thumb Code   276  bsp_485_rfid.o(i.BSP_RFID_Config)
    Battery_Init                             0x08001001   Thumb Code    14  battery.o(i.Battery_Init)
    Battery_ParseFrame                       0x08001011   Thumb Code    98  battery.o(i.Battery_ParseFrame)
    Battery_SendRequest                      0x0800108d   Thumb Code    48  battery.o(i.Battery_SendRequest)
    Battery_Update                           0x080010cd   Thumb Code    94  battery.o(i.Battery_Update)
    Battery_ifNeedCharge                     0x08001131   Thumb Code    16  battery.o(i.Battery_ifNeedCharge)
    Battery_isCharging                       0x08001145   Thumb Code    24  battery.o(i.Battery_isCharging)
    Battery_t_init                           0x08001161   Thumb Code    20  battery.o(i.Battery_t_init)
    BusFault_Handler                         0x0800117d   Thumb Code     2  stm32f4xx_it.o(i.BusFault_Handler)
    CAN1_RX0_IRQHandler                      0x08001181   Thumb Code     6  stm32f4xx_it.o(i.CAN1_RX0_IRQHandler)
    CAN1_TX_IRQHandler                       0x0800118d   Thumb Code     6  stm32f4xx_it.o(i.CAN1_TX_IRQHandler)
    CAN2_RX0_IRQHandler                      0x08001199   Thumb Code     6  stm32f4xx_it.o(i.CAN2_RX0_IRQHandler)
    CAN2_TX_IRQHandler                       0x080011a5   Thumb Code     6  stm32f4xx_it.o(i.CAN2_TX_IRQHandler)
    DMA1_Stream0_IRQHandler                  0x080011b1   Thumb Code     6  bsp_485_rfid.o(i.DMA1_Stream0_IRQHandler)
    DMA1_Stream1_IRQHandler                  0x080011bd   Thumb Code     6  bsp_485_server.o(i.DMA1_Stream1_IRQHandler)
    DMA1_Stream3_IRQHandler                  0x080011c9   Thumb Code     6  bsp_485_server.o(i.DMA1_Stream3_IRQHandler)
    DMA2_Stream6_IRQHandler                  0x080011d5   Thumb Code     6  bsp_485_battery.o(i.DMA2_Stream6_IRQHandler)
    DebugMon_Handler                         0x08001285   Thumb Code     2  stm32f4xx_it.o(i.DebugMon_Handler)
    Dummy_Init                               0x08001289   Thumb Code    26  controllerdummy.o(i.Dummy_Init)
    Dummy_Reset                              0x080012a9   Thumb Code    28  controllerdummy.o(i.Dummy_Reset)
    Dummy_Update                             0x080012c9   Thumb Code   122  controllerdummy.o(i.Dummy_Update)
    Error_Handler                            0x0800134d   Thumb Code     4  main.o(i.Error_Handler)
    ExtractRFIDNumber                        0x08001351   Thumb Code    62  rfid.o(i.ExtractRFIDNumber)
    Filter_Init                              0x08001395   Thumb Code    44  first_order_filter.o(i.Filter_Init)
    Filter_Update                            0x080013c5   Thumb Code    84  first_order_filter.o(i.Filter_Update)
    Get_MotorSpeed                           0x0800141d   Thumb Code    12  controllerdummy.o(i.Get_MotorSpeed)
    Get_Number                               0x0800142d   Thumb Code     6  rfid.o(i.Get_Number)
    Get_PGState                              0x08001439   Thumb Code    14  bsp_photogate.o(i.Get_PGState)
    Get_SOC                                  0x0800144d   Thumb Code     6  battery.o(i.Get_SOC)
    Get_SensorData                           0x08001459   Thumb Code     8  controllerdummy.o(i.Get_SensorData)
    Get_frontlimitState                      0x08001465   Thumb Code    18  bsp_limitswitch.o(i.Get_frontlimitState)
    Get_ifaction                             0x0800147d   Thumb Code     6  server.o(i.Get_ifaction)
    Get_rearlimitState                       0x08001489   Thumb Code    18  bsp_limitswitch.o(i.Get_rearlimitState)
    Get_serverMsg                            0x080014a1   Thumb Code     8  server.o(i.Get_serverMsg)
    Get_test_index                           0x080014ad   Thumb Code    50  controllerdummy.o(i.Get_test_index)
    Get_tick                                 0x080014e5   Thumb Code     6  main.o(i.Get_tick)
    HAL_CAN_ActivateNotification             0x080014f1   Thumb Code    36  stm32f4xx_hal_can.o(i.HAL_CAN_ActivateNotification)
    HAL_CAN_AddTxMessage                     0x08001515   Thumb Code   220  stm32f4xx_hal_can.o(i.HAL_CAN_AddTxMessage)
    HAL_CAN_ConfigFilter                     0x080015f1   Thumb Code   262  stm32f4xx_hal_can.o(i.HAL_CAN_ConfigFilter)
    HAL_CAN_ErrorCallback                    0x080016fd   Thumb Code     2  stm32f4xx_hal_can.o(i.HAL_CAN_ErrorCallback)
    HAL_CAN_GetRxMessage                     0x080016ff   Thumb Code   232  stm32f4xx_hal_can.o(i.HAL_CAN_GetRxMessage)
    HAL_CAN_IRQHandler                       0x080017e7   Thumb Code   508  stm32f4xx_hal_can.o(i.HAL_CAN_IRQHandler)
    HAL_CAN_Init                             0x080019e3   Thumb Code   282  stm32f4xx_hal_can.o(i.HAL_CAN_Init)
    HAL_CAN_MspInit                          0x08001afd   Thumb Code   280  can.o(i.HAL_CAN_MspInit)
    HAL_CAN_RxFifo0FullCallback              0x08001c31   Thumb Code     2  stm32f4xx_hal_can.o(i.HAL_CAN_RxFifo0FullCallback)
    HAL_CAN_RxFifo0MsgPendingCallback        0x08001c35   Thumb Code    64  bsp_can.o(i.HAL_CAN_RxFifo0MsgPendingCallback)
    HAL_CAN_RxFifo1FullCallback              0x08001c85   Thumb Code     2  stm32f4xx_hal_can.o(i.HAL_CAN_RxFifo1FullCallback)
    HAL_CAN_RxFifo1MsgPendingCallback        0x08001c87   Thumb Code     2  stm32f4xx_hal_can.o(i.HAL_CAN_RxFifo1MsgPendingCallback)
    HAL_CAN_SleepCallback                    0x08001c89   Thumb Code     2  stm32f4xx_hal_can.o(i.HAL_CAN_SleepCallback)
    HAL_CAN_Start                            0x08001c8d   Thumb Code    88  stm32f4xx_hal_can.o(i.HAL_CAN_Start)
    HAL_CAN_TxMailbox0AbortCallback          0x08001ce5   Thumb Code     2  stm32f4xx_hal_can.o(i.HAL_CAN_TxMailbox0AbortCallback)
    HAL_CAN_TxMailbox0CompleteCallback       0x08001ce7   Thumb Code     2  stm32f4xx_hal_can.o(i.HAL_CAN_TxMailbox0CompleteCallback)
    HAL_CAN_TxMailbox1AbortCallback          0x08001ce9   Thumb Code     2  stm32f4xx_hal_can.o(i.HAL_CAN_TxMailbox1AbortCallback)
    HAL_CAN_TxMailbox1CompleteCallback       0x08001ceb   Thumb Code     2  stm32f4xx_hal_can.o(i.HAL_CAN_TxMailbox1CompleteCallback)
    HAL_CAN_TxMailbox2AbortCallback          0x08001ced   Thumb Code     2  stm32f4xx_hal_can.o(i.HAL_CAN_TxMailbox2AbortCallback)
    HAL_CAN_TxMailbox2CompleteCallback       0x08001cef   Thumb Code     2  stm32f4xx_hal_can.o(i.HAL_CAN_TxMailbox2CompleteCallback)
    HAL_CAN_WakeUpFromRxMsgCallback          0x08001cf1   Thumb Code     2  stm32f4xx_hal_can.o(i.HAL_CAN_WakeUpFromRxMsgCallback)
    HAL_DMA_Abort                            0x08001cf3   Thumb Code   146  stm32f4xx_hal_dma.o(i.HAL_DMA_Abort)
    HAL_DMA_Abort_IT                         0x08001d85   Thumb Code    36  stm32f4xx_hal_dma.o(i.HAL_DMA_Abort_IT)
    HAL_DMA_DeInit                           0x08001da9   Thumb Code    98  stm32f4xx_hal_dma.o(i.HAL_DMA_DeInit)
    HAL_DMA_GetError                         0x08001e0b   Thumb Code     4  stm32f4xx_hal_dma.o(i.HAL_DMA_GetError)
    HAL_DMA_IRQHandler                       0x08001e11   Thumb Code   412  stm32f4xx_hal_dma.o(i.HAL_DMA_IRQHandler)
    HAL_DMA_Init                             0x08001fb1   Thumb Code   206  stm32f4xx_hal_dma.o(i.HAL_DMA_Init)
    HAL_DMA_Start_IT                         0x08002085   Thumb Code   110  stm32f4xx_hal_dma.o(i.HAL_DMA_Start_IT)
    HAL_GPIO_Init                            0x080020f5   Thumb Code   510  stm32f4xx_hal_gpio.o(i.HAL_GPIO_Init)
    HAL_GPIO_ReadPin                         0x08002329   Thumb Code    10  stm32f4xx_hal_gpio.o(i.HAL_GPIO_ReadPin)
    HAL_GPIO_WritePin                        0x08002333   Thumb Code    10  stm32f4xx_hal_gpio.o(i.HAL_GPIO_WritePin)
    HAL_GetTick                              0x0800233d   Thumb Code     6  stm32f4xx_hal.o(i.HAL_GetTick)
    HAL_IncTick                              0x08002349   Thumb Code    12  stm32f4xx_hal.o(i.HAL_IncTick)
    HAL_Init                                 0x08002359   Thumb Code    48  stm32f4xx_hal.o(i.HAL_Init)
    HAL_InitTick                             0x0800238d   Thumb Code    54  stm32f4xx_hal.o(i.HAL_InitTick)
    HAL_MspInit                              0x080023cd   Thumb Code    42  stm32f4xx_hal_msp.o(i.HAL_MspInit)
    HAL_NVIC_EnableIRQ                       0x080023fd   Thumb Code    26  stm32f4xx_hal_cortex.o(i.HAL_NVIC_EnableIRQ)
    HAL_NVIC_SetPriority                     0x08002419   Thumb Code    60  stm32f4xx_hal_cortex.o(i.HAL_NVIC_SetPriority)
    HAL_NVIC_SetPriorityGrouping             0x08002459   Thumb Code    26  stm32f4xx_hal_cortex.o(i.HAL_NVIC_SetPriorityGrouping)
    HAL_RCC_ClockConfig                      0x0800247d   Thumb Code   288  stm32f4xx_hal_rcc.o(i.HAL_RCC_ClockConfig)
    HAL_RCC_GetPCLK1Freq                     0x080025b1   Thumb Code    20  stm32f4xx_hal_rcc.o(i.HAL_RCC_GetPCLK1Freq)
    HAL_RCC_GetPCLK2Freq                     0x080025d1   Thumb Code    20  stm32f4xx_hal_rcc.o(i.HAL_RCC_GetPCLK2Freq)
    HAL_RCC_GetSysClockFreq                  0x080025f1   Thumb Code    88  stm32f4xx_hal_rcc.o(i.HAL_RCC_GetSysClockFreq)
    HAL_RCC_OscConfig                        0x08002655   Thumb Code   856  stm32f4xx_hal_rcc.o(i.HAL_RCC_OscConfig)
    HAL_SYSTICK_Config                       0x080029c1   Thumb Code    40  stm32f4xx_hal_cortex.o(i.HAL_SYSTICK_Config)
    HAL_TIM_Base_Init                        0x080029e9   Thumb Code    90  stm32f4xx_hal_tim.o(i.HAL_TIM_Base_Init)
    HAL_TIM_Base_MspInit                     0x08002a43   Thumb Code     2  stm32f4xx_hal_tim.o(i.HAL_TIM_Base_MspInit)
    HAL_TIM_Base_Start_IT                    0x08002a45   Thumb Code   100  stm32f4xx_hal_tim.o(i.HAL_TIM_Base_Start_IT)
    HAL_TIM_PWM_ConfigChannel                0x08002ac5   Thumb Code   204  stm32f4xx_hal_tim.o(i.HAL_TIM_PWM_ConfigChannel)
    HAL_TIM_PWM_Init                         0x08002b91   Thumb Code    90  stm32f4xx_hal_tim.o(i.HAL_TIM_PWM_Init)
    HAL_TIM_PWM_MspInit                      0x08002beb   Thumb Code     2  stm32f4xx_hal_tim.o(i.HAL_TIM_PWM_MspInit)
    HAL_TIM_PWM_Start                        0x08002bed   Thumb Code   172  stm32f4xx_hal_tim.o(i.HAL_TIM_PWM_Start)
    HAL_UARTEx_RxEventCallback               0x08002cb5   Thumb Code     2  stm32f4xx_hal_uart.o(i.HAL_UARTEx_RxEventCallback)
    HAL_UART_AbortReceive                    0x08002cb7   Thumb Code   148  stm32f4xx_hal_uart.o(i.HAL_UART_AbortReceive)
    HAL_UART_DMAStop                         0x08002d4b   Thumb Code   112  stm32f4xx_hal_uart.o(i.HAL_UART_DMAStop)
    HAL_UART_DeInit                          0x08002dbb   Thumb Code    52  stm32f4xx_hal_uart.o(i.HAL_UART_DeInit)
    HAL_UART_ErrorCallback                   0x08002def   Thumb Code     2  stm32f4xx_hal_uart.o(i.HAL_UART_ErrorCallback)
    HAL_UART_IRQHandler                      0x08002df1   Thumb Code   610  stm32f4xx_hal_uart.o(i.HAL_UART_IRQHandler)
    HAL_UART_Init                            0x08003059   Thumb Code    98  stm32f4xx_hal_uart.o(i.HAL_UART_Init)
    HAL_UART_MspDeInit                       0x080030bb   Thumb Code     2  stm32f4xx_hal_uart.o(i.HAL_UART_MspDeInit)
    HAL_UART_MspInit                         0x080030bd   Thumb Code     2  stm32f4xx_hal_uart.o(i.HAL_UART_MspInit)
    HAL_UART_Receive_DMA                     0x080030bf   Thumb Code    42  stm32f4xx_hal_uart.o(i.HAL_UART_Receive_DMA)
    HAL_UART_RxCpltCallback                  0x080030e9   Thumb Code     2  stm32f4xx_hal_uart.o(i.HAL_UART_RxCpltCallback)
    HAL_UART_RxHalfCpltCallback              0x080030eb   Thumb Code     2  stm32f4xx_hal_uart.o(i.HAL_UART_RxHalfCpltCallback)
    HAL_UART_Transmit                        0x080030ed   Thumb Code   178  stm32f4xx_hal_uart.o(i.HAL_UART_Transmit)
    HAL_UART_Transmit_DMA                    0x080031a1   Thumb Code   126  stm32f4xx_hal_uart.o(i.HAL_UART_Transmit_DMA)
    HAL_UART_TxCpltCallback                  0x0800322d   Thumb Code    34  usart_callback.o(i.HAL_UART_TxCpltCallback)
    HAL_UART_TxHalfCpltCallback              0x0800325d   Thumb Code     2  stm32f4xx_hal_uart.o(i.HAL_UART_TxHalfCpltCallback)
    HardFault_Handler                        0x0800325f   Thumb Code     2  stm32f4xx_it.o(i.HardFault_Handler)
    Init                                     0x08003261   Thumb Code   228  chassiscontroller.o(i.Init)
    Key_GPIO_Config                          0x0800335d   Thumb Code    44  bsp_key.o(i.Key_GPIO_Config)
    L298N_Config                             0x08003391   Thumb Code     4  bsp_l298n.o(i.L298N_Config)
    LED_GPIO_Config                          0x08003395   Thumb Code   100  bsp_led.o(i.LED_GPIO_Config)
    Limit_Switch_Config                      0x08003405   Thumb Code    64  bsp_limitswitch.o(i.Limit_Switch_Config)
    MX_CAN1_Init                             0x0800344d   Thumb Code    62  can.o(i.MX_CAN1_Init)
    MX_GPIO_Init                             0x08003495   Thumb Code   102  gpio.o(i.MX_GPIO_Init)
    MemManage_Handler                        0x08003501   Thumb Code     2  stm32f4xx_it.o(i.MemManage_Handler)
    Motor_measure_fun                        0x08003503   Thumb Code    64  bsp_can.o(i.Motor_measure_fun)
    MsgQueue_Init                            0x08003543   Thumb Code    16  server.o(i.MsgQueue_Init)
    MsgQueue_Pop                             0x08003555   Thumb Code    76  server.o(i.MsgQueue_Pop)
    MsgQueue_Push                            0x080035a9   Thumb Code    70  server.o(i.MsgQueue_Push)
    NMI_Handler                              0x080035f5   Thumb Code     2  stm32f4xx_it.o(i.NMI_Handler)
    PID_Init                                 0x080035f7   Thumb Code    18  pid.o(i.PID_Init)
    PID_calc                                 0x08003609   Thumb Code   314  pid.o(i.PID_calc)
    PendSV_Handler                           0x0800374d   Thumb Code     2  stm32f4xx_it.o(i.PendSV_Handler)
    Photogate_Config                         0x08003751   Thumb Code    50  bsp_photogate.o(i.Photogate_Config)
    Photogate_Update                         0x0800378d   Thumb Code    16  bsp_photogate.o(i.Photogate_Update)
    PushRod_Backward                         0x080037a5   Thumb Code    28  bsp_l298n.o(i.PushRod_Backward)
    PushRod_Forward                          0x080037c5   Thumb Code    28  bsp_l298n.o(i.PushRod_Forward)
    PushRod_StartCharge                      0x080037e5   Thumb Code    28  bsp_l298n.o(i.PushRod_StartCharge)
    PushRod_Stop                             0x08003805   Thumb Code    48  bsp_l298n.o(i.PushRod_Stop)
    PushRod_StopCharge                       0x08003839   Thumb Code    28  bsp_l298n.o(i.PushRod_StopCharge)
    RC_Control                               0x08003859   Thumb Code   224  controllerrc.o(i.RC_Control)
    RC_GetData                               0x08003945   Thumb Code     8  rc.o(i.RC_GetData)
    RC_GetDirection                          0x08003951   Thumb Code    12  rc.o(i.RC_GetDirection)
    RC_GetMode                               0x08003961   Thumb Code    12  rc.o(i.RC_GetMode)
    RC_Init                                  0x08003971   Thumb Code     4  rc.o(i.RC_Init)
    RC_Update                                0x08003975   Thumb Code    60  rc.o(i.RC_Update)
    RC_ctrl_Update                           0x080039b9   Thumb Code    24  controllerrc.o(i.RC_ctrl_Update)
    RFID_Config                              0x080039d5   Thumb Code     4  rfid.o(i.RFID_Config)
    RFID_DMA_Rx_ReStart                      0x080039d9   Thumb Code    58  bsp_485_rfid.o(i.RFID_DMA_Rx_ReStart)
    RFID_SendCommand                         0x08003a19   Thumb Code     8  rfid.o(i.RFID_SendCommand)
    RFID_SendStr                             0x08003a25   Thumb Code    24  bsp_485_rfid.o(i.RFID_SendStr)
    RFID_Update                              0x08003a45   Thumb Code    76  rfid.o(i.RFID_Update)
    RGB_Config                               0x08003a95   Thumb Code    84  bsp_rgb.o(i.RGB_Config)
    RGB_ON                                   0x08003af5   Thumb Code   112  bsp_rgb.o(i.RGB_ON)
    Reset_flag                               0x08003b6d   Thumb Code    12  controllerdummy.o(i.Reset_flag)
    SVC_Handler                              0x08003c2d   Thumb Code     2  stm32f4xx_it.o(i.SVC_Handler)
    Sensor_t_Init                            0x08003c31   Thumb Code    38  controllerdummy.o(i.Sensor_t_Init)
    Sensor_t_Reset                           0x08003c5d   Thumb Code    22  controllerdummy.o(i.Sensor_t_Reset)
    Sensor_t_Update                          0x08003c79   Thumb Code   126  controllerdummy.o(i.Sensor_t_Update)
    ServerMsg_Init                           0x08003d01   Thumb Code    20  server.o(i.ServerMsg_Init)
    Server_Init                              0x08003d15   Thumb Code    24  server.o(i.Server_Init)
    Server_SendString                        0x08003d31   Thumb Code    24  bsp_485_server.o(i.Server_SendString)
    Server_Update                            0x08003d51   Thumb Code   198  server.o(i.Server_Update)
    Set_RGB                                  0x08003e29   Thumb Code    38  chassiscontroller.o(i.Set_RGB)
    Set_motor_cmd                            0x08003e55   Thumb Code    58  bsp_can.o(i.Set_motor_cmd)
    SetxSpeed                                0x08003e99   Thumb Code    10  controllerdummy.o(i.SetxSpeed)
    SetySpeed                                0x08003ea9   Thumb Code     6  controllerdummy.o(i.SetySpeed)
    StateMachine_Init                        0x08003eb5   Thumb Code    10  controllerdummy.o(i.StateMachine_Init)
    SwitchState                              0x08003ec5   Thumb Code   980  controllerdummy.o(i.SwitchState)
    SysTick_Handler                          0x08004311   Thumb Code     4  stm32f4xx_it.o(i.SysTick_Handler)
    SystemClock_Config                       0x08004315   Thumb Code   140  main.o(i.SystemClock_Config)
    SystemInit                               0x080043a9   Thumb Code    12  system_stm32f4xx.o(i.SystemInit)
    TIM2_IRQHandler                          0x080043b9   Thumb Code    30  stm32f4xx_it.o(i.TIM2_IRQHandler)
    TIM_Base_SetConfig                       0x080043e1   Thumb Code   156  stm32f4xx_hal_tim.o(i.TIM_Base_SetConfig)
    TIM_CCxChannelCmd                        0x080044a9   Thumb Code    26  stm32f4xx_hal_tim.o(i.TIM_CCxChannelCmd)
    TIM_OC2_SetConfig                        0x08004525   Thumb Code    98  stm32f4xx_hal_tim.o(i.TIM_OC2_SetConfig)
    Time_Init                                0x08004649   Thumb Code    76  time.o(i.Time_Init)
    UART7_Config                             0x0800469d   Thumb Code   312  bsp_485_server.o(i.UART7_Config)
    UART7_IRQHandler                         0x080047ed   Thumb Code    66  bsp_485_server.o(i.UART7_IRQHandler)
    UART8_IRQHandler                         0x0800483d   Thumb Code    96  bsp_485_rfid.o(i.UART8_IRQHandler)
    UART_Start_Receive_DMA                   0x08004c25   Thumb Code   130  stm32f4xx_hal_uart.o(i.UART_Start_Receive_DMA)
    USART1_IRQHandler                        0x08004d2d   Thumb Code    68  bsp_rc.o(i.USART1_IRQHandler)
    USART6_IRQHandler                        0x08004d79   Thumb Code    96  bsp_485_battery.o(i.USART6_IRQHandler)
    Ultrawave_Config                         0x08004de9   Thumb Code   288  bsp_ultrawave.o(i.Ultrawave_Config)
    Ultrawave_Update                         0x08004f21   Thumb Code   122  bsp_ultrawave.o(i.Ultrawave_Update)
    Update                                   0x08004fa9   Thumb Code   284  chassiscontroller.o(i.Update)
    UsageFault_Handler                       0x080050d1   Thumb Code     2  stm32f4xx_it.o(i.UsageFault_Handler)
    VxFilter_GetResult                       0x080050d5   Thumb Code    70  first_order_filter.o(i.VxFilter_GetResult)
    VxFilter_Init                            0x08005129   Thumb Code    68  first_order_filter.o(i.VxFilter_Init)
    VxFilter_Update                          0x0800516d   Thumb Code    56  first_order_filter.o(i.VxFilter_Update)
    __0printf                                0x080051a5   Thumb Code    22  printfa.o(i.__0printf)
    __1printf                                0x080051a5   Thumb Code     0  printfa.o(i.__0printf)
    __2printf                                0x080051a5   Thumb Code     0  printfa.o(i.__0printf)
    __c89printf                              0x080051a5   Thumb Code     0  printfa.o(i.__0printf)
    printf                                   0x080051a5   Thumb Code     0  printfa.o(i.__0printf)
    __0snprintf                              0x080051c5   Thumb Code    48  printfa.o(i.__0snprintf)
    __1snprintf                              0x080051c5   Thumb Code     0  printfa.o(i.__0snprintf)
    __2snprintf                              0x080051c5   Thumb Code     0  printfa.o(i.__0snprintf)
    __c89snprintf                            0x080051c5   Thumb Code     0  printfa.o(i.__0snprintf)
    snprintf                                 0x080051c5   Thumb Code     0  printfa.o(i.__0snprintf)
    free                                     0x08005219   Thumb Code    88  mallocr.o(i.__free$realloc)
    __hardfp_strtod                          0x08005279   Thumb Code    30  strtod.o(i.__hardfp_strtod)
    malloc                                   0x080052a1   Thumb Code    64  mallocr.o(i.__malloc$realloc)
    __scatterload_copy                       0x080052f1   Thumb Code    14  handlers.o(i.__scatterload_copy)
    __scatterload_null                       0x080052ff   Thumb Code     2  handlers.o(i.__scatterload_null)
    __scatterload_zeroinit                   0x08005301   Thumb Code    14  handlers.o(i.__scatterload_zeroinit)
    _is_digit                                0x08005495   Thumb Code    14  scanf_fp.o(i._is_digit)
    append_string                            0x08005bc1   Thumb Code    48  server.o(i.append_string)
    battery_SendString                       0x08005bf9   Thumb Code    24  bsp_485_battery.o(i.battery_SendString)
    battery_if_rx_lock                       0x08005c19   Thumb Code    12  battery.o(i.battery_if_rx_lock)
    battery_uart_send_frame                  0x08005c25   Thumb Code   106  battery.o(i.battery_uart_send_frame)
    bsp_rc_Config                            0x08005cb5   Thumb Code   226  bsp_rc.o(i.bsp_rc_Config)
    cJSON_Delete                             0x08005de1   Thumb Code    76  cjson.o(i.cJSON_Delete)
    cJSON_GetObjectItem                      0x08005e31   Thumb Code     6  cjson.o(i.cJSON_GetObjectItem)
    cJSON_IsString                           0x08005e37   Thumb Code    18  cjson.o(i.cJSON_IsString)
    cJSON_Parse                              0x08005e5f   Thumb Code     8  cjson.o(i.cJSON_Parse)
    cJSON_ParseWithLengthOpts                0x08005e69   Thumb Code   210  cjson.o(i.cJSON_ParseWithLengthOpts)
    cJSON_ParseWithOpts                      0x08005f45   Thumb Code    34  cjson.o(i.cJSON_ParseWithOpts)
    can_filter_init                          0x08005f69   Thumb Code    80  bsp_can.o(i.can_filter_init)
    clean_battery_rebuff                     0x08005fc1   Thumb Code    10  bsp_485_battery.o(i.clean_battery_rebuff)
    clean_rc_rebuff                          0x08005fd1   Thumb Code    20  bsp_rc.o(i.clean_rc_rebuff)
    clean_rfid_rebuff                        0x08005fed   Thumb Code    10  bsp_485_rfid.o(i.clean_rfid_rebuff)
    clean_server_rebuff                      0x08005ffd   Thumb Code    22  bsp_485_server.o(i.clean_server_rebuff)
    fputc                                    0x0800601d   Thumb Code    20  bsp_debug_usart.o(i.fputc)
    get_battery_rebuff                       0x08006035   Thumb Code    24  bsp_485_battery.o(i.get_battery_rebuff)
    get_battery_rx_complete                  0x08006055   Thumb Code     6  bsp_485_battery.o(i.get_battery_rx_complete)
    get_direction                            0x08006061   Thumb Code    42  controllerdummy.o(i.get_direction)
    get_previous_point                       0x08006105   Thumb Code    20  controllerdummy.o(i.get_previous_point)
    get_rc_rebuff                            0x08006119   Thumb Code    24  bsp_rc.o(i.get_rc_rebuff)
    get_rfid_rebuff                          0x08006139   Thumb Code    24  bsp_485_rfid.o(i.get_rfid_rebuff)
    get_rfid_rx_complete                     0x08006159   Thumb Code     6  bsp_485_rfid.o(i.get_rfid_rx_complete)
    get_server_rebuff                        0x08006165   Thumb Code    24  bsp_485_server.o(i.get_server_rebuff)
    if_server_complete                       0x08006185   Thumb Code     6  bsp_485_server.o(i.if_server_complete)
    if_target_valid                          0x08006191   Thumb Code    14  controllerdummy.o(i.if_target_valid)
    l298n_GPIO_Config                        0x080061f1   Thumb Code    36  bsp_l298n.o(i.l298n_GPIO_Config)
    main                                     0x08006219   Thumb Code    24  main.o(i.main)
    parseStringToUint8                       0x08006235   Thumb Code    70  server.o(i.parseStringToUint8)
    process_json                             0x080067a5   Thumb Code   188  server.o(i.process_json)
    realloc                                  0x080068a5   Thumb Code   102  mallocr.o(i.realloc)
    rfid_if_rx_lock                          0x08006911   Thumb Code    12  rfid.o(i.rfid_if_rx_lock)
    send_json_response                       0x0800691d   Thumb Code  1790  server.o(i.send_json_response)
    uart7_tx_cplt                            0x08007115   Thumb Code     8  bsp_485_server.o(i.uart7_tx_cplt)
    uart8_tx_cplt                            0x08007121   Thumb Code     8  bsp_485_rfid.o(i.uart8_tx_cplt)
    usart6_tx_cplt                           0x0800712d   Thumb Code     8  bsp_485_battery.o(i.usart6_tx_cplt)
    AHBPrescTable                            0x08007212   Data          16  system_stm32f4xx.o(.constdata)
    APBPrescTable                            0x08007222   Data           8  system_stm32f4xx.o(.constdata)
    __ctype_categories                       0x0800722a   Data          64  ctype_c.o(.constdata)
    Region$$Table$$Base                      0x080072b4   Number         0  anon$$obj.o(Region$$Table)
    Region$$Table$$Limit                     0x080072d4   Number         0  anon$$obj.o(Region$$Table)
    m_systick                                0x20000000   Data           4  main.o(.data)
    uwTickFreq                               0x20000008   Data           1  stm32f4xx_hal.o(.data)
    uwTickPrio                               0x2000000c   Data           4  stm32f4xx_hal.o(.data)
    uwTick                                   0x20000010   Data           4  stm32f4xx_hal.o(.data)
    SystemCoreClock                          0x20000014   Data           4  system_stm32f4xx.o(.data)
    mpg_state                                0x20000021   Data           1  bsp_photogate.o(.data)
    m_distance1                              0x20000022   Data           2  bsp_ultrawave.o(.data)
    m_duration1                              0x20000024   Data           2  bsp_ultrawave.o(.data)
    is_high1                                 0x20000026   Data           2  bsp_ultrawave.o(.data)
    counter1                                 0x20000028   Data           2  bsp_ultrawave.o(.data)
    m_distance2                              0x2000002a   Data           2  bsp_ultrawave.o(.data)
    m_duration2                              0x2000002c   Data           2  bsp_ultrawave.o(.data)
    is_high2                                 0x2000002e   Data           2  bsp_ultrawave.o(.data)
    counter2                                 0x20000030   Data           2  bsp_ultrawave.o(.data)
    rc_rx_complete                           0x20000048   Data           1  bsp_rc.o(.data)
    rc_rx_len                                0x2000004a   Data           2  bsp_rc.o(.data)
    battery_rx_complete                      0x2000004c   Data           1  bsp_485_battery.o(.data)
    battery_tx_complete                      0x2000004d   Data           1  bsp_485_battery.o(.data)
    battery_rx_len                           0x2000004e   Data           2  bsp_485_battery.o(.data)
    rfid_rx_complete                         0x20000050   Data           1  bsp_485_rfid.o(.data)
    rfid_tx_complete                         0x20000051   Data           1  bsp_485_rfid.o(.data)
    rfid_rx_len                              0x20000052   Data           2  bsp_485_rfid.o(.data)
    server_rx_complete                       0x20000054   Data           1  bsp_485_server.o(.data)
    server_tx_complete                       0x20000055   Data           1  bsp_485_server.o(.data)
    uart_rx_len                              0x20000056   Data           2  bsp_485_server.o(.data)
    mode_ctrl                                0x20000058   Data           1  chassiscontroller.o(.data)
    last_mode_ctrl                           0x20000059   Data           1  chassiscontroller.o(.data)
    m_ischarge                               0x2000005a   Data           1  chassiscontroller.o(.data)
    m_Kp                                     0x2000005c   Data           4  chassiscontroller.o(.data)
    m_Ki                                     0x20000060   Data           4  chassiscontroller.o(.data)
    m_Kd                                     0x20000064   Data           4  chassiscontroller.o(.data)
    m_Kp_y                                   0x20000068   Data           4  chassiscontroller.o(.data)
    m_Ki_y                                   0x2000006c   Data           4  chassiscontroller.o(.data)
    m_Kd_y                                   0x20000070   Data           4  chassiscontroller.o(.data)
    m_maxout                                 0x20000074   Data           4  chassiscontroller.o(.data)
    m_intergral_limit                        0x20000078   Data           4  chassiscontroller.o(.data)
    m_deadband                               0x2000007c   Data           4  chassiscontroller.o(.data)
    motor_speed                              0x20000080   Data           8  chassiscontroller.o(.data)
    motor_speed_filtered                     0x20000088   Data           8  chassiscontroller.o(.data)
    m_direction                              0x20000090   Data           1  controllerdummy.o(.data)
    m_direction1                             0x20000091   Data           1  controllerdummy.o(.data)
    test_index                               0x20000092   Data           1  controllerdummy.o(.data)
    test_mode                                0x20000093   Data           1  controllerdummy.o(.data)
    test_command                             0x20000094   Data           1  controllerdummy.o(.data)
    slow_flag                                0x20000095   Data           1  controllerdummy.o(.data)
    push_flag                                0x20000096   Data           1  controllerdummy.o(.data)
    rfid_flag                                0x20000097   Data           1  controllerdummy.o(.data)
    error_code                               0x20000098   Data           1  controllerdummy.o(.data)
    pushrod_cnt                              0x2000009a   Data           2  controllerdummy.o(.data)
    charge_cnt                               0x2000009c   Data           2  controllerdummy.o(.data)
    rfid_rx_cnt                              0x2000009e   Data           2  controllerdummy.o(.data)
    charge_pushrod_cnt                       0x200000a0   Data           2  controllerdummy.o(.data)
    adjust_cnt                               0x200000a2   Data           2  controllerdummy.o(.data)
    slow_cnt                                 0x200000a4   Data           2  controllerdummy.o(.data)
    sm                                       0x200000a6   Data           2  controllerdummy.o(.data)
    heart_cnt                                0x200000a8   Data           4  controllerdummy.o(.data)
    switch_cnt                               0x200000ac   Data           4  controllerdummy.o(.data)
    m_motor_speed                            0x200000b0   Data           8  controllerdummy.o(.data)
    error_list                               0x200000b8   Data          20  controllerdummy.o(.data)
    speed_y                                  0x200000cc   Data           4  controllerrc.o(.data)
    battery_rx_lock_flag                     0x200000d0   Data           1  battery.o(.data)
    battery_restart_flag                     0x200000d1   Data           1  battery.o(.data)
    battery_cnt                              0x200000d2   Data           2  battery.o(.data)
    len_battery                              0x200000d4   Data           2  battery.o(.data)
    pbuf_battery                             0x200000d8   Data           4  battery.o(.data)
    rc_cnt                                   0x200000dc   Data           2  rc.o(.data)
    len_rc                                   0x200000de   Data           2  rc.o(.data)
    pbuf_rc                                  0x200000e0   Data           4  rc.o(.data)
    rfid_rx_lock_flag                        0x200000e4   Data           1  rfid.o(.data)
    restart_flag                             0x200000e5   Data           1  rfid.o(.data)
    m_number                                 0x200000e6   Data           2  rfid.o(.data)
    rfid_len                                 0x200000e8   Data           2  rfid.o(.data)
    rfid_code                                0x200000ea   Data           2  rfid.o(.data)
    rfid_tx_cnt                              0x200000ec   Data           4  rfid.o(.data)
    rfid_cmd                                 0x200000f0   Data           4  rfid.o(.data)
    pbuf_rfid                                0x200000f4   Data           4  rfid.o(.data)
    _tx_complete                             0x200000f8   Data           1  server.o(.data)
    m_need_charge                            0x200000f9   Data           1  server.o(.data)
    recv_flag                                0x200000fa   Data           1  server.o(.data)
    recv_cnt                                 0x200000fc   Data           2  server.o(.data)
    m_CurrentSendBufferLen                   0x200000fe   Data           2  server.o(.data)
    server_rx_buffer_len                     0x20000100   Data           2  server.o(.data)
    sent_cnt                                 0x20000102   Data           2  server.o(.data)
    __stdout                                 0x20000104   Data           4  stdout.o(.data)
    __microlib_freelist                      0x20000108   Data           4  mvars.o(.data)
    __microlib_freelist_initialised          0x2000010c   Data           4  mvars.o(.data)
    hcan1                                    0x20000110   Data          40  can.o(.bss)
    hcan2                                    0x20000138   Data          40  can.o(.bss)
    htim4                                    0x20000178   Data          72  bsp_ultrawave.o(.bss)
    htim5                                    0x200001c0   Data          72  bsp_ultrawave.o(.bss)
    htim2                                    0x20000208   Data          72  time.o(.bss)
    UartHandle                               0x20000250   Data          68  bsp_debug_usart.o(.bss)
    huart1                                   0x200002b8   Data          68  bsp_rc.o(.bss)
    hdma_usart1_rx                           0x200002fc   Data          96  bsp_rc.o(.bss)
    huart6                                   0x2000035c   Data          68  bsp_485_battery.o(.bss)
    hdma_usart6_tx                           0x200003a0   Data          96  bsp_485_battery.o(.bss)
    hdma_usart6_rx                           0x20000400   Data          96  bsp_485_battery.o(.bss)
    usart_buff_battery                       0x20000460   Data        1024  bsp_485_battery.o(.bss)
    usart_buff_battery_bak                   0x20000860   Data        1024  bsp_485_battery.o(.bss)
    huart8                                   0x20000c60   Data          68  bsp_485_rfid.o(.bss)
    hdma_uart8_tx                            0x20000ca4   Data          96  bsp_485_rfid.o(.bss)
    hdma_uart8_rx                            0x20000d04   Data          96  bsp_485_rfid.o(.bss)
    usart_buff_rfid                          0x20000d64   Data         256  bsp_485_rfid.o(.bss)
    usart_buff_rfid_bak                      0x20000e64   Data         256  bsp_485_rfid.o(.bss)
    huart7                                   0x20000f64   Data          68  bsp_485_server.o(.bss)
    hdma_uart7_rx                            0x20000fa8   Data          96  bsp_485_server.o(.bss)
    hdma_uart7_tx                            0x20001008   Data          96  bsp_485_server.o(.bss)
    uart_buff_server                         0x20001068   Data        1024  bsp_485_server.o(.bss)
    Motor_measure                            0x20001468   Data          80  chassiscontroller.o(.bss)
    Motor_pid                                0x200014b8   Data         272  chassiscontroller.o(.bss)
    vx_filter                                0x200015c8   Data         240  chassiscontroller.o(.bss)
    m_rc                                     0x200016b8   Data          22  chassiscontroller.o(.bss)
    m_ctrl                                   0x200016d0   Data          24  controllerdummy.o(.bss)
    m_server_ctrl                            0x200016e8   Data          40  controllerdummy.o(.bss)
    m_rc_ctrl                                0x20001710   Data          22  controllerrc.o(.bss)
    m_sensor_t                               0x20001728   Data          24  controllerrc.o(.bss)
    battery_info                             0x20001840   Data          12  battery.o(.bss)
    m_rc_raw                                 0x2000184c   Data          22  rc.o(.bss)
    server_tx_buffer                         0x20001964   Data         256  server.o(.bss)
    sent_msg                                 0x20001a64   Data         256  server.o(.bss)
    server_rx_buffer                         0x20001b64   Data         256  server.o(.bss)
    m_server                                 0x20001c64   Data          40  server.o(.bss)
    txQueue                                  0x20001c8c   Data        2563  server.o(.bss)
    __heap_base                              0x20002690   Data           0  startup_stm32f427xx.o(HEAP)
    __heap_limit                             0x20003590   Data           0  startup_stm32f427xx.o(HEAP)
    __initial_sp                             0x20003990   Data           0  startup_stm32f427xx.o(STACK)



==============================================================================

Memory Map of the image

  Image Entry point : 0x080001ad

  Load Region LR_IROM1 (Base: 0x08000000, Size: 0x000073e4, Max: 0x00200000, ABSOLUTE)

    Execution Region ER_IROM1 (Exec base: 0x08000000, Load base: 0x08000000, Size: 0x000072d4, Max: 0x00200000, ABSOLUTE)

    Exec Addr    Load Addr    Size         Type   Attr      Idx    E Section Name        Object

    0x08000000   0x08000000   0x000001ac   Data   RO            3    RESET               startup_stm32f427xx.o
    0x080001ac   0x080001ac   0x00000000   Code   RO         5397  * .ARM.Collect$$$$00000000  mc_w.l(entry.o)
    0x080001ac   0x080001ac   0x00000004   Code   RO         5727    .ARM.Collect$$$$00000001  mc_w.l(entry2.o)
    0x080001b0   0x080001b0   0x00000004   Code   RO         5730    .ARM.Collect$$$$00000004  mc_w.l(entry5.o)
    0x080001b4   0x080001b4   0x00000000   Code   RO         5732    .ARM.Collect$$$$00000008  mc_w.l(entry7b.o)
    0x080001b4   0x080001b4   0x00000000   Code   RO         5734    .ARM.Collect$$$$0000000A  mc_w.l(entry8b.o)
    0x080001b4   0x080001b4   0x00000008   Code   RO         5735    .ARM.Collect$$$$0000000B  mc_w.l(entry9a.o)
    0x080001bc   0x080001bc   0x00000004   Code   RO         5742    .ARM.Collect$$$$0000000E  mc_w.l(entry12b.o)
    0x080001c0   0x080001c0   0x00000000   Code   RO         5737    .ARM.Collect$$$$0000000F  mc_w.l(entry10a.o)
    0x080001c0   0x080001c0   0x00000000   Code   RO         5739    .ARM.Collect$$$$00000011  mc_w.l(entry11a.o)
    0x080001c0   0x080001c0   0x00000004   Code   RO         5728    .ARM.Collect$$$$00002712  mc_w.l(entry2.o)
    0x080001c4   0x080001c4   0x00000024   Code   RO            4    .text               startup_stm32f427xx.o
    0x080001e8   0x080001e8   0x00000062   Code   RO         5400    .text               mc_w.l(uldiv.o)
    0x0800024a   0x0800024a   0x0000000c   Code   RO         5402    .text               mc_w.l(tolower.o)
    0x08000256   0x08000256   0x00000024   Code   RO         5404    .text               mc_w.l(memcpya.o)
    0x0800027a   0x0800027a   0x00000024   Code   RO         5406    .text               mc_w.l(memseta.o)
    0x0800029e   0x0800029e   0x0000000e   Code   RO         5408    .text               mc_w.l(strlen.o)
    0x080002ac   0x080002ac   0x0000001c   Code   RO         5410    .text               mc_w.l(strcmp.o)
    0x080002c8   0x080002c8   0x00000012   Code   RO         5412    .text               mc_w.l(strcpy.o)
    0x080002da   0x080002da   0x0000001e   Code   RO         5414    .text               mc_w.l(strncmp.o)
    0x080002f8   0x080002f8   0x00000360   Code   RO         5709    .text               mc_w.l(scanf_fp.o)
    0x08000658   0x08000658   0x0000014e   Code   RO         5713    .text               mf_w.l(dadd.o)
    0x080007a6   0x080007a6   0x000000e4   Code   RO         5715    .text               mf_w.l(dmul.o)
    0x0800088a   0x0800088a   0x0000003e   Code   RO         5719    .text               mf_w.l(dfixi.o)
    0x080008c8   0x080008c8   0x00000030   Code   RO         5723    .text               mf_w.l(cdcmple.o)
    0x080008f8   0x080008f8   0x00000030   Code   RO         5725    .text               mf_w.l(cdrcmple.o)
    0x08000928   0x08000928   0x0000002c   Code   RO         5744    .text               mc_w.l(uidiv.o)
    0x08000954   0x08000954   0x0000001e   Code   RO         5746    .text               mc_w.l(llshl.o)
    0x08000972   0x08000972   0x00000020   Code   RO         5748    .text               mc_w.l(llushr.o)
    0x08000992   0x08000992   0x00000024   Code   RO         5750    .text               mc_w.l(llsshr.o)
    0x080009b6   0x080009b6   0x00000040   Code   RO         5756    .text               mc_w.l(_sgetc.o)
    0x080009f6   0x080009f6   0x00000002   PAD
    0x080009f8   0x080009f8   0x0000009c   Code   RO         5758    .text               mc_w.l(strtod.o)
    0x08000a94   0x08000a94   0x00000000   Code   RO         5760    .text               mc_w.l(iusefp.o)
    0x08000a94   0x08000a94   0x000000ba   Code   RO         5761    .text               mf_w.l(depilogue.o)
    0x08000b4e   0x08000b4e   0x000000de   Code   RO         5763    .text               mf_w.l(ddiv.o)
    0x08000c2c   0x08000c2c   0x00000018   Code   RO         5765    .text               mf_w.l(dfltul.o)
    0x08000c44   0x08000c44   0x00000030   Code   RO         5767    .text               mf_w.l(dfixul.o)
    0x08000c74   0x08000c74   0x00000038   Code   RO         5769    .text               mf_w.l(d2f.o)
    0x08000cac   0x08000cac   0x00000024   Code   RO         5771    .text               mc_w.l(init.o)
    0x08000cd0   0x08000cd0   0x0000000a   Code   RO         5773    .text               mc_w.l(isspace_c.o)
    0x08000cda   0x08000cda   0x0000006e   Code   RO         5777    .text               mf_w.l(fepilogue.o)
    0x08000d48   0x08000d48   0x00000028   Code   RO         5779    .text               mc_w.l(ctype_c.o)
    0x08000d70   0x08000d70   0x00000040   Code   RO         4592    i.BATTERY_DMA_Rx_ReStart  bsp_485_battery.o
    0x08000db0   0x08000db0   0x00000128   Code   RO         4593    i.BSP_Battery_Config  bsp_485_battery.o
    0x08000ed8   0x08000ed8   0x00000128   Code   RO         4668    i.BSP_RFID_Config   bsp_485_rfid.o
    0x08001000   0x08001000   0x0000000e   Code   RO         5032    i.Battery_Init      battery.o
    0x0800100e   0x0800100e   0x00000002   PAD
    0x08001010   0x08001010   0x0000007c   Code   RO         5033    i.Battery_ParseFrame  battery.o
    0x0800108c   0x0800108c   0x00000040   Code   RO         5034    i.Battery_SendRequest  battery.o
    0x080010cc   0x080010cc   0x00000064   Code   RO         5035    i.Battery_Update    battery.o
    0x08001130   0x08001130   0x00000014   Code   RO         5036    i.Battery_ifNeedCharge  battery.o
    0x08001144   0x08001144   0x0000001c   Code   RO         5037    i.Battery_isCharging  battery.o
    0x08001160   0x08001160   0x0000001c   Code   RO         5038    i.Battery_t_init    battery.o
    0x0800117c   0x0800117c   0x00000002   Code   RO          368    i.BusFault_Handler  stm32f4xx_it.o
    0x0800117e   0x0800117e   0x00000002   PAD
    0x08001180   0x08001180   0x0000000c   Code   RO          369    i.CAN1_RX0_IRQHandler  stm32f4xx_it.o
    0x0800118c   0x0800118c   0x0000000c   Code   RO          370    i.CAN1_TX_IRQHandler  stm32f4xx_it.o
    0x08001198   0x08001198   0x0000000c   Code   RO          371    i.CAN2_RX0_IRQHandler  stm32f4xx_it.o
    0x080011a4   0x080011a4   0x0000000c   Code   RO          372    i.CAN2_TX_IRQHandler  stm32f4xx_it.o
    0x080011b0   0x080011b0   0x0000000c   Code   RO         4669    i.DMA1_Stream0_IRQHandler  bsp_485_rfid.o
    0x080011bc   0x080011bc   0x0000000c   Code   RO         4744    i.DMA1_Stream1_IRQHandler  bsp_485_server.o
    0x080011c8   0x080011c8   0x0000000c   Code   RO         4745    i.DMA1_Stream3_IRQHandler  bsp_485_server.o
    0x080011d4   0x080011d4   0x0000000c   Code   RO         4594    i.DMA2_Stream6_IRQHandler  bsp_485_battery.o
    0x080011e0   0x080011e0   0x00000028   Code   RO         1346    i.DMA_CalcBaseAndBitshift  stm32f4xx_hal_dma.o
    0x08001208   0x08001208   0x00000054   Code   RO         1347    i.DMA_CheckFifoParam  stm32f4xx_hal_dma.o
    0x0800125c   0x0800125c   0x00000028   Code   RO         1348    i.DMA_SetConfig     stm32f4xx_hal_dma.o
    0x08001284   0x08001284   0x00000002   Code   RO          373    i.DebugMon_Handler  stm32f4xx_it.o
    0x08001286   0x08001286   0x00000002   PAD
    0x08001288   0x08001288   0x00000020   Code   RO         4874    i.Dummy_Init        controllerdummy.o
    0x080012a8   0x080012a8   0x00000020   Code   RO         4875    i.Dummy_Reset       controllerdummy.o
    0x080012c8   0x080012c8   0x00000084   Code   RO         4876    i.Dummy_Update      controllerdummy.o
    0x0800134c   0x0800134c   0x00000004   Code   RO           13    i.Error_Handler     main.o
    0x08001350   0x08001350   0x00000044   Code   RO         5176    i.ExtractRFIDNumber  rfid.o
    0x08001394   0x08001394   0x00000030   Code   RO         5340    i.Filter_Init       first_order_filter.o
    0x080013c4   0x080013c4   0x00000058   Code   RO         5341    i.Filter_Update     first_order_filter.o
    0x0800141c   0x0800141c   0x00000010   Code   RO         4877    i.Get_MotorSpeed    controllerdummy.o
    0x0800142c   0x0800142c   0x0000000c   Code   RO         5177    i.Get_Number        rfid.o
    0x08001438   0x08001438   0x00000014   Code   RO         3660    i.Get_PGState       bsp_photogate.o
    0x0800144c   0x0800144c   0x0000000c   Code   RO         5039    i.Get_SOC           battery.o
    0x08001458   0x08001458   0x0000000c   Code   RO         4878    i.Get_SensorData    controllerdummy.o
    0x08001464   0x08001464   0x00000018   Code   RO         3618    i.Get_frontlimitState  bsp_limitswitch.o
    0x0800147c   0x0800147c   0x0000000c   Code   RO         5241    i.Get_ifaction      server.o
    0x08001488   0x08001488   0x00000018   Code   RO         3619    i.Get_rearlimitState  bsp_limitswitch.o
    0x080014a0   0x080014a0   0x0000000c   Code   RO         5242    i.Get_serverMsg     server.o
    0x080014ac   0x080014ac   0x00000038   Code   RO         4879    i.Get_test_index    controllerdummy.o
    0x080014e4   0x080014e4   0x0000000c   Code   RO           14    i.Get_tick          main.o
    0x080014f0   0x080014f0   0x00000024   Code   RO          602    i.HAL_CAN_ActivateNotification  stm32f4xx_hal_can.o
    0x08001514   0x08001514   0x000000dc   Code   RO          603    i.HAL_CAN_AddTxMessage  stm32f4xx_hal_can.o
    0x080015f0   0x080015f0   0x0000010c   Code   RO          604    i.HAL_CAN_ConfigFilter  stm32f4xx_hal_can.o
    0x080016fc   0x080016fc   0x00000002   Code   RO          607    i.HAL_CAN_ErrorCallback  stm32f4xx_hal_can.o
    0x080016fe   0x080016fe   0x000000e8   Code   RO          610    i.HAL_CAN_GetRxMessage  stm32f4xx_hal_can.o
    0x080017e6   0x080017e6   0x000001fc   Code   RO          614    i.HAL_CAN_IRQHandler  stm32f4xx_hal_can.o
    0x080019e2   0x080019e2   0x0000011a   Code   RO          615    i.HAL_CAN_Init      stm32f4xx_hal_can.o
    0x08001afc   0x08001afc   0x00000134   Code   RO          268    i.HAL_CAN_MspInit   can.o
    0x08001c30   0x08001c30   0x00000002   Code   RO          622    i.HAL_CAN_RxFifo0FullCallback  stm32f4xx_hal_can.o
    0x08001c32   0x08001c32   0x00000002   PAD
    0x08001c34   0x08001c34   0x00000050   Code   RO         3417    i.HAL_CAN_RxFifo0MsgPendingCallback  bsp_can.o
    0x08001c84   0x08001c84   0x00000002   Code   RO          624    i.HAL_CAN_RxFifo1FullCallback  stm32f4xx_hal_can.o
    0x08001c86   0x08001c86   0x00000002   Code   RO          625    i.HAL_CAN_RxFifo1MsgPendingCallback  stm32f4xx_hal_can.o
    0x08001c88   0x08001c88   0x00000002   Code   RO          626    i.HAL_CAN_SleepCallback  stm32f4xx_hal_can.o
    0x08001c8a   0x08001c8a   0x00000002   PAD
    0x08001c8c   0x08001c8c   0x00000058   Code   RO          627    i.HAL_CAN_Start     stm32f4xx_hal_can.o
    0x08001ce4   0x08001ce4   0x00000002   Code   RO          629    i.HAL_CAN_TxMailbox0AbortCallback  stm32f4xx_hal_can.o
    0x08001ce6   0x08001ce6   0x00000002   Code   RO          630    i.HAL_CAN_TxMailbox0CompleteCallback  stm32f4xx_hal_can.o
    0x08001ce8   0x08001ce8   0x00000002   Code   RO          631    i.HAL_CAN_TxMailbox1AbortCallback  stm32f4xx_hal_can.o
    0x08001cea   0x08001cea   0x00000002   Code   RO          632    i.HAL_CAN_TxMailbox1CompleteCallback  stm32f4xx_hal_can.o
    0x08001cec   0x08001cec   0x00000002   Code   RO          633    i.HAL_CAN_TxMailbox2AbortCallback  stm32f4xx_hal_can.o
    0x08001cee   0x08001cee   0x00000002   Code   RO          634    i.HAL_CAN_TxMailbox2CompleteCallback  stm32f4xx_hal_can.o
    0x08001cf0   0x08001cf0   0x00000002   Code   RO          636    i.HAL_CAN_WakeUpFromRxMsgCallback  stm32f4xx_hal_can.o
    0x08001cf2   0x08001cf2   0x00000092   Code   RO         1349    i.HAL_DMA_Abort     stm32f4xx_hal_dma.o
    0x08001d84   0x08001d84   0x00000024   Code   RO         1350    i.HAL_DMA_Abort_IT  stm32f4xx_hal_dma.o
    0x08001da8   0x08001da8   0x00000062   Code   RO         1351    i.HAL_DMA_DeInit    stm32f4xx_hal_dma.o
    0x08001e0a   0x08001e0a   0x00000004   Code   RO         1352    i.HAL_DMA_GetError  stm32f4xx_hal_dma.o
    0x08001e0e   0x08001e0e   0x00000002   PAD
    0x08001e10   0x08001e10   0x000001a0   Code   RO         1354    i.HAL_DMA_IRQHandler  stm32f4xx_hal_dma.o
    0x08001fb0   0x08001fb0   0x000000d4   Code   RO         1355    i.HAL_DMA_Init      stm32f4xx_hal_dma.o
    0x08002084   0x08002084   0x0000006e   Code   RO         1359    i.HAL_DMA_Start_IT  stm32f4xx_hal_dma.o
    0x080020f2   0x080020f2   0x00000002   PAD
    0x080020f4   0x080020f4   0x00000234   Code   RO         1242    i.HAL_GPIO_Init     stm32f4xx_hal_gpio.o
    0x08002328   0x08002328   0x0000000a   Code   RO         1244    i.HAL_GPIO_ReadPin  stm32f4xx_hal_gpio.o
    0x08002332   0x08002332   0x0000000a   Code   RO         1246    i.HAL_GPIO_WritePin  stm32f4xx_hal_gpio.o
    0x0800233c   0x0800233c   0x0000000c   Code   RO         1794    i.HAL_GetTick       stm32f4xx_hal.o
    0x08002348   0x08002348   0x00000010   Code   RO         1800    i.HAL_IncTick       stm32f4xx_hal.o
    0x08002358   0x08002358   0x00000034   Code   RO         1801    i.HAL_Init          stm32f4xx_hal.o
    0x0800238c   0x0800238c   0x00000040   Code   RO         1802    i.HAL_InitTick      stm32f4xx_hal.o
    0x080023cc   0x080023cc   0x00000030   Code   RO          344    i.HAL_MspInit       stm32f4xx_hal_msp.o
    0x080023fc   0x080023fc   0x0000001a   Code   RO         1649    i.HAL_NVIC_EnableIRQ  stm32f4xx_hal_cortex.o
    0x08002416   0x08002416   0x00000002   PAD
    0x08002418   0x08002418   0x00000040   Code   RO         1655    i.HAL_NVIC_SetPriority  stm32f4xx_hal_cortex.o
    0x08002458   0x08002458   0x00000024   Code   RO         1656    i.HAL_NVIC_SetPriorityGrouping  stm32f4xx_hal_cortex.o
    0x0800247c   0x0800247c   0x00000134   Code   RO          836    i.HAL_RCC_ClockConfig  stm32f4xx_hal_rcc.o
    0x080025b0   0x080025b0   0x00000020   Code   RO          843    i.HAL_RCC_GetPCLK1Freq  stm32f4xx_hal_rcc.o
    0x080025d0   0x080025d0   0x00000020   Code   RO          844    i.HAL_RCC_GetPCLK2Freq  stm32f4xx_hal_rcc.o
    0x080025f0   0x080025f0   0x00000064   Code   RO          845    i.HAL_RCC_GetSysClockFreq  stm32f4xx_hal_rcc.o
    0x08002654   0x08002654   0x0000036c   Code   RO          848    i.HAL_RCC_OscConfig  stm32f4xx_hal_rcc.o
    0x080029c0   0x080029c0   0x00000028   Code   RO         1660    i.HAL_SYSTICK_Config  stm32f4xx_hal_cortex.o
    0x080029e8   0x080029e8   0x0000005a   Code   RO         2051    i.HAL_TIM_Base_Init  stm32f4xx_hal_tim.o
    0x08002a42   0x08002a42   0x00000002   Code   RO         2053    i.HAL_TIM_Base_MspInit  stm32f4xx_hal_tim.o
    0x08002a44   0x08002a44   0x00000080   Code   RO         2056    i.HAL_TIM_Base_Start_IT  stm32f4xx_hal_tim.o
    0x08002ac4   0x08002ac4   0x000000cc   Code   RO         2123    i.HAL_TIM_PWM_ConfigChannel  stm32f4xx_hal_tim.o
    0x08002b90   0x08002b90   0x0000005a   Code   RO         2126    i.HAL_TIM_PWM_Init  stm32f4xx_hal_tim.o
    0x08002bea   0x08002bea   0x00000002   Code   RO         2128    i.HAL_TIM_PWM_MspInit  stm32f4xx_hal_tim.o
    0x08002bec   0x08002bec   0x000000c8   Code   RO         2131    i.HAL_TIM_PWM_Start  stm32f4xx_hal_tim.o
    0x08002cb4   0x08002cb4   0x00000002   Code   RO         3033    i.HAL_UARTEx_RxEventCallback  stm32f4xx_hal_uart.o
    0x08002cb6   0x08002cb6   0x00000094   Code   RO         3036    i.HAL_UART_AbortReceive  stm32f4xx_hal_uart.o
    0x08002d4a   0x08002d4a   0x00000070   Code   RO         3045    i.HAL_UART_DMAStop  stm32f4xx_hal_uart.o
    0x08002dba   0x08002dba   0x00000034   Code   RO         3046    i.HAL_UART_DeInit   stm32f4xx_hal_uart.o
    0x08002dee   0x08002dee   0x00000002   Code   RO         3047    i.HAL_UART_ErrorCallback  stm32f4xx_hal_uart.o
    0x08002df0   0x08002df0   0x00000268   Code   RO         3050    i.HAL_UART_IRQHandler  stm32f4xx_hal_uart.o
    0x08003058   0x08003058   0x00000062   Code   RO         3051    i.HAL_UART_Init     stm32f4xx_hal_uart.o
    0x080030ba   0x080030ba   0x00000002   Code   RO         3052    i.HAL_UART_MspDeInit  stm32f4xx_hal_uart.o
    0x080030bc   0x080030bc   0x00000002   Code   RO         3053    i.HAL_UART_MspInit  stm32f4xx_hal_uart.o
    0x080030be   0x080030be   0x0000002a   Code   RO         3055    i.HAL_UART_Receive_DMA  stm32f4xx_hal_uart.o
    0x080030e8   0x080030e8   0x00000002   Code   RO         3057    i.HAL_UART_RxCpltCallback  stm32f4xx_hal_uart.o
    0x080030ea   0x080030ea   0x00000002   Code   RO         3058    i.HAL_UART_RxHalfCpltCallback  stm32f4xx_hal_uart.o
    0x080030ec   0x080030ec   0x000000b2   Code   RO         3059    i.HAL_UART_Transmit  stm32f4xx_hal_uart.o
    0x0800319e   0x0800319e   0x00000002   PAD
    0x080031a0   0x080031a0   0x0000008c   Code   RO         3060    i.HAL_UART_Transmit_DMA  stm32f4xx_hal_uart.o
    0x0800322c   0x0800322c   0x00000030   Code   RO          474    i.HAL_UART_TxCpltCallback  usart_callback.o
    0x0800325c   0x0800325c   0x00000002   Code   RO         3063    i.HAL_UART_TxHalfCpltCallback  stm32f4xx_hal_uart.o
    0x0800325e   0x0800325e   0x00000002   Code   RO          374    i.HardFault_Handler  stm32f4xx_it.o
    0x08003260   0x08003260   0x000000fc   Code   RO         4828    i.Init              chassiscontroller.o
    0x0800335c   0x0800335c   0x00000034   Code   RO         3463    i.Key_GPIO_Config   bsp_key.o
    0x08003390   0x08003390   0x00000004   Code   RO         3502    i.L298N_Config      bsp_l298n.o
    0x08003394   0x08003394   0x00000070   Code   RO         3567    i.LED_GPIO_Config   bsp_led.o
    0x08003404   0x08003404   0x00000048   Code   RO         3620    i.Limit_Switch_Config  bsp_limitswitch.o
    0x0800344c   0x0800344c   0x00000048   Code   RO          269    i.MX_CAN1_Init      can.o
    0x08003494   0x08003494   0x0000006c   Code   RO          320    i.MX_GPIO_Init      gpio.o
    0x08003500   0x08003500   0x00000002   Code   RO          375    i.MemManage_Handler  stm32f4xx_it.o
    0x08003502   0x08003502   0x00000040   Code   RO         3418    i.Motor_measure_fun  bsp_can.o
    0x08003542   0x08003542   0x00000010   Code   RO         5243    i.MsgQueue_Init     server.o
    0x08003552   0x08003552   0x00000002   PAD
    0x08003554   0x08003554   0x00000054   Code   RO         5244    i.MsgQueue_Pop      server.o
    0x080035a8   0x080035a8   0x0000004c   Code   RO         5245    i.MsgQueue_Push     server.o
    0x080035f4   0x080035f4   0x00000002   Code   RO          376    i.NMI_Handler       stm32f4xx_it.o
    0x080035f6   0x080035f6   0x00000012   Code   RO         3757    i.PID_Init          pid.o
    0x08003608   0x08003608   0x00000144   Code   RO         3758    i.PID_calc          pid.o
    0x0800374c   0x0800374c   0x00000002   Code   RO          377    i.PendSV_Handler    stm32f4xx_it.o
    0x0800374e   0x0800374e   0x00000002   PAD
    0x08003750   0x08003750   0x0000003c   Code   RO         3661    i.Photogate_Config  bsp_photogate.o
    0x0800378c   0x0800378c   0x00000018   Code   RO         3662    i.Photogate_Update  bsp_photogate.o
    0x080037a4   0x080037a4   0x00000020   Code   RO         3503    i.PushRod_Backward  bsp_l298n.o
    0x080037c4   0x080037c4   0x00000020   Code   RO         3504    i.PushRod_Forward   bsp_l298n.o
    0x080037e4   0x080037e4   0x00000020   Code   RO         3505    i.PushRod_StartCharge  bsp_l298n.o
    0x08003804   0x08003804   0x00000034   Code   RO         3506    i.PushRod_Stop      bsp_l298n.o
    0x08003838   0x08003838   0x00000020   Code   RO         3507    i.PushRod_StopCharge  bsp_l298n.o
    0x08003858   0x08003858   0x000000ec   Code   RO         4998    i.RC_Control        controllerrc.o
    0x08003944   0x08003944   0x0000000c   Code   RO         5116    i.RC_GetData        rc.o
    0x08003950   0x08003950   0x00000010   Code   RO         5117    i.RC_GetDirection   rc.o
    0x08003960   0x08003960   0x00000010   Code   RO         5118    i.RC_GetMode        rc.o
    0x08003970   0x08003970   0x00000004   Code   RO         5119    i.RC_Init           rc.o
    0x08003974   0x08003974   0x00000044   Code   RO         5120    i.RC_Update         rc.o
    0x080039b8   0x080039b8   0x0000001c   Code   RO         4999    i.RC_ctrl_Update    controllerrc.o
    0x080039d4   0x080039d4   0x00000004   Code   RO         5178    i.RFID_Config       rfid.o
    0x080039d8   0x080039d8   0x00000040   Code   RO         4670    i.RFID_DMA_Rx_ReStart  bsp_485_rfid.o
    0x08003a18   0x08003a18   0x0000000c   Code   RO         5180    i.RFID_SendCommand  rfid.o
    0x08003a24   0x08003a24   0x00000020   Code   RO         4671    i.RFID_SendStr      bsp_485_rfid.o
    0x08003a44   0x08003a44   0x00000050   Code   RO         5181    i.RFID_Update       rfid.o
    0x08003a94   0x08003a94   0x00000060   Code   RO         4487    i.RGB_Config        bsp_rgb.o
    0x08003af4   0x08003af4   0x00000078   Code   RO         4489    i.RGB_ON            bsp_rgb.o
    0x08003b6c   0x08003b6c   0x00000010   Code   RO         4880    i.Reset_flag        controllerdummy.o
    0x08003b7c   0x08003b7c   0x000000b0   Code   RO         5121    i.SBUS_TO_RC        rc.o
    0x08003c2c   0x08003c2c   0x00000002   Code   RO          378    i.SVC_Handler       stm32f4xx_it.o
    0x08003c2e   0x08003c2e   0x00000002   PAD
    0x08003c30   0x08003c30   0x0000002c   Code   RO         4881    i.Sensor_t_Init     controllerdummy.o
    0x08003c5c   0x08003c5c   0x0000001c   Code   RO         4882    i.Sensor_t_Reset    controllerdummy.o
    0x08003c78   0x08003c78   0x00000088   Code   RO         4883    i.Sensor_t_Update   controllerdummy.o
    0x08003d00   0x08003d00   0x00000014   Code   RO         5246    i.ServerMsg_Init    server.o
    0x08003d14   0x08003d14   0x0000001c   Code   RO         5247    i.Server_Init       server.o
    0x08003d30   0x08003d30   0x00000020   Code   RO         4746    i.Server_SendString  bsp_485_server.o
    0x08003d50   0x08003d50   0x000000d8   Code   RO         5248    i.Server_Update     server.o
    0x08003e28   0x08003e28   0x0000002c   Code   RO         4829    i.Set_RGB           chassiscontroller.o
    0x08003e54   0x08003e54   0x00000044   Code   RO         3419    i.Set_motor_cmd     bsp_can.o
    0x08003e98   0x08003e98   0x00000010   Code   RO         4884    i.SetxSpeed         controllerdummy.o
    0x08003ea8   0x08003ea8   0x0000000c   Code   RO         4885    i.SetySpeed         controllerdummy.o
    0x08003eb4   0x08003eb4   0x00000010   Code   RO         4886    i.StateMachine_Init  controllerdummy.o
    0x08003ec4   0x08003ec4   0x0000044c   Code   RO         4887    i.SwitchState       controllerdummy.o
    0x08004310   0x08004310   0x00000004   Code   RO          379    i.SysTick_Handler   stm32f4xx_it.o
    0x08004314   0x08004314   0x00000094   Code   RO           15    i.SystemClock_Config  main.o
    0x080043a8   0x080043a8   0x00000010   Code   RO         3380    i.SystemInit        system_stm32f4xx.o
    0x080043b8   0x080043b8   0x00000028   Code   RO          380    i.TIM2_IRQHandler   stm32f4xx_it.o
    0x080043e0   0x080043e0   0x000000c8   Code   RO         2144    i.TIM_Base_SetConfig  stm32f4xx_hal_tim.o
    0x080044a8   0x080044a8   0x0000001a   Code   RO         2145    i.TIM_CCxChannelCmd  stm32f4xx_hal_tim.o
    0x080044c2   0x080044c2   0x00000002   PAD
    0x080044c4   0x080044c4   0x00000060   Code   RO         2157    i.TIM_OC1_SetConfig  stm32f4xx_hal_tim.o
    0x08004524   0x08004524   0x0000006c   Code   RO         2158    i.TIM_OC2_SetConfig  stm32f4xx_hal_tim.o
    0x08004590   0x08004590   0x00000068   Code   RO         2159    i.TIM_OC3_SetConfig  stm32f4xx_hal_tim.o
    0x080045f8   0x080045f8   0x00000050   Code   RO         2160    i.TIM_OC4_SetConfig  stm32f4xx_hal_tim.o
    0x08004648   0x08004648   0x00000054   Code   RO         3787    i.Time_Init         time.o
    0x0800469c   0x0800469c   0x00000150   Code   RO         4747    i.UART7_Config      bsp_485_server.o
    0x080047ec   0x080047ec   0x00000050   Code   RO         4748    i.UART7_IRQHandler  bsp_485_server.o
    0x0800483c   0x0800483c   0x00000070   Code   RO         4672    i.UART8_IRQHandler  bsp_485_rfid.o
    0x080048ac   0x080048ac   0x00000010   Code   RO         3064    i.UART_DMAAbortOnError  stm32f4xx_hal_uart.o
    0x080048bc   0x080048bc   0x0000004a   Code   RO         3065    i.UART_DMAError     stm32f4xx_hal_uart.o
    0x08004906   0x08004906   0x00000082   Code   RO         3066    i.UART_DMAReceiveCplt  stm32f4xx_hal_uart.o
    0x08004988   0x08004988   0x0000001a   Code   RO         3068    i.UART_DMARxHalfCplt  stm32f4xx_hal_uart.o
    0x080049a2   0x080049a2   0x00000042   Code   RO         3070    i.UART_DMATransmitCplt  stm32f4xx_hal_uart.o
    0x080049e4   0x080049e4   0x0000000a   Code   RO         3072    i.UART_DMATxHalfCplt  stm32f4xx_hal_uart.o
    0x080049ee   0x080049ee   0x0000004e   Code   RO         3074    i.UART_EndRxTransfer  stm32f4xx_hal_uart.o
    0x08004a3c   0x08004a3c   0x0000001c   Code   RO         3075    i.UART_EndTxTransfer  stm32f4xx_hal_uart.o
    0x08004a58   0x08004a58   0x000000c0   Code   RO         3076    i.UART_Receive_IT   stm32f4xx_hal_uart.o
    0x08004b18   0x08004b18   0x0000010c   Code   RO         3077    i.UART_SetConfig    stm32f4xx_hal_uart.o
    0x08004c24   0x08004c24   0x00000090   Code   RO         3078    i.UART_Start_Receive_DMA  stm32f4xx_hal_uart.o
    0x08004cb4   0x08004cb4   0x00000078   Code   RO         3080    i.UART_WaitOnFlagUntilTimeout  stm32f4xx_hal_uart.o
    0x08004d2c   0x08004d2c   0x0000004c   Code   RO         4526    i.USART1_IRQHandler  bsp_rc.o
    0x08004d78   0x08004d78   0x00000070   Code   RO         4595    i.USART6_IRQHandler  bsp_485_battery.o
    0x08004de8   0x08004de8   0x00000138   Code   RO         3702    i.Ultrawave_Config  bsp_ultrawave.o
    0x08004f20   0x08004f20   0x00000088   Code   RO         3704    i.Ultrawave_Update  bsp_ultrawave.o
    0x08004fa8   0x08004fa8   0x00000128   Code   RO         4830    i.Update            chassiscontroller.o
    0x080050d0   0x080050d0   0x00000002   Code   RO          381    i.UsageFault_Handler  stm32f4xx_it.o
    0x080050d2   0x080050d2   0x00000002   PAD
    0x080050d4   0x080050d4   0x00000054   Code   RO         5342    i.VxFilter_GetResult  first_order_filter.o
    0x08005128   0x08005128   0x00000044   Code   RO         5343    i.VxFilter_Init     first_order_filter.o
    0x0800516c   0x0800516c   0x00000038   Code   RO         5344    i.VxFilter_Update   first_order_filter.o
    0x080051a4   0x080051a4   0x00000020   Code   RO         5651    i.__0printf         mc_w.l(printfa.o)
    0x080051c4   0x080051c4   0x00000034   Code   RO         5652    i.__0snprintf       mc_w.l(printfa.o)
    0x080051f8   0x080051f8   0x00000020   Code   RO         1662    i.__NVIC_SetPriority  stm32f4xx_hal_cortex.o
    0x08005218   0x08005218   0x0000005c   Code   RO         5683    i.__free$realloc    mc_w.l(mallocr.o)
    0x08005274   0x08005274   0x00000004   PAD
    0x08005278   0x08005278   0x00000028   Code   RO         5391    i.__hardfp_strtod   m_wm.l(strtod.o)
    0x080052a0   0x080052a0   0x00000050   Code   RO         5684    i.__malloc$realloc  mc_w.l(mallocr.o)
    0x080052f0   0x080052f0   0x0000000e   Code   RO         5784    i.__scatterload_copy  mc_w.l(handlers.o)
    0x080052fe   0x080052fe   0x00000002   Code   RO         5785    i.__scatterload_null  mc_w.l(handlers.o)
    0x08005300   0x08005300   0x0000000e   Code   RO         5786    i.__scatterload_zeroinit  mc_w.l(handlers.o)
    0x0800530e   0x0800530e   0x00000002   PAD
    0x08005310   0x08005310   0x00000184   Code   RO         5658    i._fp_digits        mc_w.l(printfa.o)
    0x08005494   0x08005494   0x0000000e   Code   RO         5711    i._is_digit         mc_w.l(scanf_fp.o)
    0x080054a2   0x080054a2   0x00000002   PAD
    0x080054a4   0x080054a4   0x000006b4   Code   RO         5659    i._printf_core      mc_w.l(printfa.o)
    0x08005b58   0x08005b58   0x00000024   Code   RO         5660    i._printf_post_padding  mc_w.l(printfa.o)
    0x08005b7c   0x08005b7c   0x0000002e   Code   RO         5661    i._printf_pre_padding  mc_w.l(printfa.o)
    0x08005baa   0x08005baa   0x00000016   Code   RO         5662    i._snputc           mc_w.l(printfa.o)
    0x08005bc0   0x08005bc0   0x00000038   Code   RO         5249    i.append_string     server.o
    0x08005bf8   0x08005bf8   0x00000020   Code   RO         4596    i.battery_SendString  bsp_485_battery.o
    0x08005c18   0x08005c18   0x0000000c   Code   RO         5040    i.battery_if_rx_lock  battery.o
    0x08005c24   0x08005c24   0x00000090   Code   RO         5041    i.battery_uart_send_frame  battery.o
    0x08005cb4   0x08005cb4   0x000000fc   Code   RO         4527    i.bsp_rc_Config     bsp_rc.o
    0x08005db0   0x08005db0   0x00000030   Code   RO         3864    i.buffer_skip_whitespace  cjson.o
    0x08005de0   0x08005de0   0x00000050   Code   RO         3896    i.cJSON_Delete      cjson.o
    0x08005e30   0x08005e30   0x00000006   Code   RO         3909    i.cJSON_GetObjectItem  cjson.o
    0x08005e36   0x08005e36   0x00000012   Code   RO         3923    i.cJSON_IsString    cjson.o
    0x08005e48   0x08005e48   0x00000016   Code   RO         3926    i.cJSON_New_Item    cjson.o
    0x08005e5e   0x08005e5e   0x00000008   Code   RO         3927    i.cJSON_Parse       cjson.o
    0x08005e66   0x08005e66   0x00000002   PAD
    0x08005e68   0x08005e68   0x000000dc   Code   RO         3929    i.cJSON_ParseWithLengthOpts  cjson.o
    0x08005f44   0x08005f44   0x00000022   Code   RO         3930    i.cJSON_ParseWithOpts  cjson.o
    0x08005f66   0x08005f66   0x00000002   PAD
    0x08005f68   0x08005f68   0x00000058   Code   RO         3420    i.can_filter_init   bsp_can.o
    0x08005fc0   0x08005fc0   0x00000010   Code   RO         4597    i.clean_battery_rebuff  bsp_485_battery.o
    0x08005fd0   0x08005fd0   0x0000001c   Code   RO         4531    i.clean_rc_rebuff   bsp_rc.o
    0x08005fec   0x08005fec   0x00000010   Code   RO         4673    i.clean_rfid_rebuff  bsp_485_rfid.o
    0x08005ffc   0x08005ffc   0x00000020   Code   RO         4749    i.clean_server_rebuff  bsp_485_server.o
    0x0800601c   0x0800601c   0x00000018   Code   RO         3820    i.fputc             bsp_debug_usart.o
    0x08006034   0x08006034   0x00000020   Code   RO         4598    i.get_battery_rebuff  bsp_485_battery.o
    0x08006054   0x08006054   0x0000000c   Code   RO         4599    i.get_battery_rx_complete  bsp_485_battery.o
    0x08006060   0x08006060   0x0000002a   Code   RO         4888    i.get_direction     controllerdummy.o
    0x0800608a   0x0800608a   0x0000007a   Code   RO         3949    i.get_object_item   cjson.o
    0x08006104   0x08006104   0x00000014   Code   RO         4889    i.get_previous_point  controllerdummy.o
    0x08006118   0x08006118   0x00000020   Code   RO         4532    i.get_rc_rebuff     bsp_rc.o
    0x08006138   0x08006138   0x00000020   Code   RO         4674    i.get_rfid_rebuff   bsp_485_rfid.o
    0x08006158   0x08006158   0x0000000c   Code   RO         4675    i.get_rfid_rx_complete  bsp_485_rfid.o
    0x08006164   0x08006164   0x00000020   Code   RO         4750    i.get_server_rebuff  bsp_485_server.o
    0x08006184   0x08006184   0x0000000c   Code   RO         4751    i.if_server_complete  bsp_485_server.o
    0x08006190   0x08006190   0x0000000e   Code   RO         4890    i.if_target_valid   controllerdummy.o
    0x0800619e   0x0800619e   0x00000002   PAD
    0x080061a0   0x080061a0   0x00000050   Code   RO         5685    i.internal_alloc    mc_w.l(mallocr.o)
    0x080061f0   0x080061f0   0x00000028   Code   RO         3508    i.l298n_GPIO_Config  bsp_l298n.o
    0x08006218   0x08006218   0x0000001c   Code   RO           16    i.main              main.o
    0x08006234   0x08006234   0x00000046   Code   RO         5250    i.parseStringToUint8  server.o
    0x0800627a   0x0800627a   0x000000d0   Code   RO         3951    i.parse_array       cjson.o
    0x0800634a   0x0800634a   0x00000040   Code   RO         3952    i.parse_hex4        cjson.o
    0x0800638a   0x0800638a   0x00000002   PAD
    0x0800638c   0x0800638c   0x00000100   Code   RO         3953    i.parse_number      cjson.o
    0x0800648c   0x0800648c   0x00000110   Code   RO         3954    i.parse_object      cjson.o
    0x0800659c   0x0800659c   0x0000010c   Code   RO         3955    i.parse_string      cjson.o
    0x080066a8   0x080066a8   0x000000fc   Code   RO         3956    i.parse_value       cjson.o
    0x080067a4   0x080067a4   0x00000100   Code   RO         5251    i.process_json      server.o
    0x080068a4   0x080068a4   0x0000006c   Code   RO         5686    i.realloc           mc_w.l(mallocr.o)
    0x08006910   0x08006910   0x0000000c   Code   RO         5182    i.rfid_if_rx_lock   rfid.o
    0x0800691c   0x0800691c   0x000007f8   Code   RO         5252    i.send_json_response  server.o
    0x08007114   0x08007114   0x0000000c   Code   RO         4752    i.uart7_tx_cplt     bsp_485_server.o
    0x08007120   0x08007120   0x0000000c   Code   RO         4676    i.uart8_tx_cplt     bsp_485_rfid.o
    0x0800712c   0x0800712c   0x0000000c   Code   RO         4600    i.usart6_tx_cplt    bsp_485_battery.o
    0x08007138   0x08007138   0x000000d2   Code   RO         3965    i.utf16_literal_to_utf8  cjson.o
    0x0800720a   0x0800720a   0x00000008   Data   RO         1361    .constdata          stm32f4xx_hal_dma.o
    0x08007212   0x08007212   0x00000010   Data   RO         3381    .constdata          system_stm32f4xx.o
    0x08007222   0x08007222   0x00000008   Data   RO         3382    .constdata          system_stm32f4xx.o
    0x0800722a   0x0800722a   0x00000040   Data   RO         5780    .constdata          mc_w.l(ctype_c.o)
    0x0800726a   0x0800726a   0x00000002   PAD
    0x0800726c   0x0800726c   0x00000045   Data   RO         4892    .conststring        controllerdummy.o
    0x080072b1   0x080072b1   0x00000003   PAD
    0x080072b4   0x080072b4   0x00000020   Data   RO         5782    Region$$Table       anon$$obj.o


    Execution Region RW_IRAM2 (Exec base: 0x10000000, Load base: 0x080073e4, Size: 0x00000000, Max: 0x00010000, ABSOLUTE)

    **** No section assigned to this execution region ****


    Execution Region RW_IRAM1 (Exec base: 0x20000000, Load base: 0x080072d4, Size: 0x00003990, Max: 0x00030000, ABSOLUTE)

    Exec Addr    Load Addr    Size         Type   Attr      Idx    E Section Name        Object

    0x20000000   0x080072d4   0x00000004   Data   RW           17    .data               main.o
    0x20000004   0x080072d8   0x00000004   Data   RW          272    .data               can.o
    0x20000008   0x080072dc   0x0000000c   Data   RW         1808    .data               stm32f4xx_hal.o
    0x20000014   0x080072e8   0x00000004   Data   RW         3383    .data               system_stm32f4xx.o
    0x20000018   0x080072ec   0x00000009   Data   RW         3422    .data               bsp_can.o
    0x20000021   0x080072f5   0x00000001   Data   RW         3663    .data               bsp_photogate.o
    0x20000022   0x080072f6   0x00000010   Data   RW         3708    .data               bsp_ultrawave.o
    0x20000032   0x08007306   0x00000002   PAD
    0x20000034   0x08007308   0x00000014   Data   RW         3967    .data               cjson.o
    0x20000048   0x0800731c   0x00000004   Data   RW         4534    .data               bsp_rc.o
    0x2000004c   0x08007320   0x00000004   Data   RW         4602    .data               bsp_485_battery.o
    0x20000050   0x08007324   0x00000004   Data   RW         4678    .data               bsp_485_rfid.o
    0x20000054   0x08007328   0x00000004   Data   RW         4755    .data               bsp_485_server.o
    0x20000058   0x0800732c   0x00000038   Data   RW         4832    .data               chassiscontroller.o
    0x20000090   0x08007364   0x0000003c   Data   RW         4893    .data               controllerdummy.o
    0x200000cc   0x080073a0   0x00000004   Data   RW         5001    .data               controllerrc.o
    0x200000d0   0x080073a4   0x0000000c   Data   RW         5043    .data               battery.o
    0x200000dc   0x080073b0   0x00000008   Data   RW         5123    .data               rc.o
    0x200000e4   0x080073b8   0x00000014   Data   RW         5183    .data               rfid.o
    0x200000f8   0x080073cc   0x0000000c   Data   RW         5254    .data               server.o
    0x20000104   0x080073d8   0x00000004   Data   RW         5743    .data               mc_w.l(stdout.o)
    0x20000108   0x080073dc   0x00000004   Data   RW         5752    .data               mc_w.l(mvars.o)
    0x2000010c   0x080073e0   0x00000004   Data   RW         5753    .data               mc_w.l(mvars.o)
    0x20000110        -       0x00000050   Zero   RW          271    .bss                can.o
    0x20000160        -       0x00000018   Zero   RW         3421    .bss                bsp_can.o
    0x20000178        -       0x00000090   Zero   RW         3707    .bss                bsp_ultrawave.o
    0x20000208        -       0x00000048   Zero   RW         3788    .bss                time.o
    0x20000250        -       0x00000044   Zero   RW         3821    .bss                bsp_debug_usart.o
    0x20000294        -       0x000000c8   Zero   RW         4533    .bss                bsp_rc.o
    0x2000035c        -       0x00000904   Zero   RW         4601    .bss                bsp_485_battery.o
    0x20000c60        -       0x00000304   Zero   RW         4677    .bss                bsp_485_rfid.o
    0x20000f64        -       0x00000504   Zero   RW         4753    .bss                bsp_485_server.o
    0x20001468        -       0x00000266   Zero   RW         4831    .bss                chassiscontroller.o
    0x200016ce   0x080073e4   0x00000002   PAD
    0x200016d0        -       0x00000040   Zero   RW         4891    .bss                controllerdummy.o
    0x20001710        -       0x00000030   Zero   RW         5000    .bss                controllerrc.o
    0x20001740        -       0x0000010c   Zero   RW         5042    .bss                battery.o
    0x2000184c        -       0x00000016   Zero   RW         5122    .bss                rc.o
    0x20001862   0x080073e4   0x00000002   PAD
    0x20001864        -       0x00000e2b   Zero   RW         5253    .bss                server.o
    0x2000268f   0x080073e4   0x00000001   PAD
    0x20002690        -       0x00000f00   Zero   RW            2    HEAP                startup_stm32f427xx.o
    0x20003590        -       0x00000400   Zero   RW            1    STACK               startup_stm32f427xx.o


==============================================================================

Image component sizes


      Code (inc. data)   RO Data    RW Data    ZI Data      Debug   Object Name

       546        108          0         12        268       7733   battery.o
       588         80          0          4       2308       6216   bsp_485_battery.o
       588         80          0          4        772       6076   bsp_485_rfid.o
       560         86          0          4       1284       6143   bsp_485_server.o
       300         34          0          9         24       3102   bsp_can.o
        24          4          0          0         68        765   bsp_debug_usart.o
        52          8          0          0          0        985   bsp_key.o
       224         24          0          0          0       3930   bsp_l298n.o
       112         12          0          0          0        974   bsp_led.o
       120         20          0          0          0       2029   bsp_limitswitch.o
       104         24          0          1          0       2196   bsp_photogate.o
       388         50          0          4        200       3330   bsp_rc.o
       216         20          0          0          0       1922   bsp_rgb.o
       448         38          0         16        144       2420   bsp_ultrawave.o
       380         38          0          4         80       2027   can.o
       592         42          0         56        614       4666   chassiscontroller.o
      2088         66          0         20          0      19528   cjson.o
      1724        206         69         60         64      12666   controllerdummy.o
       264         16          0          4         48       1801   controllerrc.o
       344         22          0          0          0       3785   first_order_filter.o
       108          6          0          0          0        971   gpio.o
       192         18          0          4          0     729202   main.o
       342         10          0          0          0       2074   pid.o
       292         20          0          8         22       4499   rc.o
       188         20          0         20          0       4124   rfid.o
      2886        984          0         12       3627      10923   server.o
        36          8        428          0       4864        848   startup_stm32f427xx.o
       144         24          0         12          0       9005   stm32f4xx_hal.o
      1658          6          0          0          0      14499   stm32f4xx_hal_can.o
       198         14          0          0          0      34027   stm32f4xx_hal_cortex.o
      1186         16          8          0          0       8798   stm32f4xx_hal_dma.o
       584         54          0          0          0       2915   stm32f4xx_hal_gpio.o
        48          6          0          0          0        878   stm32f4xx_hal_msp.o
      1348         76          0          0          0       5312   stm32f4xx_hal_rcc.o
      1330        136          0          0          0      11063   stm32f4xx_hal_tim.o
      2552         44          0          0          0      21103   stm32f4xx_hal_uart.o
       108         34          0          0          0       6702   stm32f4xx_it.o
        16          4         24          4          0       1163   system_stm32f4xx.o
        84          8          0          0         72       1036   time.o
        48         14          0          0          0     745862   usart_callback.o

    ----------------------------------------------------------------------
     23046       2480        564        260      14464    1707298   Object Totals
         0          0         32          0          0          0   (incl. Generated)
        36          0          3          2          5          0   (incl. Padding)

    ----------------------------------------------------------------------

      Code (inc. data)   RO Data    RW Data    ZI Data      Debug   Library Member Name

        40         10          0          0          0        128   strtod.o
        64          0          0          0          0         84   _sgetc.o
        40          6         64          0          0         68   ctype_c.o
         0          0          0          0          0          0   entry.o
         0          0          0          0          0          0   entry10a.o
         0          0          0          0          0          0   entry11a.o
         4          0          0          0          0          0   entry12b.o
         8          4          0          0          0          0   entry2.o
         4          0          0          0          0          0   entry5.o
         0          0          0          0          0          0   entry7b.o
         0          0          0          0          0          0   entry8b.o
         8          4          0          0          0          0   entry9a.o
        30          0          0          0          0          0   handlers.o
        36          8          0          0          0         68   init.o
        10          0          0          0          0         68   isspace_c.o
         0          0          0          0          0          0   iusefp.o
        30          0          0          0          0         68   llshl.o
        36          0          0          0          0         68   llsshr.o
        32          0          0          0          0         68   llushr.o
       360         30          0          0          0        356   mallocr.o
        36          0          0          0          0         68   memcpya.o
        36          0          0          0          0        108   memseta.o
         0          0          0          8          0          0   mvars.o
      2292         94          0          0          0        620   printfa.o
       878         12          0          0          0        216   scanf_fp.o
         0          0          0          4          0          0   stdout.o
        28          0          0          0          0         76   strcmp.o
        18          0          0          0          0         68   strcpy.o
        14          0          0          0          0         68   strlen.o
        30          0          0          0          0         80   strncmp.o
       156         12          0          0          0        120   strtod.o
        12          0          0          0          0         68   tolower.o
        44          0          0          0          0         80   uidiv.o
        98          0          0          0          0         92   uldiv.o
        48          0          0          0          0         68   cdcmple.o
        48          0          0          0          0         68   cdrcmple.o
        56          0          0          0          0         88   d2f.o
       334          0          0          0          0        148   dadd.o
       222          0          0          0          0        100   ddiv.o
       186          0          0          0          0        176   depilogue.o
        62          0          0          0          0         80   dfixi.o
        48          0          0          0          0         68   dfixul.o
        24          0          0          0          0         76   dfltul.o
       228          0          0          0          0         96   dmul.o
       110          0          0          0          0        168   fepilogue.o

    ----------------------------------------------------------------------
      5720        184         66         12          0       3776   Library Totals
        10          4          2          0          0          0   (incl. Padding)

    ----------------------------------------------------------------------

      Code (inc. data)   RO Data    RW Data    ZI Data      Debug   Library Name

        40         10          0          0          0        128   m_wm.l
      4304        170         64         12          0       2512   mc_w.l
      1366          0          0          0          0       1136   mf_w.l

    ----------------------------------------------------------------------
      5720        184         66         12          0       3776   Library Totals

    ----------------------------------------------------------------------

==============================================================================


      Code (inc. data)   RO Data    RW Data    ZI Data      Debug   

     28766       2664        630        272      14464    1685802   Grand Totals
     28766       2664        630        272      14464    1685802   ELF Image Totals
     28766       2664        630        272          0          0   ROM Totals

==============================================================================

    Total RO  Size (Code + RO Data)                29396 (  28.71kB)
    Total RW  Size (RW Data + ZI Data)             14736 (  14.39kB)
    Total ROM Size (Code + RO Data + RW Data)      29668 (  28.97kB)

==============================================================================

